2026-08-16 06:43:02,520 - INFO - 
======================================================================
2026-08-16 06:43:02,521 - INFO - [STARTUP] TekJobs Resume Downloader - Requests-based (No Selenium)
2026-08-16 06:43:02,521 - INFO - [STARTUP] HTTP Library: requests
2026-08-16 06:43:02,521 - INFO - [STARTUP] Environment: Hostinger Shared Hosting (Laravel Storage)
2026-08-16 06:43:02,521 - INFO - ======================================================================
2026-08-16 06:43:02,523 - INFO - [INIT] Tracking files initialized
2026-08-16 06:43:02,525 - INFO - [RESUME-SKIP] Loaded 177 previously downloaded IDs
2026-08-16 06:43:02,527 - INFO - [S3-RECOVERY] Loaded 177 S3 URLs
2026-08-16 06:43:02,527 - WARNING - [WARNING] Using hardcoded credentials. Set TEKJOBS_EMAIL and TEKJOBS_PASSWORD environment variables for production
2026-08-16 06:43:02,527 - INFO - [LOGIN] Lazy login mode - authenticate only on 401 error
2026-08-16 06:43:03,533 - INFO - [PARALLEL-DOWNLOAD] Parallel downloader started
2026-08-16 06:43:03,534 - INFO - [PARALLEL-DOWNLOAD] Parallel downloader thread started as daemon
2026-08-16 06:43:03,593 - INFO - [LOGIN] Lazy login mode - downloads starting immediately
2026-08-16 06:43:03,602 - INFO - [BULLETPROOF] Attempt 1/5
2026-08-16 06:43:03,617 - INFO - [FETCH-DEDUP] Loaded 9628 fetched resume IDs for deduplication
2026-08-16 06:43:20,483 - INFO - [FETCH] Resume list page 666 retrieved
2026-08-16 06:43:20,486 - INFO - [FETCH-STORE] Page 666: All IDs already fetched, no new data stored
2026-08-16 06:43:28,980 - ERROR - [DOWNLOAD] S3 status 403 for 6983ac22806bdffbd70ccb0b
2026-08-16 06:43:33,694 - INFO - [FETCH] Resume list page 667 retrieved
2026-08-16 06:43:33,696 - INFO - [PAGINATION] Total pages: 2, Total resumes: 15
2026-08-16 06:43:33,699 - INFO - [STORAGE] Using Laravel storage folder
2026-08-16 06:43:33,700 - INFO - [RESUME-SKIP] Skipped 67a11b01ec37d55c002bfa73 (already downloaded)
2026-08-16 06:43:33,701 - INFO - [RESUME-SKIP] Skipped 67a119fd51b41c0b0656a1e5 (already downloaded)
2026-08-16 06:43:33,702 - INFO - [RESUME-SKIP] Skipped 67a119d5cb386e211d6acb53 (already downloaded)
2026-08-16 06:43:33,703 - INFO - [RESUME-SKIP] Skipped 67a11967852e06212a510c59 (already downloaded)
2026-08-16 06:43:33,704 - INFO - [RESUME-SKIP] Skipped 67a1194d187a36653109e683 (already downloaded)
2026-08-16 06:43:33,705 - INFO - [RESUME-SKIP] Skipped 67a11885f06782696377bf73 (already downloaded)
2026-08-16 06:43:33,707 - INFO - [RESUME-SKIP] Skipped 67a117eb31ed79578e65eaa3 (already downloaded)
2026-08-16 06:43:33,708 - INFO - [RESUME-SKIP] Skipped 67a117a49e165a67a36f7b64 (already downloaded)
2026-08-16 06:43:33,709 - INFO - [RESUME-SKIP] Skipped 67a117698eb0773e0a440b45 (already downloaded)
2026-08-16 06:43:33,710 - INFO - [RESUME-SKIP] Skipped 67a1172e46adf866b51c6314 (already downloaded)
2026-08-16 06:43:33,711 - INFO - [RESUME-SKIP] Skipped 67a116a8c9bdd553e7079432 (already downloaded)
2026-08-16 06:43:33,712 - INFO - [RESUME-SKIP] Skipped 67a116051f3be06d055e7574 (already downloaded)
2026-08-16 06:43:33,713 - INFO - [RESUME-SKIP] Skipped 67a114e1c96daf3549109966 (already downloaded)
2026-08-16 06:43:33,714 - INFO - [RESUME-SKIP] Skipped 67a1144a28f39c14a13fdf53 (already downloaded)
2026-08-16 06:43:33,715 - INFO - [RESUME-SKIP] Skipped 67a113f0fe73ac07a35def94 (already downloaded)
2026-08-16 06:43:33,719 - INFO - [S3-RECOVERY] All files present, no recovery needed
2026-08-16 06:43:33,720 - INFO - [COMPLETE] Downloads - Skipped: 15, Successful: 0, Failed: 0, Total: 0
2026-08-16 06:43:33,721 - INFO - [S3-RECOVERY] Recovery - Recovered: 0, Failed: 0
2026-08-16 06:43:33,721 - INFO - [TRACKING] Resume links saved to: C:\xampp\htdocs\jobstek\storage\logs\resume_downloader\resume_links_20260816_064302.txt
2026-08-16 06:43:33,722 - INFO - [TRACKING] Errors tracked in: C:\xampp\htdocs\jobstek\storage\logs\resume_downloader\error_tracking_20260816_064302.txt
2026-08-16 06:43:33,723 - INFO - [TRACKING] Downloaded tracker saved to: C:\xampp\htdocs\jobstek\storage\resumes\downloaded_resumes.txt
2026-08-16 06:43:33,724 - INFO - [TRACKING] S3 URLs tracker saved to: C:\xampp\htdocs\jobstek\storage\resumes\resume_s3_urls.txt
2026-08-16 06:43:33,726 - INFO - [CRON-HEALTH] Cron heartbeat created
