2026-08-15 19:21:05,331 - INFO - 
======================================================================
2026-08-15 19:21:05,331 - INFO - [STARTUP] TekJobs Resume Downloader - Requests-based (No Selenium)
2026-08-15 19:21:05,331 - INFO - [STARTUP] HTTP Library: urllib (built-in - no dependencies)
2026-08-15 19:21:05,331 - INFO - [STARTUP] Environment: Hostinger Shared Hosting (Laravel Storage)
2026-08-15 19:21:05,331 - INFO - ======================================================================
2026-08-15 19:21:05,332 - INFO - [INIT] Tracking files initialized
2026-08-15 19:21:05,333 - INFO - [RESUME-SKIP] Loaded 131 previously downloaded IDs
2026-08-15 19:21:05,333 - INFO - [S3-RECOVERY] Loaded 131 S3 URLs
2026-08-15 19:21:05,334 - WARNING - [WARNING] Using hardcoded credentials. Set TEKJOBS_EMAIL and TEKJOBS_PASSWORD environment variables for production
2026-08-15 19:21:05,335 - INFO - [LOGIN] Lazy login mode - authenticate only on 401 error
2026-08-15 19:21:06,336 - INFO - [PARALLEL-DOWNLOAD] Parallel downloader started
2026-08-15 19:21:06,336 - INFO - [PARALLEL-DOWNLOAD] Parallel downloader thread started as daemon
2026-08-15 19:21:06,336 - INFO - [LOGIN] Lazy login mode - downloads starting immediately
2026-08-15 19:21:06,339 - INFO - [BULLETPROOF] Attempt 1/5
2026-08-15 19:21:06,347 - INFO - [FETCH-DEDUP] Loaded 7427 fetched resume IDs for deduplication
2026-08-15 19:21:23,527 - ERROR - [ERROR] Download failed for 6983ac22806bdffbd70ccb0b: URL can't contain control characters. '/eUi8nu-vHtIWP-pITqqs-Sai Lasya Priya Kamma 3.docx' (found at least ' ')
2026-08-15 19:21:30,402 - INFO - [FETCH] Resume list page 515 retrieved
2026-08-15 19:21:30,403 - INFO - [FETCH-STORE] Page 515: All IDs already fetched, no new data stored
2026-08-15 19:21:38,658 - INFO - [FETCH] Resume list page 516 retrieved
2026-08-15 19:21:38,658 - INFO - [FETCH-STORE] Page 516: 15 new IDs stored, 0 duplicates skipped
2026-08-15 19:21:46,781 - INFO - [FETCH] Resume list page 517 retrieved
2026-08-15 19:21:46,782 - INFO - [FETCH-STORE] Page 517: 15 new IDs stored, 0 duplicates skipped
2026-08-15 19:21:53,558 - INFO - [BULLETPROOF] Attempt 2/5
2026-08-15 19:21:54,904 - INFO - [FETCH] Resume list page 518 retrieved
2026-08-15 19:21:54,905 - INFO - [FETCH-STORE] Page 518: 15 new IDs stored, 0 duplicates skipped
2026-08-15 19:22:02,507 - ERROR - [ERROR] Download failed for 6983ac22806bdffbd70ccb0b: URL can't contain control characters. '/eUi8nu-vHtIWP-pITqqs-Sai Lasya Priya Kamma 3.docx' (found at least ' ')
2026-08-15 19:22:09,511 - INFO - [FETCH] Resume list page 519 retrieved
2026-08-15 19:22:09,512 - INFO - [FETCH-STORE] Page 519: 15 new IDs stored, 0 duplicates skipped
2026-08-15 19:22:17,726 - INFO - [FETCH] Resume list page 520 retrieved
2026-08-15 19:22:17,727 - INFO - [FETCH-STORE] Page 520: 15 new IDs stored, 0 duplicates skipped
2026-08-15 19:22:25,880 - INFO - [FETCH] Resume list page 521 retrieved
2026-08-15 19:22:25,880 - INFO - [FETCH-STORE] Page 521: 15 new IDs stored, 0 duplicates skipped
2026-08-15 19:22:32,538 - INFO - [BULLETPROOF] Attempt 3/5
2026-08-15 19:22:34,083 - INFO - [FETCH] Resume list page 522 retrieved
2026-08-15 19:22:34,084 - INFO - [FETCH-STORE] Page 522: 15 new IDs stored, 0 duplicates skipped
2026-08-15 19:22:41,454 - ERROR - [ERROR] Download failed for 6983ac22806bdffbd70ccb0b: URL can't contain control characters. '/eUi8nu-vHtIWP-pITqqs-Sai Lasya Priya Kamma 3.docx' (found at least ' ')
2026-08-15 19:22:48,418 - INFO - [FETCH] Resume list page 523 retrieved
2026-08-15 19:22:48,419 - INFO - [FETCH-STORE] Page 523: 14 new IDs stored, 0 duplicates skipped
2026-08-15 19:22:56,756 - INFO - [FETCH] Resume list page 524 retrieved
2026-08-15 19:22:56,757 - INFO - [FETCH-STORE] Page 524: 15 new IDs stored, 0 duplicates skipped
2026-08-15 19:23:04,936 - INFO - [FETCH] Resume list page 525 retrieved
2026-08-15 19:23:04,937 - INFO - [FETCH-STORE] Page 525: 15 new IDs stored, 0 duplicates skipped
2026-08-15 19:23:11,486 - INFO - [BULLETPROOF] Attempt 4/5
2026-08-15 19:23:13,170 - INFO - [FETCH] Resume list page 526 retrieved
2026-08-15 19:23:13,171 - INFO - [FETCH-STORE] Page 526: 13 new IDs stored, 0 duplicates skipped
2026-08-15 19:23:20,320 - ERROR - [ERROR] Download failed for 6983ac22806bdffbd70ccb0b: URL can't contain control characters. '/eUi8nu-vHtIWP-pITqqs-Sai Lasya Priya Kamma 3.docx' (found at least ' ')
2026-08-15 19:23:27,247 - INFO - [FETCH] Resume list page 527 retrieved
2026-08-15 19:23:27,248 - INFO - [FETCH-STORE] Page 527: 15 new IDs stored, 0 duplicates skipped
2026-08-15 19:23:35,391 - INFO - [FETCH] Resume list page 528 retrieved
2026-08-15 19:23:35,392 - INFO - [FETCH-STORE] Page 528: 15 new IDs stored, 0 duplicates skipped
2026-08-15 19:23:43,564 - INFO - [FETCH] Resume list page 529 retrieved
2026-08-15 19:23:43,565 - INFO - [FETCH-STORE] Page 529: 14 new IDs stored, 0 duplicates skipped
2026-08-15 19:23:50,355 - INFO - [BULLETPROOF] Attempt 5/5
2026-08-15 19:23:51,772 - INFO - [FETCH] Resume list page 530 retrieved
2026-08-15 19:23:51,772 - INFO - [FETCH-STORE] Page 530: 15 new IDs stored, 0 duplicates skipped
2026-08-15 19:23:59,305 - ERROR - [ERROR] Download failed for 6983ac22806bdffbd70ccb0b: URL can't contain control characters. '/eUi8nu-vHtIWP-pITqqs-Sai Lasya Priya Kamma 3.docx' (found at least ' ')
2026-08-15 19:23:59,306 - WARNING - [PARALLEL-DOWNLOAD] Failed to download 6983ac22806bdffbd70ccb0b after all retries
2026-08-15 19:24:06,323 - INFO - [FETCH] Resume list page 531 retrieved
2026-08-15 19:24:06,324 - INFO - [FETCH-STORE] Page 531: 14 new IDs stored, 0 duplicates skipped
2026-08-15 19:24:09,317 - INFO - [BULLETPROOF] Attempt 1/5
2026-08-15 19:24:14,457 - INFO - [FETCH] Resume list page 532 retrieved
2026-08-15 19:24:14,458 - INFO - [FETCH-STORE] Page 532: 14 new IDs stored, 0 duplicates skipped
2026-08-15 19:24:21,608 - ERROR - [ERROR] Download failed for 69727d42d656b893310f153b: URL can't contain control characters. '/Tkxxy2-pAEJx6-qR0t4e-Layaswi Resume.docx' (found at least ' ')
2026-08-15 19:24:28,599 - INFO - [FETCH] Resume list page 533 retrieved
2026-08-15 19:24:28,600 - INFO - [FETCH-STORE] Page 533: 15 new IDs stored, 0 duplicates skipped
2026-08-15 19:24:36,863 - INFO - [FETCH] Resume list page 534 retrieved
2026-08-15 19:24:36,864 - INFO - [FETCH-STORE] Page 534: 15 new IDs stored, 0 duplicates skipped
2026-08-15 19:24:44,969 - INFO - [FETCH] Resume list page 535 retrieved
2026-08-15 19:24:44,970 - INFO - [FETCH-STORE] Page 535: 15 new IDs stored, 0 duplicates skipped
2026-08-15 19:24:51,639 - INFO - [BULLETPROOF] Attempt 2/5
2026-08-15 19:24:53,093 - INFO - [FETCH] Resume list page 536 retrieved
2026-08-15 19:24:53,093 - INFO - [FETCH-STORE] Page 536: 15 new IDs stored, 0 duplicates skipped
2026-08-15 19:25:00,533 - ERROR - [ERROR] Download failed for 69727d42d656b893310f153b: URL can't contain control characters. '/Tkxxy2-pAEJx6-qR0t4e-Layaswi Resume.docx' (found at least ' ')
2026-08-15 19:25:07,446 - INFO - [FETCH] Resume list page 537 retrieved
2026-08-15 19:25:07,447 - INFO - [FETCH-STORE] Page 537: 15 new IDs stored, 0 duplicates skipped
2026-08-15 19:25:15,709 - INFO - [FETCH] Resume list page 538 retrieved
2026-08-15 19:25:15,710 - INFO - [FETCH-STORE] Page 538: 15 new IDs stored, 0 duplicates skipped
2026-08-15 19:25:24,005 - INFO - [FETCH] Resume list page 539 retrieved
2026-08-15 19:25:24,006 - INFO - [FETCH-STORE] Page 539: 15 new IDs stored, 0 duplicates skipped
2026-08-15 19:25:30,565 - INFO - [BULLETPROOF] Attempt 3/5
2026-08-15 19:25:32,381 - INFO - [FETCH] Resume list page 540 retrieved
2026-08-15 19:25:32,381 - INFO - [FETCH-STORE] Page 540: 15 new IDs stored, 0 duplicates skipped
2026-08-15 19:25:39,601 - ERROR - [ERROR] Download failed for 69727d42d656b893310f153b: URL can't contain control characters. '/Tkxxy2-pAEJx6-qR0t4e-Layaswi Resume.docx' (found at least ' ')
2026-08-15 19:25:46,531 - INFO - [FETCH] Resume list page 541 retrieved
2026-08-15 19:25:46,531 - INFO - [FETCH-STORE] Page 541: 15 new IDs stored, 0 duplicates skipped
2026-08-15 19:25:54,816 - INFO - [FETCH] Resume list page 542 retrieved
2026-08-15 19:25:54,816 - INFO - [FETCH-STORE] Page 542: 14 new IDs stored, 0 duplicates skipped
2026-08-15 19:26:03,014 - INFO - [FETCH] Resume list page 543 retrieved
2026-08-15 19:26:03,015 - INFO - [FETCH-STORE] Page 543: 11 new IDs stored, 0 duplicates skipped
2026-08-15 19:26:09,632 - INFO - [BULLETPROOF] Attempt 4/5
2026-08-15 19:26:11,189 - INFO - [FETCH] Resume list page 544 retrieved
2026-08-15 19:26:11,190 - INFO - [FETCH-STORE] Page 544: 15 new IDs stored, 0 duplicates skipped
2026-08-15 19:26:18,630 - ERROR - [ERROR] Download failed for 69727d42d656b893310f153b: URL can't contain control characters. '/Tkxxy2-pAEJx6-qR0t4e-Layaswi Resume.docx' (found at least ' ')
2026-08-15 19:26:19,383 - INFO - [FETCH] Resume list page 545 retrieved
2026-08-15 19:26:19,384 - INFO - [FETCH-STORE] Page 545: 15 new IDs stored, 0 duplicates skipped
2026-08-15 19:26:27,677 - INFO - [FETCH] Resume list page 546 retrieved
2026-08-15 19:26:27,678 - INFO - [FETCH-STORE] Page 546: 15 new IDs stored, 0 duplicates skipped
2026-08-15 19:26:35,872 - INFO - [FETCH] Resume list page 547 retrieved
2026-08-15 19:26:35,873 - INFO - [FETCH-STORE] Page 547: 15 new IDs stored, 0 duplicates skipped
2026-08-15 19:26:44,165 - INFO - [FETCH] Resume list page 548 retrieved
2026-08-15 19:26:44,165 - INFO - [FETCH-STORE] Page 548: 15 new IDs stored, 0 duplicates skipped
2026-08-15 19:26:48,661 - INFO - [BULLETPROOF] Attempt 5/5
2026-08-15 19:26:52,441 - INFO - [FETCH] Resume list page 549 retrieved
2026-08-15 19:26:52,442 - INFO - [FETCH-STORE] Page 549: 15 new IDs stored, 0 duplicates skipped
2026-08-15 19:26:59,592 - ERROR - [ERROR] Download failed for 69727d42d656b893310f153b: URL can't contain control characters. '/Tkxxy2-pAEJx6-qR0t4e-Layaswi Resume.docx' (found at least ' ')
2026-08-15 19:26:59,595 - WARNING - [PARALLEL-DOWNLOAD] Failed to download 69727d42d656b893310f153b after all retries
2026-08-15 19:27:06,468 - INFO - [FETCH] Resume list page 550 retrieved
2026-08-15 19:27:06,470 - INFO - [FETCH-STORE] Page 550: 15 new IDs stored, 0 duplicates skipped
2026-08-15 19:27:09,605 - INFO - [BULLETPROOF] Attempt 1/5
2026-08-15 19:27:14,682 - INFO - [FETCH] Resume list page 551 retrieved
2026-08-15 19:27:14,682 - INFO - [FETCH-STORE] Page 551: 14 new IDs stored, 0 duplicates skipped
2026-08-15 19:27:21,856 - ERROR - [ERROR] Download failed for 6983ac22806bdffbd70ccb0b: URL can't contain control characters. '/eUi8nu-vHtIWP-pITqqs-Sai Lasya Priya Kamma 3.docx' (found at least ' ')
2026-08-15 19:27:28,748 - INFO - [FETCH] Resume list page 552 retrieved
2026-08-15 19:27:28,749 - INFO - [FETCH-STORE] Page 552: 14 new IDs stored, 0 duplicates skipped
2026-08-15 19:27:36,974 - INFO - [FETCH] Resume list page 553 retrieved
2026-08-15 19:27:36,974 - INFO - [FETCH-STORE] Page 553: 15 new IDs stored, 0 duplicates skipped
2026-08-15 19:27:45,100 - INFO - [FETCH] Resume list page 554 retrieved
2026-08-15 19:27:45,102 - INFO - [FETCH-STORE] Page 554: 15 new IDs stored, 0 duplicates skipped
2026-08-15 19:27:51,888 - INFO - [BULLETPROOF] Attempt 2/5
2026-08-15 19:27:53,267 - INFO - [FETCH] Resume list page 555 retrieved
2026-08-15 19:27:53,268 - INFO - [FETCH-STORE] Page 555: 14 new IDs stored, 0 duplicates skipped
2026-08-15 19:28:00,706 - ERROR - [ERROR] Download failed for 6983ac22806bdffbd70ccb0b: URL can't contain control characters. '/eUi8nu-vHtIWP-pITqqs-Sai Lasya Priya Kamma 3.docx' (found at least ' ')
2026-08-15 19:28:07,531 - INFO - [FETCH] Resume list page 556 retrieved
2026-08-15 19:28:07,532 - INFO - [FETCH-STORE] Page 556: 13 new IDs stored, 0 duplicates skipped
2026-08-15 19:28:15,799 - INFO - [FETCH] Resume list page 557 retrieved
2026-08-15 19:28:15,800 - INFO - [FETCH-STORE] Page 557: 13 new IDs stored, 0 duplicates skipped
2026-08-15 19:28:24,093 - INFO - [FETCH] Resume list page 558 retrieved
2026-08-15 19:28:24,093 - INFO - [FETCH-STORE] Page 558: 15 new IDs stored, 0 duplicates skipped
2026-08-15 19:28:30,737 - INFO - [BULLETPROOF] Attempt 3/5
2026-08-15 19:28:32,230 - INFO - [FETCH] Resume list page 559 retrieved
2026-08-15 19:28:32,230 - INFO - [FETCH-STORE] Page 559: 15 new IDs stored, 0 duplicates skipped
2026-08-15 19:28:39,664 - ERROR - [ERROR] Download failed for 6983ac22806bdffbd70ccb0b: URL can't contain control characters. '/eUi8nu-vHtIWP-pITqqs-Sai Lasya Priya Kamma 3.docx' (found at least ' ')
2026-08-15 19:28:46,439 - INFO - [FETCH] Resume list page 560 retrieved
2026-08-15 19:28:46,440 - INFO - [FETCH-STORE] Page 560: 14 new IDs stored, 0 duplicates skipped
2026-08-15 19:28:54,606 - INFO - [FETCH] Resume list page 561 retrieved
2026-08-15 19:28:54,606 - INFO - [FETCH-STORE] Page 561: 15 new IDs stored, 0 duplicates skipped
2026-08-15 19:29:02,752 - INFO - [FETCH] Resume list page 562 retrieved
2026-08-15 19:29:02,752 - INFO - [FETCH-STORE] Page 562: 15 new IDs stored, 0 duplicates skipped
2026-08-15 19:29:09,695 - INFO - [BULLETPROOF] Attempt 4/5
2026-08-15 19:29:10,974 - INFO - [FETCH] Resume list page 563 retrieved
2026-08-15 19:29:10,975 - INFO - [FETCH-STORE] Page 563: 14 new IDs stored, 0 duplicates skipped
2026-08-15 19:29:18,570 - ERROR - [ERROR] Download failed for 6983ac22806bdffbd70ccb0b: URL can't contain control characters. '/eUi8nu-vHtIWP-pITqqs-Sai Lasya Priya Kamma 3.docx' (found at least ' ')
2026-08-15 19:29:25,537 - INFO - [FETCH] Resume list page 564 retrieved
2026-08-15 19:29:25,537 - INFO - [FETCH-STORE] Page 564: 14 new IDs stored, 0 duplicates skipped
2026-08-15 19:29:33,769 - INFO - [FETCH] Resume list page 565 retrieved
2026-08-15 19:29:33,770 - INFO - [FETCH-STORE] Page 565: 14 new IDs stored, 0 duplicates skipped
2026-08-15 19:29:41,947 - INFO - [FETCH] Resume list page 566 retrieved
2026-08-15 19:29:41,948 - INFO - [FETCH-STORE] Page 566: 14 new IDs stored, 0 duplicates skipped
2026-08-15 19:29:48,601 - INFO - [BULLETPROOF] Attempt 5/5
2026-08-15 19:29:50,151 - INFO - [FETCH] Resume list page 567 retrieved
2026-08-15 19:29:50,152 - INFO - [FETCH-STORE] Page 567: 14 new IDs stored, 0 duplicates skipped
2026-08-15 19:29:57,574 - ERROR - [ERROR] Download failed for 6983ac22806bdffbd70ccb0b: URL can't contain control characters. '/eUi8nu-vHtIWP-pITqqs-Sai Lasya Priya Kamma 3.docx' (found at least ' ')
2026-08-15 19:29:57,576 - WARNING - [PARALLEL-DOWNLOAD] Failed to download 6983ac22806bdffbd70ccb0b after all retries
2026-08-15 19:30:04,499 - INFO - [FETCH] Resume list page 568 retrieved
2026-08-15 19:30:04,500 - INFO - [FETCH-STORE] Page 568: 15 new IDs stored, 0 duplicates skipped
2026-08-15 19:30:07,586 - INFO - [BULLETPROOF] Attempt 1/5
2026-08-15 19:30:12,714 - INFO - [FETCH] Resume list page 569 retrieved
2026-08-15 19:30:12,715 - INFO - [FETCH-STORE] Page 569: 15 new IDs stored, 0 duplicates skipped
2026-08-15 19:30:19,766 - ERROR - [ERROR] Download failed for 69665a2422119809c30e879a: URL can't contain control characters. '/v2WA3B-ClglkF-RABbUB-Farman Ali Khan Resume.pdf' (found at least ' ')
2026-08-15 19:30:26,776 - INFO - [FETCH] Resume list page 570 retrieved
2026-08-15 19:30:26,777 - INFO - [FETCH-STORE] Page 570: 15 new IDs stored, 0 duplicates skipped
2026-08-15 19:30:35,133 - INFO - [FETCH] Resume list page 571 retrieved
2026-08-15 19:30:35,134 - INFO - [FETCH-STORE] Page 571: 15 new IDs stored, 0 duplicates skipped
2026-08-15 19:30:43,422 - INFO - [FETCH] Resume list page 572 retrieved
2026-08-15 19:30:43,423 - INFO - [FETCH-STORE] Page 572: 15 new IDs stored, 0 duplicates skipped
2026-08-15 19:30:49,798 - INFO - [BULLETPROOF] Attempt 2/5
2026-08-15 19:30:51,604 - INFO - [FETCH] Resume list page 573 retrieved
2026-08-15 19:30:51,605 - INFO - [FETCH-STORE] Page 573: 15 new IDs stored, 0 duplicates skipped
2026-08-15 19:30:58,743 - ERROR - [ERROR] Download failed for 69665a2422119809c30e879a: URL can't contain control characters. '/v2WA3B-ClglkF-RABbUB-Farman Ali Khan Resume.pdf' (found at least ' ')
2026-08-15 19:31:05,666 - INFO - [FETCH] Resume list page 574 retrieved
2026-08-15 19:31:05,667 - INFO - [FETCH-STORE] Page 574: 15 new IDs stored, 0 duplicates skipped
2026-08-15 19:31:13,853 - INFO - [FETCH] Resume list page 575 retrieved
2026-08-15 19:31:13,854 - INFO - [FETCH-STORE] Page 575: 13 new IDs stored, 0 duplicates skipped
2026-08-15 19:31:22,090 - INFO - [FETCH] Resume list page 576 retrieved
2026-08-15 19:31:22,091 - INFO - [FETCH-STORE] Page 576: 14 new IDs stored, 0 duplicates skipped
2026-08-15 19:31:28,775 - INFO - [BULLETPROOF] Attempt 3/5
2026-08-15 19:31:30,371 - INFO - [FETCH] Resume list page 577 retrieved
2026-08-15 19:31:30,371 - INFO - [FETCH-STORE] Page 577: 15 new IDs stored, 0 duplicates skipped
2026-08-15 19:31:37,675 - ERROR - [ERROR] Download failed for 69665a2422119809c30e879a: URL can't contain control characters. '/v2WA3B-ClglkF-RABbUB-Farman Ali Khan Resume.pdf' (found at least ' ')
2026-08-15 19:31:44,649 - INFO - [FETCH] Resume list page 578 retrieved
2026-08-15 19:31:44,649 - INFO - [FETCH-STORE] Page 578: 15 new IDs stored, 0 duplicates skipped
2026-08-15 19:31:53,050 - INFO - [FETCH] Resume list page 579 retrieved
2026-08-15 19:31:53,050 - INFO - [FETCH-STORE] Page 579: 15 new IDs stored, 0 duplicates skipped
2026-08-15 19:32:01,245 - INFO - [FETCH] Resume list page 580 retrieved
2026-08-15 19:32:01,245 - INFO - [FETCH-STORE] Page 580: 15 new IDs stored, 0 duplicates skipped
2026-08-15 19:32:07,707 - INFO - [BULLETPROOF] Attempt 4/5
2026-08-15 19:32:09,480 - INFO - [FETCH] Resume list page 581 retrieved
2026-08-15 19:32:09,481 - INFO - [FETCH-STORE] Page 581: 14 new IDs stored, 0 duplicates skipped
2026-08-15 19:32:16,738 - ERROR - [ERROR] Download failed for 69665a2422119809c30e879a: URL can't contain control characters. '/v2WA3B-ClglkF-RABbUB-Farman Ali Khan Resume.pdf' (found at least ' ')
2026-08-15 19:32:23,711 - INFO - [FETCH] Resume list page 582 retrieved
2026-08-15 19:32:23,711 - INFO - [FETCH-STORE] Page 582: 13 new IDs stored, 0 duplicates skipped
2026-08-15 19:32:31,822 - INFO - [FETCH] Resume list page 583 retrieved
2026-08-15 19:32:31,824 - INFO - [FETCH-STORE] Page 583: 14 new IDs stored, 0 duplicates skipped
2026-08-15 19:32:39,986 - INFO - [FETCH] Resume list page 584 retrieved
2026-08-15 19:32:39,987 - INFO - [FETCH-STORE] Page 584: 15 new IDs stored, 0 duplicates skipped
2026-08-15 19:32:46,770 - INFO - [BULLETPROOF] Attempt 5/5
2026-08-15 19:32:48,112 - INFO - [FETCH] Resume list page 585 retrieved
2026-08-15 19:32:48,113 - INFO - [FETCH-STORE] Page 585: 15 new IDs stored, 0 duplicates skipped
2026-08-15 19:32:55,658 - ERROR - [ERROR] Download failed for 69665a2422119809c30e879a: URL can't contain control characters. '/v2WA3B-ClglkF-RABbUB-Farman Ali Khan Resume.pdf' (found at least ' ')
2026-08-15 19:32:55,672 - WARNING - [PARALLEL-DOWNLOAD] Failed to download 69665a2422119809c30e879a after all retries
2026-08-15 19:33:02,681 - INFO - [FETCH] Resume list page 586 retrieved
2026-08-15 19:33:02,682 - INFO - [FETCH-STORE] Page 586: 14 new IDs stored, 0 duplicates skipped
2026-08-15 19:33:05,683 - INFO - [BULLETPROOF] Attempt 1/5
2026-08-15 19:33:10,838 - INFO - [FETCH] Resume list page 587 retrieved
2026-08-15 19:33:10,839 - INFO - [FETCH-STORE] Page 587: 15 new IDs stored, 0 duplicates skipped
2026-08-15 19:33:18,104 - ERROR - [ERROR] Download failed for 69727d42d656b893310f153b: URL can't contain control characters. '/Tkxxy2-pAEJx6-qR0t4e-Layaswi Resume.docx' (found at least ' ')
2026-08-15 19:33:25,175 - INFO - [FETCH] Resume list page 588 retrieved
2026-08-15 19:33:25,176 - INFO - [FETCH-STORE] Page 588: 15 new IDs stored, 0 duplicates skipped
2026-08-15 19:33:33,319 - INFO - [FETCH] Resume list page 589 retrieved
2026-08-15 19:33:33,320 - INFO - [FETCH-STORE] Page 589: 15 new IDs stored, 0 duplicates skipped
2026-08-15 19:33:41,375 - INFO - [FETCH] Resume list page 590 retrieved
2026-08-15 19:33:41,376 - INFO - [FETCH-STORE] Page 590: 15 new IDs stored, 0 duplicates skipped
2026-08-15 19:33:48,136 - INFO - [BULLETPROOF] Attempt 2/5
2026-08-15 19:33:49,526 - INFO - [FETCH] Resume list page 591 retrieved
2026-08-15 19:33:49,527 - INFO - [FETCH-STORE] Page 591: 15 new IDs stored, 0 duplicates skipped
2026-08-15 19:33:56,880 - ERROR - [ERROR] Download failed for 69727d42d656b893310f153b: URL can't contain control characters. '/Tkxxy2-pAEJx6-qR0t4e-Layaswi Resume.docx' (found at least ' ')
2026-08-15 19:34:03,829 - INFO - [FETCH] Resume list page 592 retrieved
2026-08-15 19:34:03,831 - INFO - [FETCH-STORE] Page 592: 15 new IDs stored, 0 duplicates skipped
2026-08-15 19:34:12,113 - INFO - [FETCH] Resume list page 593 retrieved
2026-08-15 19:34:12,114 - INFO - [FETCH-STORE] Page 593: 15 new IDs stored, 0 duplicates skipped
2026-08-15 19:34:20,267 - INFO - [FETCH] Resume list page 594 retrieved
2026-08-15 19:34:20,268 - INFO - [FETCH-STORE] Page 594: 14 new IDs stored, 0 duplicates skipped
2026-08-15 19:34:26,912 - INFO - [BULLETPROOF] Attempt 3/5
2026-08-15 19:34:28,477 - INFO - [FETCH] Resume list page 595 retrieved
2026-08-15 19:34:28,478 - INFO - [FETCH-STORE] Page 595: 14 new IDs stored, 0 duplicates skipped
2026-08-15 19:34:35,874 - ERROR - [ERROR] Download failed for 69727d42d656b893310f153b: URL can't contain control characters. '/Tkxxy2-pAEJx6-qR0t4e-Layaswi Resume.docx' (found at least ' ')
2026-08-15 19:34:42,827 - INFO - [FETCH] Resume list page 596 retrieved
2026-08-15 19:34:42,828 - INFO - [FETCH-STORE] Page 596: 14 new IDs stored, 0 duplicates skipped
2026-08-15 19:34:51,119 - INFO - [FETCH] Resume list page 597 retrieved
2026-08-15 19:34:51,120 - INFO - [FETCH-STORE] Page 597: 14 new IDs stored, 0 duplicates skipped
2026-08-15 19:34:59,282 - INFO - [FETCH] Resume list page 598 retrieved
2026-08-15 19:34:59,283 - INFO - [FETCH-STORE] Page 598: 14 new IDs stored, 0 duplicates skipped
2026-08-15 19:35:05,906 - INFO - [BULLETPROOF] Attempt 4/5
2026-08-15 19:35:07,450 - INFO - [FETCH] Resume list page 599 retrieved
2026-08-15 19:35:07,450 - INFO - [FETCH-STORE] Page 599: 14 new IDs stored, 0 duplicates skipped
2026-08-15 19:35:14,819 - ERROR - [ERROR] Download failed for 69727d42d656b893310f153b: URL can't contain control characters. '/Tkxxy2-pAEJx6-qR0t4e-Layaswi Resume.docx' (found at least ' ')
2026-08-15 19:35:21,649 - INFO - [FETCH] Resume list page 600 retrieved
2026-08-15 19:35:21,650 - INFO - [FETCH-STORE] Page 600: 14 new IDs stored, 0 duplicates skipped
2026-08-15 19:35:29,963 - INFO - [FETCH] Resume list page 601 retrieved
2026-08-15 19:35:29,963 - INFO - [FETCH-STORE] Page 601: 15 new IDs stored, 0 duplicates skipped
2026-08-15 19:35:38,210 - INFO - [FETCH] Resume list page 602 retrieved
2026-08-15 19:35:38,211 - INFO - [FETCH-STORE] Page 602: 15 new IDs stored, 0 duplicates skipped
2026-08-15 19:35:44,851 - INFO - [BULLETPROOF] Attempt 5/5
2026-08-15 19:35:46,405 - INFO - [FETCH] Resume list page 603 retrieved
2026-08-15 19:35:46,406 - INFO - [FETCH-STORE] Page 603: 15 new IDs stored, 0 duplicates skipped
2026-08-15 19:35:53,845 - ERROR - [ERROR] Download failed for 69727d42d656b893310f153b: URL can't contain control characters. '/Tkxxy2-pAEJx6-qR0t4e-Layaswi Resume.docx' (found at least ' ')
2026-08-15 19:35:53,847 - WARNING - [PARALLEL-DOWNLOAD] Failed to download 69727d42d656b893310f153b after all retries
2026-08-15 19:36:00,712 - INFO - [FETCH] Resume list page 604 retrieved
2026-08-15 19:36:00,713 - INFO - [FETCH-STORE] Page 604: 15 new IDs stored, 0 duplicates skipped
2026-08-15 19:36:03,857 - INFO - [BULLETPROOF] Attempt 1/5
2026-08-15 19:36:08,983 - INFO - [FETCH] Resume list page 605 retrieved
2026-08-15 19:36:08,984 - INFO - [FETCH-STORE] Page 605: 15 new IDs stored, 0 duplicates skipped
2026-08-15 19:36:16,927 - ERROR - [DOWNLOAD] S3 status 403 for 693b2eef9fe60e44d60b817f
2026-08-15 19:36:23,104 - INFO - [FETCH] Resume list page 606 retrieved
2026-08-15 19:36:23,105 - INFO - [FETCH-STORE] Page 606: 15 new IDs stored, 0 duplicates skipped
2026-08-15 19:36:31,250 - INFO - [FETCH] Resume list page 607 retrieved
2026-08-15 19:36:31,251 - INFO - [FETCH-STORE] Page 607: 14 new IDs stored, 0 duplicates skipped
2026-08-15 19:36:39,405 - INFO - [FETCH] Resume list page 608 retrieved
2026-08-15 19:36:39,405 - INFO - [FETCH-STORE] Page 608: 15 new IDs stored, 0 duplicates skipped
2026-08-15 19:36:46,958 - INFO - [BULLETPROOF] Attempt 2/5
2026-08-15 19:36:47,606 - INFO - [FETCH] Resume list page 609 retrieved
2026-08-15 19:36:47,607 - INFO - [FETCH-STORE] Page 609: 14 new IDs stored, 0 duplicates skipped
2026-08-15 19:36:56,603 - ERROR - [DOWNLOAD] S3 status 403 for 693b2eef9fe60e44d60b817f
2026-08-15 19:37:02,773 - INFO - [FETCH] Resume list page 610 retrieved
2026-08-15 19:37:02,774 - INFO - [FETCH-STORE] Page 610: 13 new IDs stored, 0 duplicates skipped
2026-08-15 19:37:10,897 - INFO - [FETCH] Resume list page 611 retrieved
2026-08-15 19:37:10,898 - INFO - [FETCH-STORE] Page 611: 14 new IDs stored, 0 duplicates skipped
2026-08-15 19:37:19,129 - INFO - [FETCH] Resume list page 612 retrieved
2026-08-15 19:37:19,130 - INFO - [FETCH-STORE] Page 612: 13 new IDs stored, 0 duplicates skipped
2026-08-15 19:37:26,629 - INFO - [BULLETPROOF] Attempt 3/5
2026-08-15 19:37:27,287 - INFO - [FETCH] Resume list page 613 retrieved
2026-08-15 19:37:27,288 - INFO - [FETCH-STORE] Page 613: 15 new IDs stored, 0 duplicates skipped
2026-08-15 19:37:36,259 - ERROR - [DOWNLOAD] S3 status 403 for 693b2eef9fe60e44d60b817f
2026-08-15 19:37:42,493 - INFO - [FETCH] Resume list page 614 retrieved
2026-08-15 19:37:42,493 - INFO - [FETCH-STORE] Page 614: 15 new IDs stored, 0 duplicates skipped
2026-08-15 19:37:50,705 - INFO - [FETCH] Resume list page 615 retrieved
2026-08-15 19:37:50,706 - INFO - [FETCH-STORE] Page 615: 15 new IDs stored, 0 duplicates skipped
2026-08-15 19:37:58,871 - INFO - [FETCH] Resume list page 616 retrieved
2026-08-15 19:37:58,871 - INFO - [FETCH-STORE] Page 616: 15 new IDs stored, 0 duplicates skipped
2026-08-15 19:38:06,290 - INFO - [BULLETPROOF] Attempt 4/5
2026-08-15 19:38:07,145 - INFO - [FETCH] Resume list page 617 retrieved
2026-08-15 19:38:07,146 - INFO - [FETCH-STORE] Page 617: 15 new IDs stored, 0 duplicates skipped
2026-08-15 19:38:15,985 - ERROR - [DOWNLOAD] S3 status 403 for 693b2eef9fe60e44d60b817f
2026-08-15 19:38:22,214 - INFO - [FETCH] Resume list page 618 retrieved
2026-08-15 19:38:22,215 - INFO - [FETCH-STORE] Page 618: 15 new IDs stored, 0 duplicates skipped
2026-08-15 19:38:30,447 - INFO - [FETCH] Resume list page 619 retrieved
2026-08-15 19:38:30,448 - INFO - [FETCH-STORE] Page 619: 15 new IDs stored, 0 duplicates skipped
2026-08-15 19:38:38,684 - INFO - [FETCH] Resume list page 620 retrieved
2026-08-15 19:38:38,685 - INFO - [FETCH-STORE] Page 620: 15 new IDs stored, 0 duplicates skipped
2026-08-15 19:38:46,016 - INFO - [BULLETPROOF] Attempt 5/5
2026-08-15 19:38:46,763 - INFO - [FETCH] Resume list page 621 retrieved
2026-08-15 19:38:46,763 - INFO - [FETCH-STORE] Page 621: 15 new IDs stored, 0 duplicates skipped
2026-08-15 19:38:55,716 - ERROR - [DOWNLOAD] S3 status 403 for 693b2eef9fe60e44d60b817f
2026-08-15 19:38:55,716 - WARNING - [PARALLEL-DOWNLOAD] Failed to download 693b2eef9fe60e44d60b817f after all retries
2026-08-15 19:39:01,875 - INFO - [FETCH] Resume list page 622 retrieved
2026-08-15 19:39:01,875 - INFO - [FETCH-STORE] Page 622: 15 new IDs stored, 0 duplicates skipped
2026-08-15 19:39:05,726 - INFO - [BULLETPROOF] Attempt 1/5
2026-08-15 19:39:10,109 - INFO - [FETCH] Resume list page 623 retrieved
2026-08-15 19:39:10,110 - INFO - [FETCH-STORE] Page 623: 15 new IDs stored, 0 duplicates skipped
2026-08-15 19:39:17,311 - ERROR - [ERROR] Download failed for 693b06991f5534ad8007e62e: URL can't contain control characters. '/GzEy12-0C5TCs-HsXd5D-Grithik Java Full Stack Developer (1).pdf' (found at least ' ')
2026-08-15 19:39:24,235 - INFO - [FETCH] Resume list page 624 retrieved
2026-08-15 19:39:24,236 - INFO - [FETCH-STORE] Page 624: 15 new IDs stored, 0 duplicates skipped
2026-08-15 19:39:32,444 - INFO - [FETCH] Resume list page 625 retrieved
2026-08-15 19:39:32,445 - INFO - [FETCH-STORE] Page 625: 15 new IDs stored, 0 duplicates skipped
2026-08-15 19:39:40,633 - INFO - [FETCH] Resume list page 626 retrieved
2026-08-15 19:39:40,633 - INFO - [FETCH-STORE] Page 626: 13 new IDs stored, 0 duplicates skipped
2026-08-15 19:39:47,343 - INFO - [BULLETPROOF] Attempt 2/5
2026-08-15 19:39:48,828 - INFO - [FETCH] Resume list page 627 retrieved
2026-08-15 19:39:48,828 - INFO - [FETCH-STORE] Page 627: 15 new IDs stored, 0 duplicates skipped
2026-08-15 19:39:56,214 - ERROR - [ERROR] Download failed for 693b06991f5534ad8007e62e: URL can't contain control characters. '/GzEy12-0C5TCs-HsXd5D-Grithik Java Full Stack Developer (1).pdf' (found at least ' ')
2026-08-15 19:40:03,144 - INFO - [FETCH] Resume list page 628 retrieved
2026-08-15 19:40:03,145 - INFO - [FETCH-STORE] Page 628: 14 new IDs stored, 0 duplicates skipped
2026-08-15 19:40:11,336 - INFO - [FETCH] Resume list page 629 retrieved
2026-08-15 19:40:11,337 - INFO - [FETCH-STORE] Page 629: 15 new IDs stored, 0 duplicates skipped
2026-08-15 19:40:19,576 - INFO - [FETCH] Resume list page 630 retrieved
2026-08-15 19:40:19,577 - INFO - [FETCH-STORE] Page 630: 15 new IDs stored, 0 duplicates skipped
2026-08-15 19:40:26,245 - INFO - [BULLETPROOF] Attempt 3/5
2026-08-15 19:40:27,656 - INFO - [FETCH] Resume list page 631 retrieved
2026-08-15 19:40:27,657 - INFO - [FETCH-STORE] Page 631: 15 new IDs stored, 0 duplicates skipped
2026-08-15 19:40:35,230 - ERROR - [ERROR] Download failed for 693b06991f5534ad8007e62e: URL can't contain control characters. '/GzEy12-0C5TCs-HsXd5D-Grithik Java Full Stack Developer (1).pdf' (found at least ' ')
2026-08-15 19:40:42,123 - INFO - [FETCH] Resume list page 632 retrieved
2026-08-15 19:40:42,124 - INFO - [FETCH-STORE] Page 632: 15 new IDs stored, 0 duplicates skipped
2026-08-15 19:40:50,353 - INFO - [FETCH] Resume list page 633 retrieved
2026-08-15 19:40:50,354 - INFO - [FETCH-STORE] Page 633: 15 new IDs stored, 0 duplicates skipped
2026-08-15 19:40:58,641 - INFO - [FETCH] Resume list page 634 retrieved
2026-08-15 19:40:58,641 - INFO - [FETCH-STORE] Page 634: 14 new IDs stored, 0 duplicates skipped
2026-08-15 19:41:05,264 - INFO - [BULLETPROOF] Attempt 4/5
2026-08-15 19:41:06,768 - INFO - [FETCH] Resume list page 635 retrieved
2026-08-15 19:41:06,769 - INFO - [FETCH-STORE] Page 635: 15 new IDs stored, 0 duplicates skipped
2026-08-15 19:41:14,174 - ERROR - [ERROR] Download failed for 693b06991f5534ad8007e62e: URL can't contain control characters. '/GzEy12-0C5TCs-HsXd5D-Grithik Java Full Stack Developer (1).pdf' (found at least ' ')
2026-08-15 19:41:21,052 - INFO - [FETCH] Resume list page 636 retrieved
2026-08-15 19:41:21,053 - INFO - [FETCH-STORE] Page 636: 15 new IDs stored, 0 duplicates skipped
2026-08-15 19:41:29,152 - INFO - [FETCH] Resume list page 637 retrieved
2026-08-15 19:41:29,153 - INFO - [FETCH-STORE] Page 637: 14 new IDs stored, 0 duplicates skipped
2026-08-15 19:41:37,336 - INFO - [FETCH] Resume list page 638 retrieved
2026-08-15 19:41:37,336 - INFO - [FETCH-STORE] Page 638: 15 new IDs stored, 0 duplicates skipped
2026-08-15 19:41:44,206 - INFO - [BULLETPROOF] Attempt 5/5
2026-08-15 19:41:45,531 - INFO - [FETCH] Resume list page 639 retrieved
2026-08-15 19:41:45,532 - INFO - [FETCH-STORE] Page 639: 15 new IDs stored, 0 duplicates skipped
2026-08-15 19:41:53,048 - ERROR - [ERROR] Download failed for 693b06991f5534ad8007e62e: URL can't contain control characters. '/GzEy12-0C5TCs-HsXd5D-Grithik Java Full Stack Developer (1).pdf' (found at least ' ')
2026-08-15 19:41:53,050 - WARNING - [PARALLEL-DOWNLOAD] Failed to download 693b06991f5534ad8007e62e after all retries
2026-08-15 19:41:59,878 - INFO - [FETCH] Resume list page 640 retrieved
2026-08-15 19:41:59,879 - INFO - [FETCH-STORE] Page 640: 15 new IDs stored, 0 duplicates skipped
2026-08-15 19:42:03,061 - INFO - [BULLETPROOF] Attempt 1/5
2026-08-15 19:42:08,029 - INFO - [FETCH] Resume list page 641 retrieved
2026-08-15 19:42:08,030 - INFO - [FETCH-STORE] Page 641: 13 new IDs stored, 0 duplicates skipped
2026-08-15 19:42:15,146 - ERROR - [ERROR] Download failed for 69665a2422119809c30e879a: URL can't contain control characters. '/v2WA3B-ClglkF-RABbUB-Farman Ali Khan Resume.pdf' (found at least ' ')
2026-08-15 19:42:22,142 - INFO - [FETCH] Resume list page 642 retrieved
2026-08-15 19:42:22,143 - INFO - [FETCH-STORE] Page 642: 15 new IDs stored, 0 duplicates skipped
2026-08-15 19:42:30,299 - INFO - [FETCH] Resume list page 643 retrieved
2026-08-15 19:42:30,300 - INFO - [FETCH-STORE] Page 643: 15 new IDs stored, 0 duplicates skipped
2026-08-15 19:42:38,402 - INFO - [FETCH] Resume list page 644 retrieved
2026-08-15 19:42:38,403 - INFO - [FETCH-STORE] Page 644: 15 new IDs stored, 0 duplicates skipped
2026-08-15 19:42:45,177 - INFO - [BULLETPROOF] Attempt 2/5
2026-08-15 19:42:46,587 - INFO - [FETCH] Resume list page 645 retrieved
2026-08-15 19:42:46,587 - INFO - [FETCH-STORE] Page 645: 14 new IDs stored, 0 duplicates skipped
2026-08-15 19:42:54,116 - ERROR - [ERROR] Download failed for 69665a2422119809c30e879a: URL can't contain control characters. '/v2WA3B-ClglkF-RABbUB-Farman Ali Khan Resume.pdf' (found at least ' ')
2026-08-15 19:43:01,070 - INFO - [FETCH] Resume list page 646 retrieved
2026-08-15 19:43:01,070 - INFO - [FETCH-STORE] Page 646: 15 new IDs stored, 0 duplicates skipped
2026-08-15 19:43:09,505 - INFO - [FETCH] Resume list page 647 retrieved
2026-08-15 19:43:09,506 - INFO - [FETCH-STORE] Page 647: 15 new IDs stored, 0 duplicates skipped
2026-08-15 19:43:17,727 - INFO - [FETCH] Resume list page 648 retrieved
2026-08-15 19:43:17,727 - INFO - [FETCH-STORE] Page 648: 15 new IDs stored, 0 duplicates skipped
2026-08-15 19:43:24,148 - INFO - [BULLETPROOF] Attempt 3/5
2026-08-15 19:43:25,859 - INFO - [FETCH] Resume list page 649 retrieved
2026-08-15 19:43:25,860 - INFO - [FETCH-STORE] Page 649: 15 new IDs stored, 0 duplicates skipped
2026-08-15 19:43:33,017 - ERROR - [ERROR] Download failed for 69665a2422119809c30e879a: URL can't contain control characters. '/v2WA3B-ClglkF-RABbUB-Farman Ali Khan Resume.pdf' (found at least ' ')
2026-08-15 19:43:39,917 - INFO - [FETCH] Resume list page 650 retrieved
2026-08-15 19:43:39,918 - INFO - [FETCH-STORE] Page 650: 14 new IDs stored, 0 duplicates skipped
2026-08-15 19:43:48,052 - INFO - [FETCH] Resume list page 651 retrieved
2026-08-15 19:43:48,052 - INFO - [FETCH-STORE] Page 651: 14 new IDs stored, 0 duplicates skipped
2026-08-15 19:43:56,233 - INFO - [FETCH] Resume list page 652 retrieved
2026-08-15 19:43:56,233 - INFO - [FETCH-STORE] Page 652: 14 new IDs stored, 0 duplicates skipped
2026-08-15 19:44:03,050 - INFO - [BULLETPROOF] Attempt 4/5
2026-08-15 19:44:04,470 - INFO - [FETCH] Resume list page 653 retrieved
2026-08-15 19:44:04,471 - INFO - [FETCH-STORE] Page 653: 15 new IDs stored, 0 duplicates skipped
2026-08-15 19:44:11,961 - ERROR - [ERROR] Download failed for 69665a2422119809c30e879a: URL can't contain control characters. '/v2WA3B-ClglkF-RABbUB-Farman Ali Khan Resume.pdf' (found at least ' ')
2026-08-15 19:44:18,855 - INFO - [FETCH] Resume list page 654 retrieved
2026-08-15 19:44:18,855 - INFO - [FETCH-STORE] Page 654: 15 new IDs stored, 0 duplicates skipped
2026-08-15 19:44:27,131 - INFO - [FETCH] Resume list page 655 retrieved
2026-08-15 19:44:27,131 - INFO - [FETCH-STORE] Page 655: 13 new IDs stored, 0 duplicates skipped
2026-08-15 19:44:35,292 - INFO - [FETCH] Resume list page 656 retrieved
2026-08-15 19:44:35,293 - INFO - [FETCH-STORE] Page 656: 14 new IDs stored, 0 duplicates skipped
2026-08-15 19:44:41,992 - INFO - [BULLETPROOF] Attempt 5/5
2026-08-15 19:44:43,389 - INFO - [FETCH] Resume list page 657 retrieved
2026-08-15 19:44:43,390 - INFO - [FETCH-STORE] Page 657: 15 new IDs stored, 0 duplicates skipped
2026-08-15 19:44:50,946 - ERROR - [ERROR] Download failed for 69665a2422119809c30e879a: URL can't contain control characters. '/v2WA3B-ClglkF-RABbUB-Farman Ali Khan Resume.pdf' (found at least ' ')
2026-08-15 19:44:50,948 - WARNING - [PARALLEL-DOWNLOAD] Failed to download 69665a2422119809c30e879a after all retries
2026-08-15 19:44:57,841 - INFO - [FETCH] Resume list page 658 retrieved
2026-08-15 19:44:57,841 - INFO - [FETCH-STORE] Page 658: 15 new IDs stored, 0 duplicates skipped
2026-08-15 19:45:00,959 - INFO - [BULLETPROOF] Attempt 1/5
2026-08-15 19:45:06,056 - INFO - [FETCH] Resume list page 659 retrieved
2026-08-15 19:45:06,057 - INFO - [FETCH-STORE] Page 659: 14 new IDs stored, 0 duplicates skipped
2026-08-15 19:45:13,184 - INFO - [DETAIL] S3 URL extracted for 69397ba6d01985d80205f645
2026-08-15 19:45:14,602 - INFO - [DOWNLOAD] Success: Mayank_Mahajan_Resume_1u5vKB_lxTw3i.pdf (76263 bytes) from S3
2026-08-15 19:45:14,605 - INFO - [RESUME-SKIP] Marked 69397ba6d01985d80205f645 as downloaded
2026-08-15 19:45:14,613 - INFO - [S3-RECOVERY] Stored S3 URL for 69397ba6d01985d80205f645
2026-08-15 19:45:14,613 - INFO - [BULLETPROOF] Success on attempt 1
2026-08-15 19:45:14,614 - INFO - [PARALLEL-DOWNLOAD] Successfully downloaded 69397ba6d01985d80205f645
2026-08-15 19:45:20,171 - INFO - [FETCH] Resume list page 660 retrieved
2026-08-15 19:45:20,172 - INFO - [FETCH-STORE] Page 660: 14 new IDs stored, 0 duplicates skipped
2026-08-15 19:45:24,624 - INFO - [BULLETPROOF] Attempt 1/5
2026-08-15 19:45:28,392 - INFO - [FETCH] Resume list page 661 retrieved
2026-08-15 19:45:28,392 - INFO - [FETCH-STORE] Page 661: 15 new IDs stored, 0 duplicates skipped
2026-08-15 19:45:35,645 - INFO - [DETAIL] S3 URL extracted for 69397383c5f2526eec0d1ccd
2026-08-15 19:45:37,217 - INFO - [DOWNLOAD] Success: Dipti_Suchak_Resume_RUcILr_wrU8r9.pdf (144390 bytes) from S3
2026-08-15 19:45:37,218 - INFO - [RESUME-SKIP] Marked 69397383c5f2526eec0d1ccd as downloaded
2026-08-15 19:45:37,219 - INFO - [S3-RECOVERY] Stored S3 URL for 69397383c5f2526eec0d1ccd
2026-08-15 19:45:37,219 - INFO - [BULLETPROOF] Success on attempt 1
2026-08-15 19:45:37,219 - INFO - [PARALLEL-DOWNLOAD] Successfully downloaded 69397383c5f2526eec0d1ccd
2026-08-15 19:45:42,662 - INFO - [FETCH] Resume list page 662 retrieved
2026-08-15 19:45:42,663 - INFO - [FETCH-STORE] Page 662: 15 new IDs stored, 0 duplicates skipped
2026-08-15 19:45:47,229 - INFO - [BULLETPROOF] Attempt 1/5
2026-08-15 19:45:50,755 - INFO - [FETCH] Resume list page 663 retrieved
2026-08-15 19:45:50,755 - INFO - [FETCH-STORE] Page 663: 15 new IDs stored, 0 duplicates skipped
2026-08-15 19:45:57,947 - INFO - [DETAIL] S3 URL extracted for 6938e67fd1d23bd57b0fcaef
2026-08-15 19:45:58,987 - INFO - [DOWNLOAD] Success: SnehaRanga_QA_Resume__3ZOqWv_Qq3uzJ.docx (19217 bytes) from S3
2026-08-15 19:45:58,987 - INFO - [RESUME-SKIP] Marked 6938e67fd1d23bd57b0fcaef as downloaded
2026-08-15 19:45:58,987 - INFO - [S3-RECOVERY] Stored S3 URL for 6938e67fd1d23bd57b0fcaef
2026-08-15 19:45:58,987 - INFO - [BULLETPROOF] Success on attempt 1
2026-08-15 19:45:58,988 - INFO - [PARALLEL-DOWNLOAD] Successfully downloaded 6938e67fd1d23bd57b0fcaef
2026-08-15 19:46:04,976 - INFO - [FETCH] Resume list page 664 retrieved
2026-08-15 19:46:04,977 - INFO - [FETCH-STORE] Page 664: 15 new IDs stored, 0 duplicates skipped
2026-08-15 19:46:08,997 - INFO - [BULLETPROOF] Attempt 1/5
2026-08-15 19:46:13,220 - INFO - [FETCH] Resume list page 665 retrieved
2026-08-15 19:46:13,220 - INFO - [FETCH-STORE] Page 665: 13 new IDs stored, 0 duplicates skipped
2026-08-15 19:46:20,471 - INFO - [DETAIL] S3 URL extracted for 6938d732b6cd091916039395
2026-08-15 19:46:21,812 - INFO - [DOWNLOAD] Success: Sneha_Dara_Oracle_fusion_HCM_docx_1_1__8y33Gl_K38yrt.pdf (110364 bytes) from S3
2026-08-15 19:46:21,812 - INFO - [RESUME-SKIP] Marked 6938d732b6cd091916039395 as downloaded
2026-08-15 19:46:21,813 - INFO - [S3-RECOVERY] Stored S3 URL for 6938d732b6cd091916039395
2026-08-15 19:46:21,813 - INFO - [BULLETPROOF] Success on attempt 1
2026-08-15 19:46:21,813 - INFO - [PARALLEL-DOWNLOAD] Successfully downloaded 6938d732b6cd091916039395
2026-08-15 19:46:27,505 - INFO - [FETCH] Resume list page 666 retrieved
2026-08-15 19:46:27,506 - INFO - [FETCH-STORE] Page 666: 15 new IDs stored, 0 duplicates skipped
2026-08-15 19:46:31,823 - INFO - [BULLETPROOF] Attempt 1/5
2026-08-15 19:46:35,385 - INFO - [FETCH] Resume list page 667 retrieved
2026-08-15 19:46:35,388 - INFO - [PAGINATION] Total pages: 153, Total resumes: 2216
2026-08-15 19:46:35,389 - INFO - [STORAGE] Using Laravel storage folder
2026-08-15 19:46:40,866 - INFO - [DETAIL] S3 URL extracted for 6938d01d92239bd0aa0117b9
2026-08-15 19:46:41,953 - INFO - [DOWNLOAD] Success: Vilkens_Emilzo_S089Wm_bUWOnp.pdf (31576 bytes) from S3
2026-08-15 19:46:41,953 - INFO - [RESUME-SKIP] Marked 6938d01d92239bd0aa0117b9 as downloaded
2026-08-15 19:46:41,953 - INFO - [S3-RECOVERY] Stored S3 URL for 6938d01d92239bd0aa0117b9
2026-08-15 19:46:41,954 - INFO - [BULLETPROOF] Success on attempt 1
2026-08-15 19:46:41,954 - INFO - [PARALLEL-DOWNLOAD] Successfully downloaded 6938d01d92239bd0aa0117b9
2026-08-15 19:46:44,357 - INFO - [DETAIL] S3 URL extracted for 67b5fbad200aaf507317c8a5
2026-08-15 19:46:45,373 - INFO - [DOWNLOAD] Success: Rahul_Nm_Resume_OXDgHv_D3ARgE.pdf (20329 bytes) from S3
2026-08-15 19:46:45,373 - INFO - [RESUME-SKIP] Marked 67b5fbad200aaf507317c8a5 as downloaded
2026-08-15 19:46:45,373 - INFO - [S3-RECOVERY] Stored S3 URL for 67b5fbad200aaf507317c8a5
2026-08-15 19:46:51,964 - INFO - [BULLETPROOF] Attempt 1/5
2026-08-15 19:46:55,380 - INFO - [DETAIL] S3 URL extracted for 67b5fa8a0e941469937d3c26
2026-08-15 19:46:56,407 - INFO - [DOWNLOAD] Success: Maneesh_Damarla_UX_Designer_3_h8xAld_UAfzUU.docx (23182 bytes) from S3
2026-08-15 19:46:56,407 - INFO - [RESUME-SKIP] Marked 67b5fa8a0e941469937d3c26 as downloaded
2026-08-15 19:46:56,407 - INFO - [S3-RECOVERY] Stored S3 URL for 67b5fa8a0e941469937d3c26
2026-08-15 19:47:03,003 - INFO - [DETAIL] S3 URL extracted for 6938c021a1d9e2ec7800da51
2026-08-15 19:47:04,069 - INFO - [DOWNLOAD] Success: LRuss_Senior_Software_Engineer_pZdHGt_yg7teL.docx (24512 bytes) from S3
2026-08-15 19:47:04,070 - INFO - [RESUME-SKIP] Marked 6938c021a1d9e2ec7800da51 as downloaded
2026-08-15 19:47:04,070 - INFO - [S3-RECOVERY] Stored S3 URL for 6938c021a1d9e2ec7800da51
2026-08-15 19:47:04,070 - INFO - [BULLETPROOF] Success on attempt 1
2026-08-15 19:47:04,070 - INFO - [PARALLEL-DOWNLOAD] Successfully downloaded 6938c021a1d9e2ec7800da51
2026-08-15 19:47:10,711 - INFO - [DETAIL] S3 URL extracted for 67b5f8cb1f7d685a2f07a033
2026-08-15 19:47:11,799 - INFO - [DOWNLOAD] Success: Ammad_Sr_Java_Backend_Developer_Resume_NPo8o4_Gcylne.docx (19068 bytes) from S3
2026-08-15 19:47:11,800 - INFO - [RESUME-SKIP] Marked 67b5f8cb1f7d685a2f07a033 as downloaded
2026-08-15 19:47:11,800 - INFO - [S3-RECOVERY] Stored S3 URL for 67b5f8cb1f7d685a2f07a033
2026-08-15 19:47:14,080 - INFO - [BULLETPROOF] Attempt 1/5
2026-08-15 19:47:21,929 - INFO - [DETAIL] S3 URL extracted for 67b5f8a975be4c598073e785
2026-08-15 19:47:23,802 - INFO - [DOWNLOAD] Success: Harsha_Alla_Java_Resume_NylBBe_pnp6Yr.pdf (299254 bytes) from S3
2026-08-15 19:47:23,802 - INFO - [RESUME-SKIP] Marked 67b5f8a975be4c598073e785 as downloaded
2026-08-15 19:47:23,803 - INFO - [S3-RECOVERY] Stored S3 URL for 67b5f8a975be4c598073e785
2026-08-15 19:47:29,501 - INFO - [DETAIL] S3 URL extracted for 6938bb9e47ea3f43bc040beb
2026-08-15 19:47:31,641 - INFO - [DOWNLOAD] Success: Mary_Kasipati_Resume_12052025_2ZGwgq_EHa7Ru.pdf (464327 bytes) from S3
2026-08-15 19:47:31,642 - INFO - [RESUME-SKIP] Marked 6938bb9e47ea3f43bc040beb as downloaded
2026-08-15 19:47:31,642 - INFO - [S3-RECOVERY] Stored S3 URL for 6938bb9e47ea3f43bc040beb
2026-08-15 19:47:31,642 - INFO - [BULLETPROOF] Success on attempt 1
2026-08-15 19:47:31,642 - INFO - [PARALLEL-DOWNLOAD] Successfully downloaded 6938bb9e47ea3f43bc040beb
2026-08-15 19:47:37,230 - INFO - [DETAIL] S3 URL extracted for 67b5f84b1fb19c042c51ba04
2026-08-15 19:47:38,304 - INFO - [DOWNLOAD] Success: Vikram_Tummala_Resume_SDE_JT1hdm_R1Utgp.docx (11974 bytes) from S3
2026-08-15 19:47:38,304 - INFO - [RESUME-SKIP] Marked 67b5f84b1fb19c042c51ba04 as downloaded
2026-08-15 19:47:38,304 - INFO - [S3-RECOVERY] Stored S3 URL for 67b5f84b1fb19c042c51ba04
2026-08-15 19:47:41,652 - INFO - [BULLETPROOF] Attempt 1/5
2026-08-15 19:47:48,234 - INFO - [DETAIL] S3 URL extracted for 67b5f68ea0b8181d590b42b4
2026-08-15 19:47:49,272 - INFO - [DOWNLOAD] Success: VijayRavuruR_A212lM_KhhpRS.docx (30083 bytes) from S3
2026-08-15 19:47:49,273 - INFO - [RESUME-SKIP] Marked 67b5f68ea0b8181d590b42b4 as downloaded
2026-08-15 19:47:49,273 - INFO - [S3-RECOVERY] Stored S3 URL for 67b5f68ea0b8181d590b42b4
2026-08-15 19:47:55,874 - INFO - [DETAIL] S3 URL extracted for 6938a70035e07053c8031173
2026-08-15 19:47:56,921 - INFO - [DOWNLOAD] Success: Lokesh_Challa_hhWCnU_W9EfJ5.docx (16651 bytes) from S3
2026-08-15 19:47:56,921 - INFO - [RESUME-SKIP] Marked 6938a70035e07053c8031173 as downloaded
2026-08-15 19:47:56,922 - INFO - [S3-RECOVERY] Stored S3 URL for 6938a70035e07053c8031173
2026-08-15 19:47:56,922 - INFO - [BULLETPROOF] Success on attempt 1
2026-08-15 19:47:56,922 - INFO - [PARALLEL-DOWNLOAD] Successfully downloaded 6938a70035e07053c8031173
2026-08-15 19:48:03,625 - INFO - [DETAIL] S3 URL extracted for 67b5f630bf6d2d2ff648ee52
2026-08-15 19:48:05,204 - INFO - [DOWNLOAD] Success: Hasaan_Ali_Senior_iOS_Engineer_AUcOwj_1kigS1.pdf (142507 bytes) from S3
2026-08-15 19:48:05,204 - INFO - [RESUME-SKIP] Marked 67b5f630bf6d2d2ff648ee52 as downloaded
2026-08-15 19:48:05,204 - INFO - [S3-RECOVERY] Stored S3 URL for 67b5f630bf6d2d2ff648ee52
2026-08-15 19:48:06,932 - INFO - [BULLETPROOF] Attempt 1/5
2026-08-15 19:48:15,147 - INFO - [DETAIL] S3 URL extracted for 67b5f393b7f832057368fc63
2026-08-15 19:48:16,239 - INFO - [DOWNLOAD] Success: Vidyadhar_sJTQf0_mBmreF.docx (22497 bytes) from S3
2026-08-15 19:48:16,240 - INFO - [RESUME-SKIP] Marked 67b5f393b7f832057368fc63 as downloaded
2026-08-15 19:48:16,240 - INFO - [S3-RECOVERY] Stored S3 URL for 67b5f393b7f832057368fc63
2026-08-15 19:48:22,831 - INFO - [DETAIL] S3 URL extracted for 693875ab30d4415bdd0e0e17
2026-08-15 19:48:23,692 - INFO - [DOWNLOAD] Success: Kym_Jones_Resume2025_No4yqL_Uu2rBt.pdf (6371 bytes) from S3
2026-08-15 19:48:23,693 - INFO - [RESUME-SKIP] Marked 693875ab30d4415bdd0e0e17 as downloaded
2026-08-15 19:48:23,693 - INFO - [S3-RECOVERY] Stored S3 URL for 693875ab30d4415bdd0e0e17
2026-08-15 19:48:23,693 - INFO - [BULLETPROOF] Success on attempt 1
2026-08-15 19:48:23,693 - INFO - [PARALLEL-DOWNLOAD] Successfully downloaded 693875ab30d4415bdd0e0e17
2026-08-15 19:48:30,472 - INFO - [DETAIL] S3 URL extracted for 67b5f25db117160f8f606cb6
2026-08-15 19:48:31,890 - INFO - [DOWNLOAD] Success: VineeshaResume_SDE_3_m7UoUr_uuaauK.pdf (98520 bytes) from S3
2026-08-15 19:48:31,890 - INFO - [RESUME-SKIP] Marked 67b5f25db117160f8f606cb6 as downloaded
2026-08-15 19:48:31,890 - INFO - [S3-RECOVERY] Stored S3 URL for 67b5f25db117160f8f606cb6
2026-08-15 19:48:33,703 - INFO - [BULLETPROOF] Attempt 1/5
2026-08-15 19:48:41,834 - INFO - [DETAIL] S3 URL extracted for 67b5ecb17dc3567b89557553
2026-08-15 19:48:42,852 - INFO - [DOWNLOAD] Success: Chinmayee_Panda_Java_2YENbz_Jjzcbk.docx (19669 bytes) from S3
2026-08-15 19:48:42,852 - INFO - [RESUME-SKIP] Marked 67b5ecb17dc3567b89557553 as downloaded
2026-08-15 19:48:42,852 - INFO - [S3-RECOVERY] Stored S3 URL for 67b5ecb17dc3567b89557553
2026-08-15 19:48:49,564 - INFO - [DETAIL] S3 URL extracted for 693864b404e5473d69012b8a
2026-08-15 19:48:50,571 - INFO - [DOWNLOAD] Success: RESUME_JFSD_5vltN7_2FsIl0.docx (25200 bytes) from S3
2026-08-15 19:48:50,571 - INFO - [RESUME-SKIP] Marked 693864b404e5473d69012b8a as downloaded
2026-08-15 19:48:50,572 - INFO - [S3-RECOVERY] Stored S3 URL for 693864b404e5473d69012b8a
2026-08-15 19:48:50,572 - INFO - [BULLETPROOF] Success on attempt 1
2026-08-15 19:48:50,572 - INFO - [PARALLEL-DOWNLOAD] Successfully downloaded 693864b404e5473d69012b8a
2026-08-15 19:48:57,208 - INFO - [DETAIL] S3 URL extracted for 67b5d99ea59cf76f257a5904
2026-08-15 19:48:58,527 - INFO - [DOWNLOAD] Success: Dayakar_iOS_Developer_WQvGkB_FXtRl9.pdf (59633 bytes) from S3
2026-08-15 19:48:58,527 - INFO - [RESUME-SKIP] Marked 67b5d99ea59cf76f257a5904 as downloaded
2026-08-15 19:48:58,527 - INFO - [S3-RECOVERY] Stored S3 URL for 67b5d99ea59cf76f257a5904
2026-08-15 19:49:00,582 - INFO - [BULLETPROOF] Attempt 1/5
2026-08-15 19:49:08,467 - INFO - [DETAIL] S3 URL extracted for 67b5af5a5e04c7182613a2d3
2026-08-15 19:49:09,791 - INFO - [DOWNLOAD] Success: Shamsher_Resume_PPDjV4_Zmil1V.pdf (79571 bytes) from S3
2026-08-15 19:49:09,791 - INFO - [RESUME-SKIP] Marked 67b5af5a5e04c7182613a2d3 as downloaded
2026-08-15 19:49:09,792 - INFO - [S3-RECOVERY] Stored S3 URL for 67b5af5a5e04c7182613a2d3
2026-08-15 19:49:16,052 - INFO - [DETAIL] S3 URL extracted for 69385e768f2dc8f36c021aab
2026-08-15 19:49:17,115 - INFO - [DOWNLOAD] Success: Gayathri_DotNet_Developer_Resume_fmn9BX_06qMsv.docx (18514 bytes) from S3
2026-08-15 19:49:17,116 - INFO - [RESUME-SKIP] Marked 69385e768f2dc8f36c021aab as downloaded
2026-08-15 19:49:17,116 - INFO - [S3-RECOVERY] Stored S3 URL for 69385e768f2dc8f36c021aab
2026-08-15 19:49:17,116 - INFO - [BULLETPROOF] Success on attempt 1
2026-08-15 19:49:17,116 - INFO - [PARALLEL-DOWNLOAD] Successfully downloaded 69385e768f2dc8f36c021aab
2026-08-15 19:49:23,663 - INFO - [DETAIL] S3 URL extracted for 67b59515241de05a79154c83
2026-08-15 19:49:24,454 - INFO - [DOWNLOAD] Success: Satyasri_Karuturi_Resume_TEKJOBS_3jgjHG_60y0Em.docx (14925 bytes) from S3
2026-08-15 19:49:24,454 - INFO - [RESUME-SKIP] Marked 67b59515241de05a79154c83 as downloaded
2026-08-15 19:49:24,454 - INFO - [S3-RECOVERY] Stored S3 URL for 67b59515241de05a79154c83
2026-08-15 19:49:27,126 - INFO - [BULLETPROOF] Attempt 1/5
2026-08-15 19:49:34,356 - INFO - [DETAIL] S3 URL extracted for 67b5892a11a01c2311755f24
2026-08-15 19:49:35,377 - INFO - [DOWNLOAD] Success: Yeshwanth_Resume_BI_Dev_7RiBpN_7XpuMZ.pdf (25401 bytes) from S3
2026-08-15 19:49:35,378 - INFO - [RESUME-SKIP] Marked 67b5892a11a01c2311755f24 as downloaded
2026-08-15 19:49:35,378 - INFO - [S3-RECOVERY] Stored S3 URL for 67b5892a11a01c2311755f24
2026-08-15 19:49:42,759 - ERROR - [DOWNLOAD] S3 status 403 for 693b2eef9fe60e44d60b817f
2026-08-15 19:49:49,799 - INFO - [DETAIL] S3 URL extracted for 67b586ee4171ed55833ca1a4
2026-08-15 19:49:51,319 - INFO - [DOWNLOAD] Success: Sohaib_Tahir_Resume_IVkxjc_TggWMS.pdf (170007 bytes) from S3
2026-08-15 19:49:51,319 - INFO - [RESUME-SKIP] Marked 67b586ee4171ed55833ca1a4 as downloaded
2026-08-15 19:49:51,320 - INFO - [S3-RECOVERY] Stored S3 URL for 67b586ee4171ed55833ca1a4
2026-08-15 19:50:01,203 - INFO - [DETAIL] S3 URL extracted for 67b583d9bf69a523955e02f3
2026-08-15 19:50:02,989 - INFO - [DOWNLOAD] Success: Upasana_Biswas_Resume_7GSngH_Q3hjUX.pdf (204873 bytes) from S3
2026-08-15 19:50:02,990 - INFO - [RESUME-SKIP] Marked 67b583d9bf69a523955e02f3 as downloaded
2026-08-15 19:50:02,990 - INFO - [S3-RECOVERY] Stored S3 URL for 67b583d9bf69a523955e02f3
2026-08-15 19:50:12,790 - INFO - [BULLETPROOF] Attempt 2/5
2026-08-15 19:50:12,924 - INFO - [DETAIL] S3 URL extracted for 67b57ebe7540b071ac79d174
2026-08-15 19:50:14,512 - INFO - [DOWNLOAD] Success: Chirag_M_Doshi_CV_0Wfgaa_KzAqrs.pdf (128169 bytes) from S3
2026-08-15 19:50:14,512 - INFO - [RESUME-SKIP] Marked 67b57ebe7540b071ac79d174 as downloaded
2026-08-15 19:50:14,513 - INFO - [S3-RECOVERY] Stored S3 URL for 67b57ebe7540b071ac79d174
2026-08-15 19:50:22,421 - ERROR - [DOWNLOAD] S3 status 403 for 693b2eef9fe60e44d60b817f
2026-08-15 19:50:29,306 - INFO - [DETAIL] S3 URL extracted for 67b57de92a04463c4e6269f3
2026-08-15 19:50:30,889 - INFO - [DOWNLOAD] Success: TekJobs_Varun_Woodi_Raghavendra_resume__8oaLze_QUIMJO.pdf (145923 bytes) from S3
2026-08-15 19:50:30,889 - INFO - [RESUME-SKIP] Marked 67b57de92a04463c4e6269f3 as downloaded
2026-08-15 19:50:30,889 - INFO - [S3-RECOVERY] Stored S3 URL for 67b57de92a04463c4e6269f3
2026-08-15 19:50:40,798 - INFO - [DETAIL] S3 URL extracted for 67b574fb83fdf143b75bb2c4
2026-08-15 19:50:42,414 - INFO - [DOWNLOAD] Success: Dynatrace_SRE_SateehkumarCV__X5sYNQ_vKW9QM.docx (133011 bytes) from S3
2026-08-15 19:50:42,415 - INFO - [RESUME-SKIP] Marked 67b574fb83fdf143b75bb2c4 as downloaded
2026-08-15 19:50:42,415 - INFO - [S3-RECOVERY] Stored S3 URL for 67b574fb83fdf143b75bb2c4
2026-08-15 19:50:52,405 - INFO - [DETAIL] S3 URL extracted for 67b5715518c59a2fc513a344
2026-08-15 19:50:52,452 - INFO - [BULLETPROOF] Attempt 3/5
2026-08-15 19:50:53,971 - INFO - [DOWNLOAD] Success: Business_Analytics_Resume_kjVGH0_oK9wsV.docx (109907 bytes) from S3
2026-08-15 19:50:53,971 - INFO - [RESUME-SKIP] Marked 67b5715518c59a2fc513a344 as downloaded
2026-08-15 19:50:53,972 - INFO - [S3-RECOVERY] Stored S3 URL for 67b5715518c59a2fc513a344
2026-08-15 19:51:02,097 - ERROR - [DOWNLOAD] S3 status 403 for 693b2eef9fe60e44d60b817f
