2026-08-18 12:31:17,693 - INFO - 
======================================================================
2026-08-18 12:31:17,693 - INFO - [STARTUP] TekJobs Resume Downloader - Requests-based (No Selenium)
2026-08-18 12:31:17,693 - INFO - [STARTUP] HTTP Library: requests
2026-08-18 12:31:17,693 - INFO - [STARTUP] Environment: Hostinger Shared Hosting (Laravel Storage)
2026-08-18 12:31:17,693 - INFO - ======================================================================
2026-08-18 12:31:17,694 - INFO - [INIT] Tracking files initialized
2026-08-18 12:31:17,698 - INFO - [RESUME-SKIP] Loaded 8492 previously downloaded IDs
2026-08-18 12:31:17,723 - INFO - [S3-RECOVERY] Loaded 8492 S3 URLs
2026-08-18 12:31:17,723 - WARNING - [WARNING] Using hardcoded credentials. Set TEKJOBS_EMAIL and TEKJOBS_PASSWORD environment variables for production
2026-08-18 12:31:17,723 - INFO - [LOGIN] Lazy login mode - authenticate only on 401 error
2026-08-18 12:31:18,728 - INFO - [PARALLEL-DOWNLOAD] Parallel downloader started
2026-08-18 12:31:18,728 - INFO - [PARALLEL-DOWNLOAD] Parallel downloader thread started as daemon
2026-08-18 12:31:18,729 - INFO - [LOGIN] Lazy login mode - downloads starting immediately
2026-08-18 12:31:18,734 - INFO - [BULLETPROOF] Attempt 1/5
2026-08-18 12:31:18,736 - INFO - [FETCH-DEDUP] Loaded 9628 fetched resume IDs for deduplication
2026-08-18 13:08:19,279 - ERROR - [ERROR] Failed to get resume list page 666: ('Connection aborted.', ConnectionResetError(10054, 'An existing connection was forcibly closed by the remote host', None, 10054, None))
2026-08-18 13:08:19,280 - INFO - [PAGINATION] Total pages: 1, Total resumes: 0
2026-08-18 13:08:19,295 - INFO - [INFO] No resumes found
2026-08-18 13:08:19,297 - INFO - [CRON-HEALTH] Cron heartbeat created (IST)
2026-08-18 13:08:19,281 - WARNING - [EXTRACT] Detail page extraction failed: ('Connection aborted.', ConnectionResetError(10054, 'An existing connection was forcibly closed by the remote host', None, 10054, None))
