2026-08-18 14:20:40,146 - INFO - 
======================================================================
2026-08-18 14:20:40,146 - INFO - [STARTUP] TekJobs Resume Downloader - Requests-based (No Selenium)
2026-08-18 14:20:40,146 - INFO - [STARTUP] HTTP Library: requests
2026-08-18 14:20:40,146 - INFO - [STARTUP] Environment: Hostinger Shared Hosting (Laravel Storage)
2026-08-18 14:20:40,146 - INFO - ======================================================================
2026-08-18 14:20:40,147 - INFO - [INIT] Tracking files initialized
2026-08-18 14:20:40,152 - INFO - [RESUME-SKIP] Loaded 8492 previously downloaded IDs
2026-08-18 14:20:40,179 - INFO - [S3-RECOVERY] Loaded 8492 S3 URLs
2026-08-18 14:20:40,179 - WARNING - [WARNING] Using hardcoded credentials. Set TEKJOBS_EMAIL and TEKJOBS_PASSWORD environment variables for production
2026-08-18 14:20:40,180 - INFO - [LOGIN] Lazy login mode - authenticate only on 401 error
2026-08-18 14:20:41,183 - INFO - [PARALLEL-DOWNLOAD] Parallel downloader started
2026-08-18 14:20:41,183 - INFO - [PARALLEL-DOWNLOAD] Parallel downloader thread started as daemon
2026-08-18 14:20:41,183 - INFO - [LOGIN] Lazy login mode - downloads starting immediately
2026-08-18 14:20:41,196 - INFO - [BULLETPROOF] Attempt 1/5
2026-08-18 14:20:41,196 - INFO - [FETCH-DEDUP] Loaded 9628 fetched resume IDs for deduplication
2026-08-18 14:21:01,133 - WARNING - [EXTRACT] No S3 URL found (fresh or stored) for 6983ac22806bdffbd70ccb0b
2026-08-18 14:21:01,134 - ERROR - [DOWNLOAD] No S3 URL found for 6983ac22806bdffbd70ccb0b
2026-08-18 14:21:01,166 - INFO - [BULLETPROOF] No S3 URL found for 6983ac22806bdffbd70ccb0b - skipping retries
2026-08-18 14:21:01,167 - WARNING - [PARALLEL-DOWNLOAD] Failed to download 6983ac22806bdffbd70ccb0b after all retries
2026-08-18 14:21:04,244 - ERROR - [ERROR] Failed to get resume list page 666: HTTPSConnectionPool(host='www.tekjobs.net', port=443): Read timed out. (read timeout=15)
2026-08-18 14:21:04,244 - INFO - [PAGINATION] Total pages: 1, Total resumes: 0
2026-08-18 14:21:04,245 - INFO - [INFO] No resumes found
2026-08-18 14:21:04,248 - INFO - [CRON-HEALTH] Cron heartbeat created (IST)
