2026-08-15 17:50:05,715 - INFO - 
======================================================================
2026-08-15 17:50:05,715 - INFO - [STARTUP] TekJobs Resume Downloader - Requests-based (No Selenium)
2026-08-15 17:50:05,716 - INFO - [STARTUP] HTTP Library: urllib (built-in - no dependencies)
2026-08-15 17:50:05,716 - INFO - [STARTUP] Environment: Hostinger Shared Hosting (Laravel Storage)
2026-08-15 17:50:05,716 - INFO - ======================================================================
2026-08-15 17:50:05,716 - INFO - [INIT] Tracking files initialized
2026-08-15 17:50:05,717 - INFO - [RESUME-SKIP] Loaded 0 previously downloaded IDs
2026-08-15 17:50:05,717 - WARNING - [WARNING] Using hardcoded credentials. Set TEKJOBS_EMAIL and TEKJOBS_PASSWORD environment variables for production
2026-08-15 17:50:05,719 - INFO - [LOGIN] Lazy login mode - authenticate only on 401 error
2026-08-15 17:50:06,720 - INFO - [PARALLEL-DOWNLOAD] Parallel downloader started
2026-08-15 17:50:06,720 - INFO - [PARALLEL-DOWNLOAD] Parallel downloader thread started as daemon
2026-08-15 17:50:06,721 - INFO - [LOGIN] Lazy login mode - downloads starting immediately
2026-08-15 17:50:06,721 - INFO - [FETCH-DEDUP] Loaded 0 fetched resume IDs for deduplication
2026-08-15 17:50:16,733 - INFO - [BULLETPROOF] Attempt 1/5
2026-08-15 17:50:22,749 - INFO - [FETCH] Resume list page 1 retrieved
2026-08-15 17:50:22,758 - INFO - [FETCH-STORE] Page 1: 15 new IDs stored, 0 duplicates skipped
2026-08-15 17:50:30,012 - INFO - [DETAIL] S3 URL extracted for 67ee80767b989a03057b1d45
2026-08-15 17:50:30,860 - INFO - [DOWNLOAD] Success: Victor_nQTgvT_DiUVtl.docx (33588 bytes) from S3
2026-08-15 17:50:30,860 - INFO - [RESUME-SKIP] Marked 67ee80767b989a03057b1d45 as downloaded
2026-08-15 17:50:30,860 - INFO - [S3-RECOVERY] Stored S3 URL for 67ee80767b989a03057b1d45
2026-08-15 17:50:30,861 - INFO - [BULLETPROOF] Success on attempt 1
2026-08-15 17:50:30,861 - INFO - [PARALLEL-DOWNLOAD] Successfully downloaded 67ee80767b989a03057b1d45
2026-08-15 17:50:36,881 - INFO - [FETCH] Resume list page 2 retrieved
2026-08-15 17:50:36,882 - INFO - [FETCH-STORE] Page 2: 15 new IDs stored, 0 duplicates skipped
2026-08-15 17:50:40,871 - INFO - [BULLETPROOF] Attempt 1/5
2026-08-15 17:50:44,947 - INFO - [FETCH] Resume list page 3 retrieved
2026-08-15 17:50:44,947 - INFO - [FETCH-STORE] Page 3: 15 new IDs stored, 0 duplicates skipped
2026-08-15 17:50:52,134 - INFO - [DETAIL] S3 URL extracted for 67ee7f523e4b997be8031d83
2026-08-15 17:50:52,988 - INFO - [DOWNLOAD] Success: randy_knapp_resume_2025_Q1_JcNP4U_LtG0jC.docx (15822 bytes) from S3
2026-08-15 17:50:52,988 - INFO - [RESUME-SKIP] Marked 67ee7f523e4b997be8031d83 as downloaded
2026-08-15 17:50:52,988 - INFO - [S3-RECOVERY] Stored S3 URL for 67ee7f523e4b997be8031d83
2026-08-15 17:50:52,989 - INFO - [BULLETPROOF] Success on attempt 1
2026-08-15 17:50:52,989 - INFO - [PARALLEL-DOWNLOAD] Successfully downloaded 67ee7f523e4b997be8031d83
2026-08-15 17:50:58,993 - INFO - [FETCH] Resume list page 4 retrieved
2026-08-15 17:50:58,994 - INFO - [FETCH-STORE] Page 4: 15 new IDs stored, 0 duplicates skipped
2026-08-15 17:51:02,999 - INFO - [BULLETPROOF] Attempt 1/5
2026-08-15 17:51:06,913 - INFO - [FETCH] Resume list page 5 retrieved
2026-08-15 17:51:06,914 - INFO - [FETCH-STORE] Page 5: 15 new IDs stored, 0 duplicates skipped
2026-08-15 17:51:14,100 - INFO - [DETAIL] S3 URL extracted for 67ee7e560911ac65d2569b43
2026-08-15 17:51:14,977 - INFO - [DOWNLOAD] Success: Violet_Fadimatou_Resume_FTiCV6_7RmeN5.docx (26683 bytes) from S3
2026-08-15 17:51:14,977 - INFO - [RESUME-SKIP] Marked 67ee7e560911ac65d2569b43 as downloaded
2026-08-15 17:51:14,977 - INFO - [S3-RECOVERY] Stored S3 URL for 67ee7e560911ac65d2569b43
2026-08-15 17:51:14,977 - INFO - [BULLETPROOF] Success on attempt 1
2026-08-15 17:51:14,978 - INFO - [PARALLEL-DOWNLOAD] Successfully downloaded 67ee7e560911ac65d2569b43
2026-08-15 17:51:20,967 - INFO - [FETCH] Resume list page 6 retrieved
2026-08-15 17:51:20,967 - INFO - [FETCH-STORE] Page 6: 14 new IDs stored, 0 duplicates skipped
2026-08-15 17:51:24,998 - INFO - [BULLETPROOF] Attempt 1/5
2026-08-15 17:51:28,901 - INFO - [FETCH] Resume list page 7 retrieved
2026-08-15 17:51:28,902 - INFO - [FETCH-STORE] Page 7: 14 new IDs stored, 0 duplicates skipped
2026-08-15 17:51:36,152 - INFO - [DETAIL] S3 URL extracted for 67ec26591e16365d03531572
2026-08-15 17:51:37,051 - INFO - [DOWNLOAD] Success: Tayong_Agile_Coach_pawCNn_IyLyf1.docx (32709 bytes) from S3
2026-08-15 17:51:37,051 - INFO - [RESUME-SKIP] Marked 67ec26591e16365d03531572 as downloaded
2026-08-15 17:51:37,051 - INFO - [S3-RECOVERY] Stored S3 URL for 67ec26591e16365d03531572
2026-08-15 17:51:37,051 - INFO - [BULLETPROOF] Success on attempt 1
2026-08-15 17:51:37,051 - INFO - [PARALLEL-DOWNLOAD] Successfully downloaded 67ec26591e16365d03531572
2026-08-15 17:51:43,057 - INFO - [FETCH] Resume list page 8 retrieved
2026-08-15 17:51:43,058 - INFO - [FETCH-STORE] Page 8: 14 new IDs stored, 0 duplicates skipped
2026-08-15 17:51:47,061 - INFO - [BULLETPROOF] Attempt 1/5
2026-08-15 17:51:50,971 - INFO - [FETCH] Resume list page 9 retrieved
2026-08-15 17:51:50,972 - INFO - [FETCH-STORE] Page 9: 15 new IDs stored, 0 duplicates skipped
2026-08-15 17:51:58,138 - INFO - [DETAIL] S3 URL extracted for 67ec24b00ca4171d13757b52
2026-08-15 17:51:59,033 - INFO - [DOWNLOAD] Success: Sean_Walker_6DHDGn_PZztde.docx (15582 bytes) from S3
2026-08-15 17:51:59,033 - INFO - [RESUME-SKIP] Marked 67ec24b00ca4171d13757b52 as downloaded
2026-08-15 17:51:59,033 - INFO - [S3-RECOVERY] Stored S3 URL for 67ec24b00ca4171d13757b52
2026-08-15 17:51:59,034 - INFO - [BULLETPROOF] Success on attempt 1
2026-08-15 17:51:59,034 - INFO - [PARALLEL-DOWNLOAD] Successfully downloaded 67ec24b00ca4171d13757b52
2026-08-15 17:52:04,937 - INFO - [FETCH] Resume list page 10 retrieved
2026-08-15 17:52:04,937 - INFO - [FETCH-STORE] Page 10: 15 new IDs stored, 0 duplicates skipped
2026-08-15 17:52:09,044 - INFO - [BULLETPROOF] Attempt 1/5
2026-08-15 17:52:12,866 - INFO - [FETCH] Resume list page 11 retrieved
2026-08-15 17:52:12,867 - INFO - [FETCH-STORE] Page 11: 15 new IDs stored, 0 duplicates skipped
2026-08-15 17:52:20,134 - INFO - [DETAIL] S3 URL extracted for 67ec198e4b9114423e292153
2026-08-15 17:52:21,046 - INFO - [DOWNLOAD] Success: Norman_Beekman_BbNmhN_qcSajX.docx (16580 bytes) from S3
2026-08-15 17:52:21,046 - INFO - [RESUME-SKIP] Marked 67ec198e4b9114423e292153 as downloaded
2026-08-15 17:52:21,046 - INFO - [S3-RECOVERY] Stored S3 URL for 67ec198e4b9114423e292153
2026-08-15 17:52:21,046 - INFO - [BULLETPROOF] Success on attempt 1
2026-08-15 17:52:21,047 - INFO - [PARALLEL-DOWNLOAD] Successfully downloaded 67ec198e4b9114423e292153
2026-08-15 17:52:27,026 - INFO - [FETCH] Resume list page 12 retrieved
2026-08-15 17:52:27,027 - INFO - [FETCH-STORE] Page 12: 14 new IDs stored, 0 duplicates skipped
2026-08-15 17:52:31,056 - INFO - [BULLETPROOF] Attempt 1/5
2026-08-15 17:52:35,066 - INFO - [FETCH] Resume list page 13 retrieved
2026-08-15 17:52:35,067 - INFO - [FETCH-STORE] Page 13: 15 new IDs stored, 0 duplicates skipped
2026-08-15 17:52:42,280 - INFO - [DETAIL] S3 URL extracted for 67ec12d2419d8a7d0a6bc662
2026-08-15 17:52:42,981 - INFO - [DOWNLOAD] Success: Kevin_Chetty_Resume_paOdcE_DABfk1.docx (13508 bytes) from S3
2026-08-15 17:52:42,981 - INFO - [RESUME-SKIP] Marked 67ec12d2419d8a7d0a6bc662 as downloaded
2026-08-15 17:52:42,981 - INFO - [S3-RECOVERY] Stored S3 URL for 67ec12d2419d8a7d0a6bc662
2026-08-15 17:52:42,981 - INFO - [BULLETPROOF] Success on attempt 1
2026-08-15 17:52:42,982 - INFO - [PARALLEL-DOWNLOAD] Successfully downloaded 67ec12d2419d8a7d0a6bc662
2026-08-15 17:52:49,152 - INFO - [FETCH] Resume list page 14 retrieved
2026-08-15 17:52:49,153 - INFO - [FETCH-STORE] Page 14: 14 new IDs stored, 0 duplicates skipped
2026-08-15 17:52:52,992 - INFO - [BULLETPROOF] Attempt 1/5
2026-08-15 17:52:57,032 - INFO - [FETCH] Resume list page 15 retrieved
2026-08-15 17:52:57,032 - INFO - [FETCH-STORE] Page 15: 15 new IDs stored, 0 duplicates skipped
2026-08-15 17:53:04,309 - INFO - [DETAIL] S3 URL extracted for 67ec0f6852d94274c3264952
2026-08-15 17:53:05,182 - INFO - [DOWNLOAD] Success: Jigar_Desai_GIxJfQ_3iam4n.doc (37745 bytes) from S3
2026-08-15 17:53:05,182 - INFO - [RESUME-SKIP] Marked 67ec0f6852d94274c3264952 as downloaded
2026-08-15 17:53:05,183 - INFO - [S3-RECOVERY] Stored S3 URL for 67ec0f6852d94274c3264952
2026-08-15 17:53:05,183 - INFO - [BULLETPROOF] Success on attempt 1
2026-08-15 17:53:05,183 - INFO - [PARALLEL-DOWNLOAD] Successfully downloaded 67ec0f6852d94274c3264952
2026-08-15 17:53:11,114 - INFO - [FETCH] Resume list page 16 retrieved
2026-08-15 17:53:11,115 - INFO - [FETCH-STORE] Page 16: 15 new IDs stored, 0 duplicates skipped
2026-08-15 17:53:15,194 - INFO - [BULLETPROOF] Attempt 1/5
2026-08-15 17:53:19,128 - INFO - [FETCH] Resume list page 17 retrieved
2026-08-15 17:53:19,129 - INFO - [FETCH-STORE] Page 17: 14 new IDs stored, 0 duplicates skipped
2026-08-15 17:53:26,365 - INFO - [DETAIL] S3 URL extracted for 67ec0c4b583231479d46a5a5
2026-08-15 17:53:27,234 - INFO - [DOWNLOAD] Success: Felix_Rivas_Resume_Oracle_plsql_Developer_34Pl9a_ee3fGO.docx (27386 bytes) from S3
2026-08-15 17:53:27,234 - INFO - [RESUME-SKIP] Marked 67ec0c4b583231479d46a5a5 as downloaded
2026-08-15 17:53:27,234 - INFO - [S3-RECOVERY] Stored S3 URL for 67ec0c4b583231479d46a5a5
2026-08-15 17:53:27,235 - INFO - [BULLETPROOF] Success on attempt 1
2026-08-15 17:53:27,235 - INFO - [PARALLEL-DOWNLOAD] Successfully downloaded 67ec0c4b583231479d46a5a5
2026-08-15 17:53:33,093 - INFO - [FETCH] Resume list page 18 retrieved
2026-08-15 17:53:33,094 - INFO - [FETCH-STORE] Page 18: 15 new IDs stored, 0 duplicates skipped
2026-08-15 17:53:37,245 - INFO - [BULLETPROOF] Attempt 1/5
2026-08-15 17:53:41,009 - INFO - [FETCH] Resume list page 19 retrieved
2026-08-15 17:53:41,010 - INFO - [FETCH-STORE] Page 19: 15 new IDs stored, 0 duplicates skipped
2026-08-15 17:53:48,247 - INFO - [DETAIL] S3 URL extracted for 67ec010463e6b450da12acc6
2026-08-15 17:53:49,103 - INFO - [DOWNLOAD] Success: 021725_Ahmed_Sohail_uuq1FM_CFBMiX.docx (22976 bytes) from S3
2026-08-15 17:53:49,103 - INFO - [RESUME-SKIP] Marked 67ec010463e6b450da12acc6 as downloaded
2026-08-15 17:53:49,103 - INFO - [S3-RECOVERY] Stored S3 URL for 67ec010463e6b450da12acc6
2026-08-15 17:53:49,103 - INFO - [BULLETPROOF] Success on attempt 1
2026-08-15 17:53:49,104 - INFO - [PARALLEL-DOWNLOAD] Successfully downloaded 67ec010463e6b450da12acc6
2026-08-15 17:53:55,076 - INFO - [FETCH] Resume list page 20 retrieved
2026-08-15 17:53:55,076 - INFO - [FETCH-STORE] Page 20: 14 new IDs stored, 0 duplicates skipped
2026-08-15 17:53:59,114 - INFO - [BULLETPROOF] Attempt 1/5
2026-08-15 17:54:03,048 - INFO - [FETCH] Resume list page 21 retrieved
2026-08-15 17:54:03,049 - INFO - [FETCH-STORE] Page 21: 13 new IDs stored, 0 duplicates skipped
2026-08-15 17:54:10,351 - INFO - [DETAIL] S3 URL extracted for 682f806cb859824ae70afb02
2026-08-15 17:54:11,633 - INFO - [DOWNLOAD] Success: MukeshKappala_AWSDevOpsEngineer_Resume_TtittF_eZ8w1a.pdf (125649 bytes) from S3
2026-08-15 17:54:11,633 - INFO - [RESUME-SKIP] Marked 682f806cb859824ae70afb02 as downloaded
2026-08-15 17:54:11,634 - INFO - [S3-RECOVERY] Stored S3 URL for 682f806cb859824ae70afb02
2026-08-15 17:54:11,634 - INFO - [BULLETPROOF] Success on attempt 1
2026-08-15 17:54:11,634 - INFO - [PARALLEL-DOWNLOAD] Successfully downloaded 682f806cb859824ae70afb02
2026-08-15 17:54:17,356 - INFO - [FETCH] Resume list page 22 retrieved
2026-08-15 17:54:17,357 - INFO - [FETCH-STORE] Page 22: 15 new IDs stored, 0 duplicates skipped
2026-08-15 17:54:21,644 - INFO - [BULLETPROOF] Attempt 1/5
2026-08-15 17:54:25,293 - INFO - [FETCH] Resume list page 23 retrieved
2026-08-15 17:54:25,294 - INFO - [FETCH-STORE] Page 23: 14 new IDs stored, 0 duplicates skipped
2026-08-15 17:54:32,449 - INFO - [DETAIL] S3 URL extracted for 6644cd92bd83213c64045d06
2026-08-15 17:54:33,896 - INFO - [DOWNLOAD] Success: Zeenat_P_Analyst_docx_bQRLyl_cmtDaY.pdf (517685 bytes) from S3
2026-08-15 17:54:33,896 - INFO - [RESUME-SKIP] Marked 6644cd92bd83213c64045d06 as downloaded
2026-08-15 17:54:33,896 - INFO - [S3-RECOVERY] Stored S3 URL for 6644cd92bd83213c64045d06
2026-08-15 17:54:33,897 - INFO - [BULLETPROOF] Success on attempt 1
2026-08-15 17:54:33,897 - INFO - [PARALLEL-DOWNLOAD] Successfully downloaded 6644cd92bd83213c64045d06
2026-08-15 17:54:39,345 - INFO - [FETCH] Resume list page 24 retrieved
2026-08-15 17:54:39,346 - INFO - [FETCH-STORE] Page 24: 15 new IDs stored, 0 duplicates skipped
2026-08-15 17:54:43,907 - INFO - [BULLETPROOF] Attempt 1/5
2026-08-15 17:54:47,236 - INFO - [FETCH] Resume list page 25 retrieved
2026-08-15 17:54:47,237 - INFO - [FETCH-STORE] Page 25: 15 new IDs stored, 0 duplicates skipped
2026-08-15 17:54:54,535 - INFO - [DETAIL] S3 URL extracted for 6644ccb34b7f7801ff122c52
2026-08-15 17:54:55,852 - INFO - [DOWNLOAD] Success: VinothkumarPeriyasamyResumeUpdated_1_docx_AO8by7_jH3MZU.pdf (182895 bytes) from S3
2026-08-15 17:54:55,852 - INFO - [RESUME-SKIP] Marked 6644ccb34b7f7801ff122c52 as downloaded
2026-08-15 17:54:55,852 - INFO - [S3-RECOVERY] Stored S3 URL for 6644ccb34b7f7801ff122c52
2026-08-15 17:54:55,853 - INFO - [BULLETPROOF] Success on attempt 1
2026-08-15 17:54:55,853 - INFO - [PARALLEL-DOWNLOAD] Successfully downloaded 6644ccb34b7f7801ff122c52
2026-08-15 17:55:01,419 - INFO - [FETCH] Resume list page 26 retrieved
2026-08-15 17:55:01,419 - INFO - [FETCH-STORE] Page 26: 14 new IDs stored, 0 duplicates skipped
2026-08-15 17:55:05,863 - INFO - [BULLETPROOF] Attempt 1/5
2026-08-15 17:55:09,427 - INFO - [FETCH] Resume list page 27 retrieved
2026-08-15 17:55:09,428 - INFO - [FETCH-STORE] Page 27: 15 new IDs stored, 0 duplicates skipped
2026-08-15 17:55:16,685 - INFO - [DETAIL] S3 URL extracted for 6644cb9dfbd6ba7554473256
2026-08-15 17:55:17,434 - INFO - [FETCH] Resume list page 28 retrieved
2026-08-15 17:55:17,435 - INFO - [FETCH-STORE] Page 28: 14 new IDs stored, 0 duplicates skipped
2026-08-15 17:55:18,263 - INFO - [DOWNLOAD] Success: Vimal_Project_Manager_PMP_docx_AvbZxY_Gpc1Of.pdf (336296 bytes) from S3
2026-08-15 17:55:18,263 - INFO - [RESUME-SKIP] Marked 6644cb9dfbd6ba7554473256 as downloaded
2026-08-15 17:55:18,263 - INFO - [S3-RECOVERY] Stored S3 URL for 6644cb9dfbd6ba7554473256
2026-08-15 17:55:18,263 - INFO - [BULLETPROOF] Success on attempt 1
2026-08-15 17:55:18,263 - INFO - [PARALLEL-DOWNLOAD] Successfully downloaded 6644cb9dfbd6ba7554473256
2026-08-15 17:55:25,333 - INFO - [FETCH] Resume list page 29 retrieved
2026-08-15 17:55:25,334 - INFO - [FETCH-STORE] Page 29: 14 new IDs stored, 0 duplicates skipped
2026-08-15 17:55:28,273 - INFO - [BULLETPROOF] Attempt 1/5
2026-08-15 17:55:33,274 - INFO - [FETCH] Resume list page 30 retrieved
2026-08-15 17:55:33,274 - INFO - [FETCH-STORE] Page 30: 13 new IDs stored, 0 duplicates skipped
2026-08-15 17:55:40,499 - INFO - [DETAIL] S3 URL extracted for 6644ca7aff1cdb5ab20077f4
2026-08-15 17:55:41,781 - INFO - [DOWNLOAD] Success: Vijay_Babu_Power_Bi_Resume_Copy_docx_4eeML6_T6IL6f.pdf (255714 bytes) from S3
2026-08-15 17:55:41,781 - INFO - [RESUME-SKIP] Marked 6644ca7aff1cdb5ab20077f4 as downloaded
2026-08-15 17:55:41,782 - INFO - [S3-RECOVERY] Stored S3 URL for 6644ca7aff1cdb5ab20077f4
2026-08-15 17:55:41,782 - INFO - [BULLETPROOF] Success on attempt 1
2026-08-15 17:55:41,782 - INFO - [PARALLEL-DOWNLOAD] Successfully downloaded 6644ca7aff1cdb5ab20077f4
2026-08-15 17:55:47,366 - INFO - [FETCH] Resume list page 31 retrieved
2026-08-15 17:55:47,366 - INFO - [FETCH-STORE] Page 31: 15 new IDs stored, 0 duplicates skipped
2026-08-15 17:55:51,792 - INFO - [BULLETPROOF] Attempt 1/5
2026-08-15 17:55:55,378 - INFO - [FETCH] Resume list page 32 retrieved
2026-08-15 17:55:55,379 - INFO - [FETCH-STORE] Page 32: 14 new IDs stored, 0 duplicates skipped
2026-08-15 17:56:02,646 - INFO - [DETAIL] S3 URL extracted for 6644c943cca9e35dc111a3d4
2026-08-15 17:56:03,724 - INFO - [DOWNLOAD] Success: Srinivas_NET_Resume_Latest_docx_VAqWPX_YRaxBI.pdf (123979 bytes) from S3
2026-08-15 17:56:03,724 - INFO - [RESUME-SKIP] Marked 6644c943cca9e35dc111a3d4 as downloaded
2026-08-15 17:56:03,724 - INFO - [S3-RECOVERY] Stored S3 URL for 6644c943cca9e35dc111a3d4
2026-08-15 17:56:03,724 - INFO - [BULLETPROOF] Success on attempt 1
2026-08-15 17:56:03,725 - INFO - [PARALLEL-DOWNLOAD] Successfully downloaded 6644c943cca9e35dc111a3d4
2026-08-15 17:56:09,516 - INFO - [FETCH] Resume list page 33 retrieved
2026-08-15 17:56:09,517 - INFO - [FETCH-STORE] Page 33: 14 new IDs stored, 0 duplicates skipped
2026-08-15 17:56:13,736 - INFO - [BULLETPROOF] Attempt 1/5
2026-08-15 17:56:17,619 - INFO - [FETCH] Resume list page 34 retrieved
2026-08-15 17:56:17,620 - INFO - [FETCH-STORE] Page 34: 14 new IDs stored, 0 duplicates skipped
2026-08-15 17:56:24,840 - INFO - [DETAIL] S3 URL extracted for 6644c736cca9e35dc111a3d2
2026-08-15 17:56:26,362 - INFO - [DOWNLOAD] Success: Shankar_sampangi_SAP_ABAP_docx_jgpZes_TWATLR.pdf (619617 bytes) from S3
2026-08-15 17:56:26,362 - INFO - [RESUME-SKIP] Marked 6644c736cca9e35dc111a3d2 as downloaded
2026-08-15 17:56:26,363 - INFO - [S3-RECOVERY] Stored S3 URL for 6644c736cca9e35dc111a3d2
2026-08-15 17:56:26,363 - INFO - [BULLETPROOF] Success on attempt 1
2026-08-15 17:56:26,363 - INFO - [PARALLEL-DOWNLOAD] Successfully downloaded 6644c736cca9e35dc111a3d2
2026-08-15 17:56:31,693 - INFO - [FETCH] Resume list page 35 retrieved
2026-08-15 17:56:31,694 - INFO - [FETCH-STORE] Page 35: 15 new IDs stored, 0 duplicates skipped
2026-08-15 17:56:36,373 - INFO - [BULLETPROOF] Attempt 1/5
2026-08-15 17:56:39,688 - INFO - [FETCH] Resume list page 36 retrieved
2026-08-15 17:56:39,689 - INFO - [FETCH-STORE] Page 36: 15 new IDs stored, 0 duplicates skipped
2026-08-15 17:56:46,988 - INFO - [DETAIL] S3 URL extracted for 6644c5c3203a982daa6f36e2
2026-08-15 17:56:48,492 - INFO - [DOWNLOAD] Success: SathishKumarRamaraj_PM_docx_OX888X_edu8Le.pdf (169008 bytes) from S3
2026-08-15 17:56:48,492 - INFO - [RESUME-SKIP] Marked 6644c5c3203a982daa6f36e2 as downloaded
2026-08-15 17:56:48,492 - INFO - [S3-RECOVERY] Stored S3 URL for 6644c5c3203a982daa6f36e2
2026-08-15 17:56:48,492 - INFO - [BULLETPROOF] Success on attempt 1
2026-08-15 17:56:48,492 - INFO - [PARALLEL-DOWNLOAD] Successfully downloaded 6644c5c3203a982daa6f36e2
2026-08-15 17:56:53,955 - INFO - [FETCH] Resume list page 37 retrieved
2026-08-15 17:56:53,955 - INFO - [FETCH-STORE] Page 37: 15 new IDs stored, 0 duplicates skipped
2026-08-15 17:56:58,502 - INFO - [BULLETPROOF] Attempt 1/5
2026-08-15 17:57:02,203 - INFO - [FETCH] Resume list page 38 retrieved
2026-08-15 17:57:02,204 - INFO - [FETCH-STORE] Page 38: 15 new IDs stored, 0 duplicates skipped
2026-08-15 17:57:09,415 - INFO - [DETAIL] S3 URL extracted for 6644c26a445c074412007797
2026-08-15 17:57:11,207 - INFO - [DOWNLOAD] Success: Ramesh_Data_Engineer_ETL_DWH_Architect_docx_fL0WJo_SRQKpr.pdf (398629 bytes) from S3
2026-08-15 17:57:11,207 - INFO - [RESUME-SKIP] Marked 6644c26a445c074412007797 as downloaded
2026-08-15 17:57:11,207 - INFO - [S3-RECOVERY] Stored S3 URL for 6644c26a445c074412007797
2026-08-15 17:57:11,208 - INFO - [BULLETPROOF] Success on attempt 1
2026-08-15 17:57:11,208 - INFO - [PARALLEL-DOWNLOAD] Successfully downloaded 6644c26a445c074412007797
2026-08-15 17:57:16,321 - INFO - [FETCH] Resume list page 39 retrieved
2026-08-15 17:57:16,322 - INFO - [FETCH-STORE] Page 39: 15 new IDs stored, 0 duplicates skipped
2026-08-15 17:57:21,218 - INFO - [BULLETPROOF] Attempt 1/5
2026-08-15 17:57:24,503 - INFO - [FETCH] Resume list page 40 retrieved
2026-08-15 17:57:24,504 - INFO - [FETCH-STORE] Page 40: 14 new IDs stored, 0 duplicates skipped
2026-08-15 17:57:31,756 - INFO - [DETAIL] S3 URL extracted for 6644c162e97d9d358c12d553
2026-08-15 17:57:33,252 - INFO - [DOWNLOAD] Success: Rajesh_PHP_Drupal_Developer_docx_Il2lF8_5NIbMb.pdf (331822 bytes) from S3
2026-08-15 17:57:33,253 - INFO - [RESUME-SKIP] Marked 6644c162e97d9d358c12d553 as downloaded
2026-08-15 17:57:33,253 - INFO - [S3-RECOVERY] Stored S3 URL for 6644c162e97d9d358c12d553
2026-08-15 17:57:33,253 - INFO - [BULLETPROOF] Success on attempt 1
2026-08-15 17:57:33,253 - INFO - [PARALLEL-DOWNLOAD] Successfully downloaded 6644c162e97d9d358c12d553
2026-08-15 17:57:38,696 - INFO - [FETCH] Resume list page 41 retrieved
2026-08-15 17:57:38,697 - INFO - [FETCH-STORE] Page 41: 13 new IDs stored, 0 duplicates skipped
2026-08-15 17:57:43,263 - INFO - [BULLETPROOF] Attempt 1/5
2026-08-15 17:57:47,018 - INFO - [FETCH] Resume list page 42 retrieved
2026-08-15 17:57:47,019 - INFO - [FETCH-STORE] Page 42: 14 new IDs stored, 0 duplicates skipped
2026-08-15 17:57:54,285 - INFO - [DETAIL] S3 URL extracted for 6644c05ec1ecdf75ea22b83b
2026-08-15 17:57:55,790 - INFO - [DOWNLOAD] Success: Prateek_Tableau_Developer_docx_xGtfCO_XzHYvV.pdf (181789 bytes) from S3
2026-08-15 17:57:55,790 - INFO - [RESUME-SKIP] Marked 6644c05ec1ecdf75ea22b83b as downloaded
2026-08-15 17:57:55,791 - INFO - [S3-RECOVERY] Stored S3 URL for 6644c05ec1ecdf75ea22b83b
2026-08-15 17:57:55,791 - INFO - [BULLETPROOF] Success on attempt 1
2026-08-15 17:57:55,791 - INFO - [PARALLEL-DOWNLOAD] Successfully downloaded 6644c05ec1ecdf75ea22b83b
2026-08-15 17:58:01,249 - INFO - [FETCH] Resume list page 43 retrieved
2026-08-15 17:58:01,250 - INFO - [FETCH-STORE] Page 43: 14 new IDs stored, 0 duplicates skipped
2026-08-15 17:58:05,801 - INFO - [BULLETPROOF] Attempt 1/5
2026-08-15 17:58:09,445 - INFO - [FETCH] Resume list page 44 retrieved
2026-08-15 17:58:09,445 - INFO - [FETCH-STORE] Page 44: 15 new IDs stored, 0 duplicates skipped
2026-08-15 17:58:16,685 - INFO - [DETAIL] S3 URL extracted for 6644bea7b9ddc864f13de94a
2026-08-15 17:58:18,522 - INFO - [DOWNLOAD] Success: Praneeth_Sr_DevOps_Engineer_1_docx_06sKZg_TGro1J.pdf (486053 bytes) from S3
2026-08-15 17:58:18,522 - INFO - [RESUME-SKIP] Marked 6644bea7b9ddc864f13de94a as downloaded
2026-08-15 17:58:18,523 - INFO - [S3-RECOVERY] Stored S3 URL for 6644bea7b9ddc864f13de94a
2026-08-15 17:58:18,523 - INFO - [BULLETPROOF] Success on attempt 1
2026-08-15 17:58:18,523 - INFO - [PARALLEL-DOWNLOAD] Successfully downloaded 6644bea7b9ddc864f13de94a
2026-08-15 17:58:23,597 - INFO - [FETCH] Resume list page 45 retrieved
2026-08-15 17:58:23,598 - INFO - [FETCH-STORE] Page 45: 15 new IDs stored, 0 duplicates skipped
2026-08-15 17:58:28,533 - INFO - [BULLETPROOF] Attempt 1/5
2026-08-15 17:58:31,851 - INFO - [FETCH] Resume list page 46 retrieved
2026-08-15 17:58:31,852 - INFO - [FETCH-STORE] Page 46: 14 new IDs stored, 0 duplicates skipped
2026-08-15 17:58:39,112 - INFO - [DETAIL] S3 URL extracted for 6644bdad081d2b244e27cad3
2026-08-15 17:58:40,842 - INFO - [DOWNLOAD] Success: Phani_Kumar_Majeti_Scrum_Master_1_docx_tneyKe_XcXCLH.pdf (472128 bytes) from S3
2026-08-15 17:58:40,843 - INFO - [RESUME-SKIP] Marked 6644bdad081d2b244e27cad3 as downloaded
2026-08-15 17:58:40,843 - INFO - [S3-RECOVERY] Stored S3 URL for 6644bdad081d2b244e27cad3
2026-08-15 17:58:40,843 - INFO - [BULLETPROOF] Success on attempt 1
2026-08-15 17:58:40,843 - INFO - [PARALLEL-DOWNLOAD] Successfully downloaded 6644bdad081d2b244e27cad3
2026-08-15 17:58:46,046 - INFO - [FETCH] Resume list page 47 retrieved
2026-08-15 17:58:46,046 - INFO - [FETCH-STORE] Page 47: 15 new IDs stored, 0 duplicates skipped
2026-08-15 17:58:50,853 - INFO - [BULLETPROOF] Attempt 1/5
2026-08-15 17:58:54,203 - INFO - [FETCH] Resume list page 48 retrieved
2026-08-15 17:58:54,204 - INFO - [FETCH-STORE] Page 48: 14 new IDs stored, 0 duplicates skipped
2026-08-15 17:59:01,430 - INFO - [DETAIL] S3 URL extracted for 6644bceb78fc256cba172924
2026-08-15 17:59:02,926 - INFO - [DOWNLOAD] Success: Nivetha_Java_Full_Stack_Developer_docx_yB8CL0_Acr94Q.pdf (115194 bytes) from S3
2026-08-15 17:59:02,926 - INFO - [RESUME-SKIP] Marked 6644bceb78fc256cba172924 as downloaded
2026-08-15 17:59:02,926 - INFO - [S3-RECOVERY] Stored S3 URL for 6644bceb78fc256cba172924
2026-08-15 17:59:02,927 - INFO - [BULLETPROOF] Success on attempt 1
2026-08-15 17:59:02,927 - INFO - [PARALLEL-DOWNLOAD] Successfully downloaded 6644bceb78fc256cba172924
2026-08-15 17:59:08,493 - INFO - [FETCH] Resume list page 49 retrieved
2026-08-15 17:59:08,494 - INFO - [FETCH-STORE] Page 49: 15 new IDs stored, 0 duplicates skipped
2026-08-15 17:59:12,937 - INFO - [BULLETPROOF] Attempt 1/5
2026-08-15 17:59:16,730 - INFO - [FETCH] Resume list page 50 retrieved
2026-08-15 17:59:16,731 - INFO - [FETCH-STORE] Page 50: 14 new IDs stored, 0 duplicates skipped
2026-08-15 17:59:23,971 - INFO - [DETAIL] S3 URL extracted for 6644bad886e89614535dcee2
2026-08-15 17:59:25,933 - INFO - [DOWNLOAD] Success: Nitin_Kumar_Oracle_1_1_docx_5geX3w_sCKYnH.pdf (939238 bytes) from S3
2026-08-15 17:59:25,933 - INFO - [RESUME-SKIP] Marked 6644bad886e89614535dcee2 as downloaded
2026-08-15 17:59:25,934 - INFO - [S3-RECOVERY] Stored S3 URL for 6644bad886e89614535dcee2
2026-08-15 17:59:25,934 - INFO - [BULLETPROOF] Success on attempt 1
2026-08-15 17:59:25,934 - INFO - [PARALLEL-DOWNLOAD] Successfully downloaded 6644bad886e89614535dcee2
2026-08-15 17:59:30,969 - INFO - [FETCH] Resume list page 51 retrieved
2026-08-15 17:59:30,970 - INFO - [FETCH-STORE] Page 51: 15 new IDs stored, 0 duplicates skipped
2026-08-15 17:59:35,944 - INFO - [BULLETPROOF] Attempt 1/5
2026-08-15 17:59:39,277 - INFO - [FETCH] Resume list page 52 retrieved
2026-08-15 17:59:39,278 - INFO - [FETCH-STORE] Page 52: 14 new IDs stored, 0 duplicates skipped
2026-08-15 17:59:46,423 - INFO - [DETAIL] S3 URL extracted for 6644b8d6f6e4020a3f74fc53
2026-08-15 17:59:48,180 - INFO - [DOWNLOAD] Success: Mohit_Shah_Business_Analysis_docx_JmdRiI_tUqL3V.pdf (482537 bytes) from S3
2026-08-15 17:59:48,181 - INFO - [RESUME-SKIP] Marked 6644b8d6f6e4020a3f74fc53 as downloaded
2026-08-15 17:59:48,181 - INFO - [S3-RECOVERY] Stored S3 URL for 6644b8d6f6e4020a3f74fc53
2026-08-15 17:59:48,181 - INFO - [BULLETPROOF] Success on attempt 1
2026-08-15 17:59:48,181 - INFO - [PARALLEL-DOWNLOAD] Successfully downloaded 6644b8d6f6e4020a3f74fc53
2026-08-15 17:59:53,491 - INFO - [FETCH] Resume list page 53 retrieved
2026-08-15 17:59:53,491 - INFO - [FETCH-STORE] Page 53: 13 new IDs stored, 0 duplicates skipped
2026-08-15 17:59:58,191 - INFO - [BULLETPROOF] Attempt 1/5
2026-08-15 18:00:01,747 - INFO - [FETCH] Resume list page 54 retrieved
2026-08-15 18:00:01,748 - INFO - [FETCH-STORE] Page 54: 15 new IDs stored, 0 duplicates skipped
2026-08-15 18:00:08,974 - INFO - [DETAIL] S3 URL extracted for 6644b7724a5e7139ef7ff5f3
2026-08-15 18:00:10,752 - INFO - [DOWNLOAD] Success: Manasa_Kattupalli_Automation_docx_pVX96Y_9u7Kwm.pdf (331306 bytes) from S3
2026-08-15 18:00:10,753 - INFO - [RESUME-SKIP] Marked 6644b7724a5e7139ef7ff5f3 as downloaded
2026-08-15 18:00:10,753 - INFO - [S3-RECOVERY] Stored S3 URL for 6644b7724a5e7139ef7ff5f3
2026-08-15 18:00:10,753 - INFO - [BULLETPROOF] Success on attempt 1
2026-08-15 18:00:10,753 - INFO - [PARALLEL-DOWNLOAD] Successfully downloaded 6644b7724a5e7139ef7ff5f3
2026-08-15 18:00:15,963 - INFO - [FETCH] Resume list page 55 retrieved
2026-08-15 18:00:15,964 - INFO - [FETCH-STORE] Page 55: 15 new IDs stored, 0 duplicates skipped
2026-08-15 18:00:20,763 - INFO - [BULLETPROOF] Attempt 1/5
2026-08-15 18:00:24,316 - INFO - [FETCH] Resume list page 56 retrieved
2026-08-15 18:00:24,317 - INFO - [FETCH-STORE] Page 56: 13 new IDs stored, 0 duplicates skipped
2026-08-15 18:00:29,689 - INFO - [DETAIL] S3 URL extracted for 6644b5ed109d2d5e3f656ebd
2026-08-15 18:00:31,196 - INFO - [DOWNLOAD] Success: Mahesh_SAP_BW_BPC_SAC_docx_5CIdRv_Y1cPou.pdf (133487 bytes) from S3
2026-08-15 18:00:31,197 - INFO - [RESUME-SKIP] Marked 6644b5ed109d2d5e3f656ebd as downloaded
2026-08-15 18:00:31,197 - INFO - [S3-RECOVERY] Stored S3 URL for 6644b5ed109d2d5e3f656ebd
2026-08-15 18:00:31,197 - INFO - [BULLETPROOF] Success on attempt 1
2026-08-15 18:00:31,197 - INFO - [PARALLEL-DOWNLOAD] Successfully downloaded 6644b5ed109d2d5e3f656ebd
2026-08-15 18:00:32,601 - INFO - [FETCH] Resume list page 57 retrieved
2026-08-15 18:00:32,602 - INFO - [FETCH-STORE] Page 57: 15 new IDs stored, 0 duplicates skipped
2026-08-15 18:00:40,800 - INFO - [FETCH] Resume list page 58 retrieved
2026-08-15 18:00:40,801 - INFO - [FETCH-STORE] Page 58: 15 new IDs stored, 0 duplicates skipped
2026-08-15 18:00:41,207 - INFO - [BULLETPROOF] Attempt 1/5
2026-08-15 18:00:49,030 - INFO - [FETCH] Resume list page 59 retrieved
2026-08-15 18:00:49,031 - INFO - [FETCH-STORE] Page 59: 13 new IDs stored, 0 duplicates skipped
2026-08-15 18:00:56,241 - INFO - [DETAIL] S3 URL extracted for 6643d34b49494e54f1271786
2026-08-15 18:00:57,747 - INFO - [DOWNLOAD] Success: Kesava_Rao_FullStack_Resume_docx_1MIgUi_aXdcOL.pdf (257655 bytes) from S3
2026-08-15 18:00:57,747 - INFO - [RESUME-SKIP] Marked 6643d34b49494e54f1271786 as downloaded
2026-08-15 18:00:57,747 - INFO - [S3-RECOVERY] Stored S3 URL for 6643d34b49494e54f1271786
2026-08-15 18:00:57,748 - INFO - [BULLETPROOF] Success on attempt 1
2026-08-15 18:00:57,748 - INFO - [PARALLEL-DOWNLOAD] Successfully downloaded 6643d34b49494e54f1271786
2026-08-15 18:01:03,119 - INFO - [FETCH] Resume list page 60 retrieved
2026-08-15 18:01:03,120 - INFO - [FETCH-STORE] Page 60: 15 new IDs stored, 0 duplicates skipped
2026-08-15 18:01:07,759 - INFO - [BULLETPROOF] Attempt 1/5
2026-08-15 18:01:11,376 - INFO - [FETCH] Resume list page 61 retrieved
2026-08-15 18:01:11,377 - INFO - [FETCH-STORE] Page 61: 14 new IDs stored, 0 duplicates skipped
2026-08-15 18:01:18,521 - INFO - [DETAIL] S3 URL extracted for 6643d206f1bb316d8c23e897
2026-08-15 18:01:20,261 - INFO - [DOWNLOAD] Success: Karthik_Nagavelly_AWS_Devops_Resume_1_docx_wLzAGU_Kc9tqG.pdf (326262 bytes) from S3
2026-08-15 18:01:20,262 - INFO - [RESUME-SKIP] Marked 6643d206f1bb316d8c23e897 as downloaded
2026-08-15 18:01:20,262 - INFO - [S3-RECOVERY] Stored S3 URL for 6643d206f1bb316d8c23e897
2026-08-15 18:01:20,262 - INFO - [BULLETPROOF] Success on attempt 1
2026-08-15 18:01:20,262 - INFO - [PARALLEL-DOWNLOAD] Successfully downloaded 6643d206f1bb316d8c23e897
2026-08-15 18:01:25,363 - INFO - [FETCH] Resume list page 62 retrieved
2026-08-15 18:01:25,364 - INFO - [FETCH-STORE] Page 62: 15 new IDs stored, 0 duplicates skipped
2026-08-15 18:01:30,272 - INFO - [BULLETPROOF] Attempt 1/5
2026-08-15 18:01:33,580 - INFO - [FETCH] Resume list page 63 retrieved
2026-08-15 18:01:33,581 - INFO - [FETCH-STORE] Page 63: 14 new IDs stored, 0 duplicates skipped
2026-08-15 18:01:40,784 - INFO - [DETAIL] S3 URL extracted for 6643d0e9f53f1e2eba021da2
2026-08-15 18:01:43,022 - INFO - [DOWNLOAD] Success: Harish_PM_docx_1h1sZA_itNP2L.pdf (1029921 bytes) from S3
2026-08-15 18:01:43,023 - INFO - [RESUME-SKIP] Marked 6643d0e9f53f1e2eba021da2 as downloaded
2026-08-15 18:01:43,023 - INFO - [S3-RECOVERY] Stored S3 URL for 6643d0e9f53f1e2eba021da2
2026-08-15 18:01:43,024 - INFO - [BULLETPROOF] Success on attempt 1
2026-08-15 18:01:43,024 - INFO - [PARALLEL-DOWNLOAD] Successfully downloaded 6643d0e9f53f1e2eba021da2
2026-08-15 18:01:47,771 - INFO - [FETCH] Resume list page 64 retrieved
2026-08-15 18:01:47,772 - INFO - [FETCH-STORE] Page 64: 13 new IDs stored, 0 duplicates skipped
2026-08-15 18:01:53,034 - INFO - [BULLETPROOF] Attempt 1/5
2026-08-15 18:01:55,950 - INFO - [FETCH] Resume list page 65 retrieved
2026-08-15 18:01:55,951 - INFO - [FETCH-STORE] Page 65: 12 new IDs stored, 0 duplicates skipped
2026-08-15 18:02:03,118 - INFO - [DETAIL] S3 URL extracted for 6643cec053d44675c637e7f4
2026-08-15 18:02:04,620 - INFO - [DOWNLOAD] Success: BharaniP_Salesforce_1_docx_MNgYeo_4deMPU.pdf (323627 bytes) from S3
2026-08-15 18:02:04,621 - INFO - [RESUME-SKIP] Marked 6643cec053d44675c637e7f4 as downloaded
2026-08-15 18:02:04,621 - INFO - [S3-RECOVERY] Stored S3 URL for 6643cec053d44675c637e7f4
2026-08-15 18:02:04,621 - INFO - [BULLETPROOF] Success on attempt 1
2026-08-15 18:02:04,621 - INFO - [PARALLEL-DOWNLOAD] Successfully downloaded 6643cec053d44675c637e7f4
2026-08-15 18:02:10,025 - INFO - [FETCH] Resume list page 66 retrieved
2026-08-15 18:02:10,026 - INFO - [FETCH-STORE] Page 66: 15 new IDs stored, 0 duplicates skipped
2026-08-15 18:02:14,632 - INFO - [BULLETPROOF] Attempt 1/5
2026-08-15 18:02:18,254 - INFO - [FETCH] Resume list page 67 retrieved
2026-08-15 18:02:18,255 - INFO - [FETCH-STORE] Page 67: 15 new IDs stored, 0 duplicates skipped
2026-08-15 18:02:25,463 - INFO - [DETAIL] S3 URL extracted for 6643cd3e6ed12e10a92006b2
2026-08-15 18:02:26,975 - INFO - [DOWNLOAD] Success: Bhanu_Durgam_SDET_Resume_doc_lKUVv8_3r0LH5.pdf (180527 bytes) from S3
2026-08-15 18:02:26,975 - INFO - [RESUME-SKIP] Marked 6643cd3e6ed12e10a92006b2 as downloaded
2026-08-15 18:02:26,975 - INFO - [S3-RECOVERY] Stored S3 URL for 6643cd3e6ed12e10a92006b2
2026-08-15 18:02:26,976 - INFO - [BULLETPROOF] Success on attempt 1
2026-08-15 18:02:26,976 - INFO - [PARALLEL-DOWNLOAD] Successfully downloaded 6643cd3e6ed12e10a92006b2
2026-08-15 18:02:32,428 - INFO - [FETCH] Resume list page 68 retrieved
2026-08-15 18:02:32,429 - INFO - [FETCH-STORE] Page 68: 15 new IDs stored, 0 duplicates skipped
2026-08-15 18:02:36,986 - INFO - [BULLETPROOF] Attempt 1/5
2026-08-15 18:02:40,603 - INFO - [FETCH] Resume list page 69 retrieved
2026-08-15 18:02:40,604 - INFO - [FETCH-STORE] Page 69: 14 new IDs stored, 0 duplicates skipped
2026-08-15 18:02:47,917 - INFO - [DETAIL] S3 URL extracted for 6643bd42fe856d7bac55b3f6
2026-08-15 18:02:49,480 - INFO - [DOWNLOAD] Success: Vipin_SAP_MM_WM_P2P_2_docx_GzGyJu_z9SZOo.pdf (220057 bytes) from S3
2026-08-15 18:02:49,480 - INFO - [RESUME-SKIP] Marked 6643bd42fe856d7bac55b3f6 as downloaded
2026-08-15 18:02:49,480 - INFO - [S3-RECOVERY] Stored S3 URL for 6643bd42fe856d7bac55b3f6
2026-08-15 18:02:49,480 - INFO - [BULLETPROOF] Success on attempt 1
2026-08-15 18:02:49,481 - INFO - [PARALLEL-DOWNLOAD] Successfully downloaded 6643bd42fe856d7bac55b3f6
2026-08-15 18:02:54,862 - INFO - [FETCH] Resume list page 70 retrieved
2026-08-15 18:02:54,862 - INFO - [FETCH-STORE] Page 70: 14 new IDs stored, 0 duplicates skipped
2026-08-15 18:02:59,490 - INFO - [BULLETPROOF] Attempt 1/5
2026-08-15 18:03:03,128 - INFO - [FETCH] Resume list page 71 retrieved
2026-08-15 18:03:03,129 - INFO - [FETCH-STORE] Page 71: 13 new IDs stored, 0 duplicates skipped
2026-08-15 18:03:10,306 - INFO - [DETAIL] S3 URL extracted for 6643bc1b2c6b8467117f65f3
2026-08-15 18:03:11,821 - INFO - [DOWNLOAD] Success: Venkata_Gopi_Somaraju_Resume_1_docx_Z5S8YQ_ywtq3l.pdf (291854 bytes) from S3
2026-08-15 18:03:11,822 - INFO - [RESUME-SKIP] Marked 6643bc1b2c6b8467117f65f3 as downloaded
2026-08-15 18:03:11,822 - INFO - [S3-RECOVERY] Stored S3 URL for 6643bc1b2c6b8467117f65f3
2026-08-15 18:03:11,822 - INFO - [BULLETPROOF] Success on attempt 1
2026-08-15 18:03:11,822 - INFO - [PARALLEL-DOWNLOAD] Successfully downloaded 6643bc1b2c6b8467117f65f3
2026-08-15 18:03:17,270 - INFO - [FETCH] Resume list page 72 retrieved
2026-08-15 18:03:17,271 - INFO - [FETCH-STORE] Page 72: 14 new IDs stored, 0 duplicates skipped
2026-08-15 18:03:21,832 - INFO - [BULLETPROOF] Attempt 1/5
2026-08-15 18:03:25,517 - INFO - [FETCH] Resume list page 73 retrieved
2026-08-15 18:03:25,518 - INFO - [FETCH-STORE] Page 73: 14 new IDs stored, 0 duplicates skipped
2026-08-15 18:03:32,768 - INFO - [DETAIL] S3 URL extracted for 6643baeb0445d92f260c72e6
2026-08-15 18:03:34,309 - INFO - [DOWNLOAD] Success: SaiSindhura_Challa_1_D_docx_p1KZjR_tvgev0.pdf (247741 bytes) from S3
2026-08-15 18:03:34,309 - INFO - [RESUME-SKIP] Marked 6643baeb0445d92f260c72e6 as downloaded
2026-08-15 18:03:34,310 - INFO - [S3-RECOVERY] Stored S3 URL for 6643baeb0445d92f260c72e6
2026-08-15 18:03:34,310 - INFO - [BULLETPROOF] Success on attempt 1
2026-08-15 18:03:34,310 - INFO - [PARALLEL-DOWNLOAD] Successfully downloaded 6643baeb0445d92f260c72e6
2026-08-15 18:03:39,705 - INFO - [FETCH] Resume list page 74 retrieved
2026-08-15 18:03:39,706 - INFO - [FETCH-STORE] Page 74: 15 new IDs stored, 0 duplicates skipped
2026-08-15 18:03:44,320 - INFO - [BULLETPROOF] Attempt 1/5
2026-08-15 18:03:47,773 - INFO - [FETCH] Resume list page 75 retrieved
2026-08-15 18:03:47,774 - INFO - [FETCH-STORE] Page 75: 15 new IDs stored, 0 duplicates skipped
2026-08-15 18:03:54,914 - INFO - [DETAIL] S3 URL extracted for 6643b9eece4b9310145618b5
2026-08-15 18:03:56,418 - INFO - [DOWNLOAD] Success: Naga_Swetha_Data_Engineer_DBT_Snowflake_docx_pmWu2M_GmiR4x.pdf (235882 bytes) from S3
2026-08-15 18:03:56,419 - INFO - [RESUME-SKIP] Marked 6643b9eece4b9310145618b5 as downloaded
2026-08-15 18:03:56,419 - INFO - [S3-RECOVERY] Stored S3 URL for 6643b9eece4b9310145618b5
2026-08-15 18:03:56,419 - INFO - [BULLETPROOF] Success on attempt 1
2026-08-15 18:03:56,420 - INFO - [PARALLEL-DOWNLOAD] Successfully downloaded 6643b9eece4b9310145618b5
2026-08-15 18:04:02,009 - INFO - [FETCH] Resume list page 76 retrieved
2026-08-15 18:04:02,010 - INFO - [FETCH-STORE] Page 76: 15 new IDs stored, 0 duplicates skipped
2026-08-15 18:04:06,431 - INFO - [BULLETPROOF] Attempt 1/5
2026-08-15 18:04:10,207 - INFO - [FETCH] Resume list page 77 retrieved
2026-08-15 18:04:10,208 - INFO - [FETCH-STORE] Page 77: 15 new IDs stored, 0 duplicates skipped
2026-08-15 18:04:17,352 - INFO - [DETAIL] S3 URL extracted for 6643b92d8be4251f7a51b988
2026-08-15 18:04:18,646 - INFO - [DOWNLOAD] Success: Magendran_Sr_UI_UX_Designer_docx_vlMneO_nOZIbs.pdf (147571 bytes) from S3
2026-08-15 18:04:18,646 - INFO - [RESUME-SKIP] Marked 6643b92d8be4251f7a51b988 as downloaded
2026-08-15 18:04:18,646 - INFO - [S3-RECOVERY] Stored S3 URL for 6643b92d8be4251f7a51b988
2026-08-15 18:04:18,646 - INFO - [BULLETPROOF] Success on attempt 1
2026-08-15 18:04:18,647 - INFO - [PARALLEL-DOWNLOAD] Successfully downloaded 6643b92d8be4251f7a51b988
2026-08-15 18:04:24,404 - INFO - [FETCH] Resume list page 78 retrieved
2026-08-15 18:04:24,404 - INFO - [FETCH-STORE] Page 78: 15 new IDs stored, 0 duplicates skipped
2026-08-15 18:04:28,657 - INFO - [BULLETPROOF] Attempt 1/5
2026-08-15 18:04:32,644 - INFO - [FETCH] Resume list page 79 retrieved
2026-08-15 18:04:32,645 - INFO - [FETCH-STORE] Page 79: 15 new IDs stored, 0 duplicates skipped
2026-08-15 18:04:39,754 - INFO - [DETAIL] S3 URL extracted for 6643b81d6b9f542d4c3dd0d2
2026-08-15 18:04:41,237 - INFO - [DOWNLOAD] Success: Devaki_SAP_FICO_FICA_1_docx_Epm1th_oSQDiF.pdf (187490 bytes) from S3
2026-08-15 18:04:41,238 - INFO - [RESUME-SKIP] Marked 6643b81d6b9f542d4c3dd0d2 as downloaded
2026-08-15 18:04:41,238 - INFO - [S3-RECOVERY] Stored S3 URL for 6643b81d6b9f542d4c3dd0d2
2026-08-15 18:04:41,238 - INFO - [BULLETPROOF] Success on attempt 1
2026-08-15 18:04:41,238 - INFO - [PARALLEL-DOWNLOAD] Successfully downloaded 6643b81d6b9f542d4c3dd0d2
2026-08-15 18:04:46,667 - INFO - [FETCH] Resume list page 80 retrieved
2026-08-15 18:04:46,668 - INFO - [FETCH-STORE] Page 80: 14 new IDs stored, 0 duplicates skipped
2026-08-15 18:04:51,249 - INFO - [BULLETPROOF] Attempt 1/5
2026-08-15 18:04:54,984 - INFO - [FETCH] Resume list page 81 retrieved
2026-08-15 18:04:54,985 - INFO - [FETCH-STORE] Page 81: 15 new IDs stored, 0 duplicates skipped
2026-08-15 18:05:02,147 - INFO - [DETAIL] S3 URL extracted for 6643b6fd983d3e3a8c17c099
2026-08-15 18:05:03,640 - INFO - [DOWNLOAD] Success: Bhavya_B_Data_Engineer_1_1_D_docx_rCdD4x_U9FnCP.pdf (197595 bytes) from S3
2026-08-15 18:05:03,641 - INFO - [RESUME-SKIP] Marked 6643b6fd983d3e3a8c17c099 as downloaded
2026-08-15 18:05:03,641 - INFO - [S3-RECOVERY] Stored S3 URL for 6643b6fd983d3e3a8c17c099
2026-08-15 18:05:03,641 - INFO - [BULLETPROOF] Success on attempt 1
2026-08-15 18:05:03,641 - INFO - [PARALLEL-DOWNLOAD] Successfully downloaded 6643b6fd983d3e3a8c17c099
2026-08-15 18:05:09,067 - INFO - [FETCH] Resume list page 82 retrieved
2026-08-15 18:05:09,068 - INFO - [FETCH-STORE] Page 82: 15 new IDs stored, 0 duplicates skipped
2026-08-15 18:05:13,651 - INFO - [BULLETPROOF] Attempt 1/5
2026-08-15 18:05:17,297 - INFO - [FETCH] Resume list page 83 retrieved
2026-08-15 18:05:17,298 - INFO - [FETCH-STORE] Page 83: 14 new IDs stored, 0 duplicates skipped
2026-08-15 18:05:24,480 - INFO - [DETAIL] S3 URL extracted for 6643b4c67e19f0746f66bde2
2026-08-15 18:05:26,249 - INFO - [DOWNLOAD] Success: Aishwarya_wkdy_docx_DEaZU4_XuDB8E.pdf (313012 bytes) from S3
2026-08-15 18:05:26,250 - INFO - [RESUME-SKIP] Marked 6643b4c67e19f0746f66bde2 as downloaded
2026-08-15 18:05:26,250 - INFO - [S3-RECOVERY] Stored S3 URL for 6643b4c67e19f0746f66bde2
2026-08-15 18:05:26,250 - INFO - [BULLETPROOF] Success on attempt 1
2026-08-15 18:05:26,250 - INFO - [PARALLEL-DOWNLOAD] Successfully downloaded 6643b4c67e19f0746f66bde2
2026-08-15 18:05:31,469 - INFO - [FETCH] Resume list page 84 retrieved
2026-08-15 18:05:31,469 - INFO - [FETCH-STORE] Page 84: 14 new IDs stored, 0 duplicates skipped
2026-08-15 18:05:36,260 - INFO - [BULLETPROOF] Attempt 1/5
2026-08-15 18:05:39,650 - INFO - [FETCH] Resume list page 85 retrieved
2026-08-15 18:05:39,651 - INFO - [FETCH-STORE] Page 85: 15 new IDs stored, 0 duplicates skipped
2026-08-15 18:05:46,868 - INFO - [DETAIL] S3 URL extracted for 6643b2c0fad53b63d02ce396
2026-08-15 18:05:48,364 - INFO - [DOWNLOAD] Success: Praveen_Lead_Java_Developer_docx_kbKKo5_dm5Uyj.pdf (175392 bytes) from S3
2026-08-15 18:05:48,364 - INFO - [RESUME-SKIP] Marked 6643b2c0fad53b63d02ce396 as downloaded
2026-08-15 18:05:48,364 - INFO - [S3-RECOVERY] Stored S3 URL for 6643b2c0fad53b63d02ce396
2026-08-15 18:05:48,365 - INFO - [BULLETPROOF] Success on attempt 1
2026-08-15 18:05:48,365 - INFO - [PARALLEL-DOWNLOAD] Successfully downloaded 6643b2c0fad53b63d02ce396
2026-08-15 18:05:53,824 - INFO - [FETCH] Resume list page 86 retrieved
2026-08-15 18:05:53,825 - INFO - [FETCH-STORE] Page 86: 14 new IDs stored, 0 duplicates skipped
2026-08-15 18:05:58,375 - INFO - [BULLETPROOF] Attempt 1/5
2026-08-15 18:06:02,012 - INFO - [FETCH] Resume list page 87 retrieved
2026-08-15 18:06:02,013 - INFO - [FETCH-STORE] Page 87: 14 new IDs stored, 0 duplicates skipped
2026-08-15 18:06:09,298 - INFO - [DETAIL] S3 URL extracted for 6643b1bdbd1d6e2a0d1327b6
2026-08-15 18:06:10,866 - INFO - [DOWNLOAD] Success: Mahesh_Mishra_SAP_MM_PP_WM_docx_O0JSaX_jeMYNg.pdf (292562 bytes) from S3
2026-08-15 18:06:10,866 - INFO - [RESUME-SKIP] Marked 6643b1bdbd1d6e2a0d1327b6 as downloaded
2026-08-15 18:06:10,867 - INFO - [S3-RECOVERY] Stored S3 URL for 6643b1bdbd1d6e2a0d1327b6
2026-08-15 18:06:10,867 - INFO - [BULLETPROOF] Success on attempt 1
2026-08-15 18:06:10,867 - INFO - [PARALLEL-DOWNLOAD] Successfully downloaded 6643b1bdbd1d6e2a0d1327b6
2026-08-15 18:06:16,305 - INFO - [FETCH] Resume list page 88 retrieved
2026-08-15 18:06:16,306 - INFO - [FETCH-STORE] Page 88: 15 new IDs stored, 0 duplicates skipped
2026-08-15 18:06:20,877 - INFO - [BULLETPROOF] Attempt 1/5
2026-08-15 18:06:24,521 - INFO - [FETCH] Resume list page 89 retrieved
2026-08-15 18:06:24,522 - INFO - [FETCH-STORE] Page 89: 14 new IDs stored, 0 duplicates skipped
2026-08-15 18:06:31,653 - INFO - [DETAIL] S3 URL extracted for 6643a95086ab0b02c1759bf4
2026-08-15 18:06:33,159 - INFO - [DOWNLOAD] Success: Shilpa_Salesforce_docx_5IJUYI_o1otoE.pdf (264297 bytes) from S3
2026-08-15 18:06:33,160 - INFO - [RESUME-SKIP] Marked 6643a95086ab0b02c1759bf4 as downloaded
2026-08-15 18:06:33,160 - INFO - [S3-RECOVERY] Stored S3 URL for 6643a95086ab0b02c1759bf4
2026-08-15 18:06:33,160 - INFO - [BULLETPROOF] Success on attempt 1
2026-08-15 18:06:33,161 - INFO - [PARALLEL-DOWNLOAD] Successfully downloaded 6643a95086ab0b02c1759bf4
2026-08-15 18:06:38,536 - INFO - [FETCH] Resume list page 90 retrieved
2026-08-15 18:06:38,537 - INFO - [FETCH-STORE] Page 90: 15 new IDs stored, 0 duplicates skipped
2026-08-15 18:06:43,171 - INFO - [BULLETPROOF] Attempt 1/5
2026-08-15 18:06:46,685 - INFO - [FETCH] Resume list page 91 retrieved
2026-08-15 18:06:46,685 - INFO - [FETCH-STORE] Page 91: 15 new IDs stored, 0 duplicates skipped
2026-08-15 18:06:53,897 - INFO - [DETAIL] S3 URL extracted for 6643a32ad95f2a594d6d2cc3
2026-08-15 18:06:55,449 - INFO - [DOWNLOAD] Success: Madhav_Gadve_iOS_MacOS_developer_docx_YiTcG8_0jL8Xx.pdf (206516 bytes) from S3
2026-08-15 18:06:55,450 - INFO - [RESUME-SKIP] Marked 6643a32ad95f2a594d6d2cc3 as downloaded
2026-08-15 18:06:55,450 - INFO - [S3-RECOVERY] Stored S3 URL for 6643a32ad95f2a594d6d2cc3
2026-08-15 18:06:55,450 - INFO - [BULLETPROOF] Success on attempt 1
2026-08-15 18:06:55,450 - INFO - [PARALLEL-DOWNLOAD] Successfully downloaded 6643a32ad95f2a594d6d2cc3
2026-08-15 18:07:00,845 - INFO - [FETCH] Resume list page 92 retrieved
2026-08-15 18:07:00,846 - INFO - [FETCH-STORE] Page 92: 14 new IDs stored, 0 duplicates skipped
2026-08-15 18:07:05,460 - INFO - [BULLETPROOF] Attempt 1/5
2026-08-15 18:07:09,037 - INFO - [FETCH] Resume list page 93 retrieved
2026-08-15 18:07:09,038 - INFO - [FETCH-STORE] Page 93: 14 new IDs stored, 0 duplicates skipped
2026-08-15 18:07:16,227 - INFO - [DETAIL] S3 URL extracted for 6643a0ed428aee5bc83f092c
2026-08-15 18:07:18,305 - INFO - [DOWNLOAD] Success: Sunder_Oracle_fusion_finance_ERP_Program_Manager_PM_docx_vkSLBr_8y2qwb.pdf (464503 bytes) from S3
2026-08-15 18:07:18,311 - INFO - [RESUME-SKIP] Marked 6643a0ed428aee5bc83f092c as downloaded
2026-08-15 18:07:18,311 - INFO - [S3-RECOVERY] Stored S3 URL for 6643a0ed428aee5bc83f092c
2026-08-15 18:07:18,312 - INFO - [BULLETPROOF] Success on attempt 1
2026-08-15 18:07:18,312 - INFO - [PARALLEL-DOWNLOAD] Successfully downloaded 6643a0ed428aee5bc83f092c
2026-08-15 18:07:23,133 - INFO - [FETCH] Resume list page 94 retrieved
2026-08-15 18:07:23,134 - INFO - [FETCH-STORE] Page 94: 14 new IDs stored, 0 duplicates skipped
2026-08-15 18:07:28,323 - INFO - [BULLETPROOF] Attempt 1/5
2026-08-15 18:07:31,336 - INFO - [FETCH] Resume list page 95 retrieved
2026-08-15 18:07:31,337 - INFO - [FETCH-STORE] Page 95: 14 new IDs stored, 0 duplicates skipped
2026-08-15 18:07:38,528 - INFO - [DETAIL] S3 URL extracted for 66747e4c55b513435074de2d
2026-08-15 18:07:39,559 - INFO - [DOWNLOAD] Success: Shradha_Rauth__U5c8iq_KPrqOd.docx (32895 bytes) from S3
2026-08-15 18:07:39,559 - INFO - [RESUME-SKIP] Marked 66747e4c55b513435074de2d as downloaded
2026-08-15 18:07:39,559 - INFO - [S3-RECOVERY] Stored S3 URL for 66747e4c55b513435074de2d
2026-08-15 18:07:39,559 - INFO - [BULLETPROOF] Success on attempt 1
2026-08-15 18:07:39,560 - INFO - [PARALLEL-DOWNLOAD] Successfully downloaded 66747e4c55b513435074de2d
2026-08-15 18:07:45,512 - INFO - [FETCH] Resume list page 96 retrieved
2026-08-15 18:07:45,513 - INFO - [FETCH-STORE] Page 96: 13 new IDs stored, 0 duplicates skipped
2026-08-15 18:07:49,570 - INFO - [BULLETPROOF] Attempt 1/5
2026-08-15 18:07:53,695 - INFO - [FETCH] Resume list page 97 retrieved
2026-08-15 18:07:53,696 - INFO - [FETCH-STORE] Page 97: 14 new IDs stored, 0 duplicates skipped
2026-08-15 18:08:00,799 - INFO - [DETAIL] S3 URL extracted for 66747d94222d6f231116d7d5
2026-08-15 18:08:01,829 - INFO - [DOWNLOAD] Success: Sai_Preetham_DataAnalyst_qRml9z_HtuJEb.docx (19382 bytes) from S3
2026-08-15 18:08:01,830 - INFO - [RESUME-SKIP] Marked 66747d94222d6f231116d7d5 as downloaded
2026-08-15 18:08:01,830 - INFO - [S3-RECOVERY] Stored S3 URL for 66747d94222d6f231116d7d5
2026-08-15 18:08:01,830 - INFO - [BULLETPROOF] Success on attempt 1
2026-08-15 18:08:01,830 - INFO - [PARALLEL-DOWNLOAD] Successfully downloaded 66747d94222d6f231116d7d5
2026-08-15 18:08:07,795 - INFO - [FETCH] Resume list page 98 retrieved
2026-08-15 18:08:07,796 - INFO - [FETCH-STORE] Page 98: 14 new IDs stored, 0 duplicates skipped
2026-08-15 18:08:11,840 - INFO - [BULLETPROOF] Attempt 1/5
2026-08-15 18:08:15,943 - INFO - [FETCH] Resume list page 99 retrieved
2026-08-15 18:08:15,943 - INFO - [FETCH-STORE] Page 99: 15 new IDs stored, 0 duplicates skipped
2026-08-15 18:08:23,146 - INFO - [DETAIL] S3 URL extracted for 66747b6d903e3471a05e0113
2026-08-15 18:08:24,198 - INFO - [DOWNLOAD] Success: Jaswanth_DevOps_Resume_G2qF80_qgBvgV.docx (41943 bytes) from S3
2026-08-15 18:08:24,199 - INFO - [RESUME-SKIP] Marked 66747b6d903e3471a05e0113 as downloaded
2026-08-15 18:08:24,199 - INFO - [S3-RECOVERY] Stored S3 URL for 66747b6d903e3471a05e0113
2026-08-15 18:08:24,199 - INFO - [BULLETPROOF] Success on attempt 1
2026-08-15 18:08:24,200 - INFO - [PARALLEL-DOWNLOAD] Successfully downloaded 66747b6d903e3471a05e0113
2026-08-15 18:08:29,992 - INFO - [FETCH] Resume list page 100 retrieved
2026-08-15 18:08:29,993 - INFO - [FETCH-STORE] Page 100: 15 new IDs stored, 0 duplicates skipped
2026-08-15 18:08:34,210 - INFO - [BULLETPROOF] Attempt 1/5
2026-08-15 18:08:38,211 - INFO - [FETCH] Resume list page 101 retrieved
2026-08-15 18:08:38,212 - INFO - [FETCH-STORE] Page 101: 15 new IDs stored, 0 duplicates skipped
2026-08-15 18:08:45,374 - INFO - [DETAIL] S3 URL extracted for 667470bf45618e2b39764913
2026-08-15 18:08:46,433 - INFO - [DOWNLOAD] Success: Jawad_Ali_Dot_Net_Updated_0JwKz0_IwGFeY.docx (23466 bytes) from S3
2026-08-15 18:08:46,434 - INFO - [RESUME-SKIP] Marked 667470bf45618e2b39764913 as downloaded
2026-08-15 18:08:46,434 - INFO - [S3-RECOVERY] Stored S3 URL for 667470bf45618e2b39764913
2026-08-15 18:08:46,434 - INFO - [BULLETPROOF] Success on attempt 1
2026-08-15 18:08:46,434 - INFO - [PARALLEL-DOWNLOAD] Successfully downloaded 667470bf45618e2b39764913
2026-08-15 18:08:52,467 - INFO - [FETCH] Resume list page 102 retrieved
2026-08-15 18:08:52,468 - INFO - [FETCH-STORE] Page 102: 15 new IDs stored, 0 duplicates skipped
2026-08-15 18:08:56,445 - INFO - [BULLETPROOF] Attempt 1/5
2026-08-15 18:09:00,681 - INFO - [FETCH] Resume list page 103 retrieved
2026-08-15 18:09:00,682 - INFO - [FETCH-STORE] Page 103: 15 new IDs stored, 0 duplicates skipped
2026-08-15 18:09:07,856 - INFO - [DETAIL] S3 URL extracted for 66746ea7558e7865fb69d916
2026-08-15 18:09:08,878 - INFO - [DOWNLOAD] Success: VinayKumarVadde_PythonDeveloper_B0ViiD_Mtxq5q.docx (30233 bytes) from S3
2026-08-15 18:09:08,878 - INFO - [RESUME-SKIP] Marked 66746ea7558e7865fb69d916 as downloaded
2026-08-15 18:09:08,878 - INFO - [S3-RECOVERY] Stored S3 URL for 66746ea7558e7865fb69d916
2026-08-15 18:09:08,879 - INFO - [BULLETPROOF] Success on attempt 1
2026-08-15 18:09:08,879 - INFO - [PARALLEL-DOWNLOAD] Successfully downloaded 66746ea7558e7865fb69d916
2026-08-15 18:09:14,777 - INFO - [FETCH] Resume list page 104 retrieved
2026-08-15 18:09:14,778 - INFO - [FETCH-STORE] Page 104: 14 new IDs stored, 0 duplicates skipped
2026-08-15 18:09:18,889 - INFO - [BULLETPROOF] Attempt 1/5
2026-08-15 18:09:23,004 - INFO - [FETCH] Resume list page 105 retrieved
2026-08-15 18:09:23,004 - INFO - [FETCH-STORE] Page 105: 15 new IDs stored, 0 duplicates skipped
2026-08-15 18:09:30,155 - INFO - [DETAIL] S3 URL extracted for 66746d74eae21607321a4b45
2026-08-15 18:09:31,177 - INFO - [DOWNLOAD] Success: Charitha_Reddy_Angular_hyoxQc_LIhGev.docx (23899 bytes) from S3
2026-08-15 18:09:31,177 - INFO - [RESUME-SKIP] Marked 66746d74eae21607321a4b45 as downloaded
2026-08-15 18:09:31,177 - INFO - [S3-RECOVERY] Stored S3 URL for 66746d74eae21607321a4b45
2026-08-15 18:09:31,177 - INFO - [BULLETPROOF] Success on attempt 1
2026-08-15 18:09:31,177 - INFO - [PARALLEL-DOWNLOAD] Successfully downloaded 66746d74eae21607321a4b45
2026-08-15 18:09:37,132 - INFO - [FETCH] Resume list page 106 retrieved
2026-08-15 18:09:37,132 - INFO - [FETCH-STORE] Page 106: 15 new IDs stored, 0 duplicates skipped
2026-08-15 18:09:41,187 - INFO - [BULLETPROOF] Attempt 1/5
2026-08-15 18:09:45,378 - INFO - [FETCH] Resume list page 107 retrieved
2026-08-15 18:09:45,378 - INFO - [FETCH-STORE] Page 107: 14 new IDs stored, 0 duplicates skipped
2026-08-15 18:09:52,547 - INFO - [DETAIL] S3 URL extracted for 667466bf45a0a43de43bd973
2026-08-15 18:09:53,320 - INFO - [DOWNLOAD] Success: Resume_Gayathri_Business_Analyst_UepffZ_6XbqW9.docx (14711 bytes) from S3
2026-08-15 18:09:53,320 - INFO - [RESUME-SKIP] Marked 667466bf45a0a43de43bd973 as downloaded
2026-08-15 18:09:53,320 - INFO - [S3-RECOVERY] Stored S3 URL for 667466bf45a0a43de43bd973
2026-08-15 18:09:53,320 - INFO - [BULLETPROOF] Success on attempt 1
2026-08-15 18:09:53,320 - INFO - [PARALLEL-DOWNLOAD] Successfully downloaded 667466bf45a0a43de43bd973
2026-08-15 18:09:59,519 - INFO - [FETCH] Resume list page 108 retrieved
2026-08-15 18:09:59,519 - INFO - [FETCH-STORE] Page 108: 14 new IDs stored, 0 duplicates skipped
2026-08-15 18:10:03,330 - INFO - [BULLETPROOF] Attempt 1/5
2026-08-15 18:10:07,777 - INFO - [FETCH] Resume list page 109 retrieved
2026-08-15 18:10:07,778 - INFO - [FETCH-STORE] Page 109: 15 new IDs stored, 0 duplicates skipped
2026-08-15 18:10:14,891 - INFO - [DETAIL] S3 URL extracted for 6674660864ed681d7f78f7e6
2026-08-15 18:10:15,964 - INFO - [DOWNLOAD] Success: Karunya_DataEngineer_QxlEZ6_iVHn5l.docx (38159 bytes) from S3
2026-08-15 18:10:15,964 - INFO - [RESUME-SKIP] Marked 6674660864ed681d7f78f7e6 as downloaded
2026-08-15 18:10:15,965 - INFO - [S3-RECOVERY] Stored S3 URL for 6674660864ed681d7f78f7e6
2026-08-15 18:10:15,965 - INFO - [BULLETPROOF] Success on attempt 1
2026-08-15 18:10:15,965 - INFO - [PARALLEL-DOWNLOAD] Successfully downloaded 6674660864ed681d7f78f7e6
2026-08-15 18:10:21,854 - INFO - [FETCH] Resume list page 110 retrieved
2026-08-15 18:10:21,855 - INFO - [FETCH-STORE] Page 110: 13 new IDs stored, 0 duplicates skipped
2026-08-15 18:10:25,975 - INFO - [BULLETPROOF] Attempt 1/5
2026-08-15 18:10:30,165 - INFO - [FETCH] Resume list page 111 retrieved
2026-08-15 18:10:30,166 - INFO - [FETCH-STORE] Page 111: 14 new IDs stored, 0 duplicates skipped
2026-08-15 18:10:37,347 - INFO - [DETAIL] S3 URL extracted for 6674625f1a65914db8273114
2026-08-15 18:10:38,372 - INFO - [FETCH] Resume list page 112 retrieved
2026-08-15 18:10:38,373 - INFO - [FETCH-STORE] Page 112: 15 new IDs stored, 0 duplicates skipped
2026-08-15 18:10:38,415 - INFO - [DOWNLOAD] Success: sai_manideep_python_developer_Y6nx78_SnyJSv.docx (41039 bytes) from S3
2026-08-15 18:10:38,416 - INFO - [RESUME-SKIP] Marked 6674625f1a65914db8273114 as downloaded
2026-08-15 18:10:38,416 - INFO - [S3-RECOVERY] Stored S3 URL for 6674625f1a65914db8273114
2026-08-15 18:10:38,416 - INFO - [BULLETPROOF] Success on attempt 1
2026-08-15 18:10:38,416 - INFO - [PARALLEL-DOWNLOAD] Successfully downloaded 6674625f1a65914db8273114
2026-08-15 18:10:46,593 - INFO - [FETCH] Resume list page 113 retrieved
2026-08-15 18:10:46,594 - INFO - [FETCH-STORE] Page 113: 15 new IDs stored, 0 duplicates skipped
2026-08-15 18:10:48,427 - INFO - [BULLETPROOF] Attempt 1/5
2026-08-15 18:10:54,776 - INFO - [FETCH] Resume list page 114 retrieved
2026-08-15 18:10:54,776 - INFO - [FETCH-STORE] Page 114: 15 new IDs stored, 0 duplicates skipped
2026-08-15 18:11:01,981 - INFO - [DETAIL] S3 URL extracted for 65e89d78a911ef715d300f93
2026-08-15 18:11:02,994 - INFO - [DOWNLOAD] Success: Anil_Resume_MSSQL_hRJ8jz_w8foHx.docx (25545 bytes) from S3
2026-08-15 18:11:02,995 - INFO - [RESUME-SKIP] Marked 65e89d78a911ef715d300f93 as downloaded
2026-08-15 18:11:02,995 - INFO - [S3-RECOVERY] Stored S3 URL for 65e89d78a911ef715d300f93
2026-08-15 18:11:02,995 - INFO - [BULLETPROOF] Success on attempt 1
2026-08-15 18:11:02,995 - INFO - [PARALLEL-DOWNLOAD] Successfully downloaded 65e89d78a911ef715d300f93
2026-08-15 18:11:08,878 - INFO - [FETCH] Resume list page 115 retrieved
2026-08-15 18:11:08,879 - INFO - [FETCH-STORE] Page 115: 14 new IDs stored, 0 duplicates skipped
2026-08-15 18:11:13,005 - INFO - [BULLETPROOF] Attempt 1/5
2026-08-15 18:11:17,093 - INFO - [FETCH] Resume list page 116 retrieved
2026-08-15 18:11:17,094 - INFO - [FETCH-STORE] Page 116: 15 new IDs stored, 0 duplicates skipped
2026-08-15 18:11:24,247 - INFO - [DETAIL] S3 URL extracted for 65e89cf4469dd1126c3e9a82
2026-08-15 18:11:25,257 - INFO - [DOWNLOAD] Success: CHIRANJEEVI_BOKKA_Full_stack_Net_pxHNVS_hISYuH.docx (17282 bytes) from S3
2026-08-15 18:11:25,258 - INFO - [RESUME-SKIP] Marked 65e89cf4469dd1126c3e9a82 as downloaded
2026-08-15 18:11:25,258 - INFO - [S3-RECOVERY] Stored S3 URL for 65e89cf4469dd1126c3e9a82
2026-08-15 18:11:25,258 - INFO - [BULLETPROOF] Success on attempt 1
2026-08-15 18:11:25,258 - INFO - [PARALLEL-DOWNLOAD] Successfully downloaded 65e89cf4469dd1126c3e9a82
2026-08-15 18:11:31,159 - INFO - [FETCH] Resume list page 117 retrieved
2026-08-15 18:11:31,159 - INFO - [FETCH-STORE] Page 117: 15 new IDs stored, 0 duplicates skipped
2026-08-15 18:11:35,268 - INFO - [BULLETPROOF] Attempt 1/5
2026-08-15 18:11:39,410 - INFO - [FETCH] Resume list page 118 retrieved
2026-08-15 18:11:39,411 - INFO - [FETCH-STORE] Page 118: 12 new IDs stored, 0 duplicates skipped
2026-08-15 18:11:46,607 - INFO - [DETAIL] S3 URL extracted for 65e89be404f2e676cf5517c2
2026-08-15 18:11:47,374 - INFO - [DOWNLOAD] Success: Ashwini_Solution_Achitech_t9wn37_WZ0ZjK.docx (13276 bytes) from S3
2026-08-15 18:11:47,374 - INFO - [RESUME-SKIP] Marked 65e89be404f2e676cf5517c2 as downloaded
2026-08-15 18:11:47,374 - INFO - [S3-RECOVERY] Stored S3 URL for 65e89be404f2e676cf5517c2
2026-08-15 18:11:47,374 - INFO - [BULLETPROOF] Success on attempt 1
2026-08-15 18:11:47,375 - INFO - [PARALLEL-DOWNLOAD] Successfully downloaded 65e89be404f2e676cf5517c2
2026-08-15 18:11:53,559 - INFO - [FETCH] Resume list page 119 retrieved
2026-08-15 18:11:53,560 - INFO - [FETCH-STORE] Page 119: 15 new IDs stored, 0 duplicates skipped
2026-08-15 18:11:57,385 - INFO - [BULLETPROOF] Attempt 1/5
2026-08-15 18:12:01,712 - INFO - [FETCH] Resume list page 120 retrieved
2026-08-15 18:12:01,713 - INFO - [FETCH-STORE] Page 120: 14 new IDs stored, 0 duplicates skipped
2026-08-15 18:12:08,852 - INFO - [DETAIL] S3 URL extracted for 65e89b368b0b9c1f706393e4
2026-08-15 18:12:09,877 - INFO - [DOWNLOAD] Success: ManjunathaKaliwal_iOS_Developer_QNMhwZ_IZUUxP.docx (16187 bytes) from S3
2026-08-15 18:12:09,878 - INFO - [RESUME-SKIP] Marked 65e89b368b0b9c1f706393e4 as downloaded
2026-08-15 18:12:09,878 - INFO - [S3-RECOVERY] Stored S3 URL for 65e89b368b0b9c1f706393e4
2026-08-15 18:12:09,878 - INFO - [BULLETPROOF] Success on attempt 1
2026-08-15 18:12:09,878 - INFO - [PARALLEL-DOWNLOAD] Successfully downloaded 65e89b368b0b9c1f706393e4
2026-08-15 18:12:15,846 - INFO - [FETCH] Resume list page 121 retrieved
2026-08-15 18:12:15,846 - INFO - [FETCH-STORE] Page 121: 14 new IDs stored, 0 duplicates skipped
2026-08-15 18:12:19,890 - INFO - [BULLETPROOF] Attempt 1/5
2026-08-15 18:12:23,955 - INFO - [FETCH] Resume list page 122 retrieved
2026-08-15 18:12:23,956 - INFO - [FETCH-STORE] Page 122: 15 new IDs stored, 0 duplicates skipped
2026-08-15 18:12:31,131 - INFO - [DETAIL] S3 URL extracted for 65e8984d55d5775c073389a0
2026-08-15 18:12:32,132 - INFO - [DOWNLOAD] Success: Himesh_Reddy_Project_manager_Scrum_Master_NzJAd2_RU57MS.docx (13476 bytes) from S3
2026-08-15 18:12:32,132 - INFO - [RESUME-SKIP] Marked 65e8984d55d5775c073389a0 as downloaded
2026-08-15 18:12:32,133 - INFO - [S3-RECOVERY] Stored S3 URL for 65e8984d55d5775c073389a0
2026-08-15 18:12:32,133 - INFO - [BULLETPROOF] Success on attempt 1
2026-08-15 18:12:32,133 - INFO - [PARALLEL-DOWNLOAD] Successfully downloaded 65e8984d55d5775c073389a0
2026-08-15 18:12:38,033 - INFO - [FETCH] Resume list page 123 retrieved
2026-08-15 18:12:38,034 - INFO - [FETCH-STORE] Page 123: 15 new IDs stored, 0 duplicates skipped
2026-08-15 18:12:42,143 - INFO - [BULLETPROOF] Attempt 1/5
2026-08-15 18:12:46,247 - INFO - [FETCH] Resume list page 124 retrieved
2026-08-15 18:12:46,247 - INFO - [FETCH-STORE] Page 124: 14 new IDs stored, 0 duplicates skipped
2026-08-15 18:12:53,382 - INFO - [DETAIL] S3 URL extracted for 65e8977e5305f4069e739ad2
2026-08-15 18:12:54,174 - INFO - [DOWNLOAD] Success: Dipak_Wagh_Oracle_Agile_PLM_FM8ibw_PgVUOG.docx (13735 bytes) from S3
2026-08-15 18:12:54,174 - INFO - [RESUME-SKIP] Marked 65e8977e5305f4069e739ad2 as downloaded
2026-08-15 18:12:54,175 - INFO - [S3-RECOVERY] Stored S3 URL for 65e8977e5305f4069e739ad2
2026-08-15 18:12:54,175 - INFO - [BULLETPROOF] Success on attempt 1
2026-08-15 18:12:54,175 - INFO - [PARALLEL-DOWNLOAD] Successfully downloaded 65e8977e5305f4069e739ad2
2026-08-15 18:13:00,443 - INFO - [FETCH] Resume list page 125 retrieved
2026-08-15 18:13:00,444 - INFO - [FETCH-STORE] Page 125: 13 new IDs stored, 0 duplicates skipped
2026-08-15 18:13:04,185 - INFO - [BULLETPROOF] Attempt 1/5
2026-08-15 18:13:08,611 - INFO - [FETCH] Resume list page 126 retrieved
2026-08-15 18:13:08,612 - INFO - [FETCH-STORE] Page 126: 15 new IDs stored, 0 duplicates skipped
2026-08-15 18:13:15,795 - INFO - [DETAIL] S3 URL extracted for 65e88946dff55d2c0759da82
2026-08-15 18:13:16,853 - INFO - [DOWNLOAD] Success: Kuldeep_d_Shah_NET_Developer_3EXNdm_HltiMl.docx (16860 bytes) from S3
2026-08-15 18:13:16,853 - INFO - [RESUME-SKIP] Marked 65e88946dff55d2c0759da82 as downloaded
2026-08-15 18:13:16,853 - INFO - [S3-RECOVERY] Stored S3 URL for 65e88946dff55d2c0759da82
2026-08-15 18:13:16,854 - INFO - [BULLETPROOF] Success on attempt 1
2026-08-15 18:13:16,854 - INFO - [PARALLEL-DOWNLOAD] Successfully downloaded 65e88946dff55d2c0759da82
2026-08-15 18:13:22,768 - INFO - [FETCH] Resume list page 127 retrieved
2026-08-15 18:13:22,768 - INFO - [FETCH-STORE] Page 127: 14 new IDs stored, 0 duplicates skipped
2026-08-15 18:13:26,864 - INFO - [BULLETPROOF] Attempt 1/5
2026-08-15 18:13:30,932 - INFO - [FETCH] Resume list page 128 retrieved
2026-08-15 18:13:30,933 - INFO - [FETCH-STORE] Page 128: 14 new IDs stored, 0 duplicates skipped
2026-08-15 18:13:38,248 - INFO - [DETAIL] S3 URL extracted for 65e887d192bca9167b7b9bd5
2026-08-15 18:13:39,285 - INFO - [DOWNLOAD] Success: MAHESH_SAP_WM_hVnasB_fDYYdT.docx (19942 bytes) from S3
2026-08-15 18:13:39,285 - INFO - [RESUME-SKIP] Marked 65e887d192bca9167b7b9bd5 as downloaded
2026-08-15 18:13:39,286 - INFO - [S3-RECOVERY] Stored S3 URL for 65e887d192bca9167b7b9bd5
2026-08-15 18:13:39,286 - INFO - [BULLETPROOF] Success on attempt 1
2026-08-15 18:13:39,286 - INFO - [PARALLEL-DOWNLOAD] Successfully downloaded 65e887d192bca9167b7b9bd5
2026-08-15 18:13:45,173 - INFO - [FETCH] Resume list page 129 retrieved
2026-08-15 18:13:45,174 - INFO - [FETCH-STORE] Page 129: 15 new IDs stored, 0 duplicates skipped
2026-08-15 18:13:49,296 - INFO - [BULLETPROOF] Attempt 1/5
2026-08-15 18:13:53,331 - INFO - [FETCH] Resume list page 130 retrieved
2026-08-15 18:13:53,332 - INFO - [FETCH-STORE] Page 130: 15 new IDs stored, 0 duplicates skipped
2026-08-15 18:14:00,457 - INFO - [DETAIL] S3 URL extracted for 65e885535b7ad14f130ce215
2026-08-15 18:14:01,511 - INFO - [DOWNLOAD] Success: LATHEESH_VEMURI_mulesoft_RKn2GK_5DyODx.docx (17387 bytes) from S3
2026-08-15 18:14:01,512 - INFO - [RESUME-SKIP] Marked 65e885535b7ad14f130ce215 as downloaded
2026-08-15 18:14:01,512 - INFO - [S3-RECOVERY] Stored S3 URL for 65e885535b7ad14f130ce215
2026-08-15 18:14:01,512 - INFO - [BULLETPROOF] Success on attempt 1
2026-08-15 18:14:01,512 - INFO - [PARALLEL-DOWNLOAD] Successfully downloaded 65e885535b7ad14f130ce215
2026-08-15 18:14:07,339 - INFO - [FETCH] Resume list page 131 retrieved
2026-08-15 18:14:07,340 - INFO - [FETCH-STORE] Page 131: 15 new IDs stored, 0 duplicates skipped
2026-08-15 18:14:11,522 - INFO - [BULLETPROOF] Attempt 1/5
2026-08-15 18:14:15,564 - INFO - [FETCH] Resume list page 132 retrieved
2026-08-15 18:14:15,564 - INFO - [FETCH-STORE] Page 132: 15 new IDs stored, 0 duplicates skipped
2026-08-15 18:14:22,794 - INFO - [DETAIL] S3 URL extracted for 65e88329dc14a577681faa6a
2026-08-15 18:14:23,831 - INFO - [DOWNLOAD] Success: Divya_Gayathri_Java_UncBLk_etGKbZ.docx (27993 bytes) from S3
2026-08-15 18:14:23,831 - INFO - [RESUME-SKIP] Marked 65e88329dc14a577681faa6a as downloaded
2026-08-15 18:14:23,831 - INFO - [S3-RECOVERY] Stored S3 URL for 65e88329dc14a577681faa6a
2026-08-15 18:14:23,832 - INFO - [BULLETPROOF] Success on attempt 1
2026-08-15 18:14:23,832 - INFO - [PARALLEL-DOWNLOAD] Successfully downloaded 65e88329dc14a577681faa6a
2026-08-15 18:14:29,751 - INFO - [FETCH] Resume list page 133 retrieved
2026-08-15 18:14:29,752 - INFO - [FETCH-STORE] Page 133: 15 new IDs stored, 0 duplicates skipped
2026-08-15 18:14:33,842 - INFO - [BULLETPROOF] Attempt 1/5
2026-08-15 18:14:37,949 - INFO - [FETCH] Resume list page 134 retrieved
2026-08-15 18:14:37,949 - INFO - [FETCH-STORE] Page 134: 15 new IDs stored, 0 duplicates skipped
2026-08-15 18:14:45,153 - INFO - [DETAIL] S3 URL extracted for 65e8829e035ffc6a474c1cc6
2026-08-15 18:14:46,162 - INFO - [DOWNLOAD] Success: Pranjal_Mahant_Project_Manager_QTUygY_j4siI4.docx (33659 bytes) from S3
2026-08-15 18:14:46,163 - INFO - [RESUME-SKIP] Marked 65e8829e035ffc6a474c1cc6 as downloaded
2026-08-15 18:14:46,163 - INFO - [S3-RECOVERY] Stored S3 URL for 65e8829e035ffc6a474c1cc6
2026-08-15 18:14:46,163 - INFO - [BULLETPROOF] Success on attempt 1
2026-08-15 18:14:46,163 - INFO - [PARALLEL-DOWNLOAD] Successfully downloaded 65e8829e035ffc6a474c1cc6
2026-08-15 18:14:52,096 - INFO - [FETCH] Resume list page 135 retrieved
2026-08-15 18:14:52,096 - INFO - [FETCH-STORE] Page 135: 15 new IDs stored, 0 duplicates skipped
2026-08-15 18:14:56,173 - INFO - [BULLETPROOF] Attempt 1/5
2026-08-15 18:15:00,330 - INFO - [FETCH] Resume list page 136 retrieved
2026-08-15 18:15:00,330 - INFO - [FETCH-STORE] Page 136: 14 new IDs stored, 0 duplicates skipped
2026-08-15 18:15:07,484 - INFO - [DETAIL] S3 URL extracted for 65e881f3035ffc6a474c1cc4
2026-08-15 18:15:08,574 - INFO - [DOWNLOAD] Success: Sowmya_QA_Automation_hIYgJ9_ePzEm8.docx (17319 bytes) from S3
2026-08-15 18:15:08,574 - INFO - [RESUME-SKIP] Marked 65e881f3035ffc6a474c1cc4 as downloaded
2026-08-15 18:15:08,574 - INFO - [S3-RECOVERY] Stored S3 URL for 65e881f3035ffc6a474c1cc4
2026-08-15 18:15:08,574 - INFO - [BULLETPROOF] Success on attempt 1
2026-08-15 18:15:08,575 - INFO - [PARALLEL-DOWNLOAD] Successfully downloaded 65e881f3035ffc6a474c1cc4
2026-08-15 18:15:14,420 - INFO - [FETCH] Resume list page 137 retrieved
2026-08-15 18:15:14,421 - INFO - [FETCH-STORE] Page 137: 14 new IDs stored, 0 duplicates skipped
2026-08-15 18:15:18,585 - INFO - [BULLETPROOF] Attempt 1/5
2026-08-15 18:15:22,577 - INFO - [FETCH] Resume list page 138 retrieved
2026-08-15 18:15:22,577 - INFO - [FETCH-STORE] Page 138: 14 new IDs stored, 0 duplicates skipped
2026-08-15 18:15:29,753 - INFO - [DETAIL] S3 URL extracted for 65e7536cb23baa248e4f17a8
2026-08-15 18:15:30,768 - INFO - [DOWNLOAD] Success: Swath_ETL_QA_Test_Lead_EGFtRB_S6DwZA.docx (24666 bytes) from S3
2026-08-15 18:15:30,769 - INFO - [RESUME-SKIP] Marked 65e7536cb23baa248e4f17a8 as downloaded
2026-08-15 18:15:30,769 - INFO - [S3-RECOVERY] Stored S3 URL for 65e7536cb23baa248e4f17a8
2026-08-15 18:15:30,769 - INFO - [BULLETPROOF] Success on attempt 1
2026-08-15 18:15:30,769 - INFO - [PARALLEL-DOWNLOAD] Successfully downloaded 65e7536cb23baa248e4f17a8
2026-08-15 18:15:36,622 - INFO - [FETCH] Resume list page 139 retrieved
2026-08-15 18:15:36,623 - INFO - [FETCH-STORE] Page 139: 14 new IDs stored, 0 duplicates skipped
2026-08-15 18:15:40,779 - INFO - [BULLETPROOF] Attempt 1/5
2026-08-15 18:15:44,762 - INFO - [FETCH] Resume list page 140 retrieved
2026-08-15 18:15:44,762 - INFO - [FETCH-STORE] Page 140: 15 new IDs stored, 0 duplicates skipped
2026-08-15 18:15:49,691 - INFO - [DETAIL] S3 URL extracted for 65e752097407037d7704b515
2026-08-15 18:15:50,719 - INFO - [DOWNLOAD] Success: Srinivas_MS_SQL_pSdjML_svkhJl.docx (20348 bytes) from S3
2026-08-15 18:15:50,719 - INFO - [RESUME-SKIP] Marked 65e752097407037d7704b515 as downloaded
2026-08-15 18:15:50,719 - INFO - [S3-RECOVERY] Stored S3 URL for 65e752097407037d7704b515
2026-08-15 18:15:50,719 - INFO - [BULLETPROOF] Success on attempt 1
2026-08-15 18:15:50,719 - INFO - [PARALLEL-DOWNLOAD] Successfully downloaded 65e752097407037d7704b515
2026-08-15 18:15:52,958 - INFO - [FETCH] Resume list page 141 retrieved
2026-08-15 18:15:52,959 - INFO - [FETCH-STORE] Page 141: 14 new IDs stored, 0 duplicates skipped
2026-08-15 18:16:00,729 - INFO - [BULLETPROOF] Attempt 1/5
2026-08-15 18:16:01,240 - INFO - [FETCH] Resume list page 142 retrieved
2026-08-15 18:16:01,241 - INFO - [FETCH-STORE] Page 142: 13 new IDs stored, 0 duplicates skipped
2026-08-15 18:16:09,611 - INFO - [DETAIL] S3 URL extracted for 65e74fc0b23baa248e4f17a4
2026-08-15 18:16:10,406 - INFO - [DOWNLOAD] Success: RAJESWARI_NIMMALA_Automation_wcCFVU_fMrbGo.docx (13132 bytes) from S3
2026-08-15 18:16:10,406 - INFO - [RESUME-SKIP] Marked 65e74fc0b23baa248e4f17a4 as downloaded
2026-08-15 18:16:10,407 - INFO - [S3-RECOVERY] Stored S3 URL for 65e74fc0b23baa248e4f17a4
2026-08-15 18:16:10,407 - INFO - [BULLETPROOF] Success on attempt 1
2026-08-15 18:16:10,407 - INFO - [PARALLEL-DOWNLOAD] Successfully downloaded 65e74fc0b23baa248e4f17a4
2026-08-15 18:16:16,584 - INFO - [FETCH] Resume list page 143 retrieved
2026-08-15 18:16:16,585 - INFO - [FETCH-STORE] Page 143: 15 new IDs stored, 0 duplicates skipped
2026-08-15 18:16:20,417 - INFO - [BULLETPROOF] Attempt 1/5
2026-08-15 18:16:24,777 - INFO - [FETCH] Resume list page 144 retrieved
2026-08-15 18:16:24,777 - INFO - [FETCH-STORE] Page 144: 14 new IDs stored, 0 duplicates skipped
2026-08-15 18:16:31,948 - INFO - [DETAIL] S3 URL extracted for 65e74e052e1954722b0a8484
2026-08-15 18:16:33,037 - INFO - [DOWNLOAD] Success: Ramesh_Data_Eng_0eKOeW_TJjdzs.docx (23743 bytes) from S3
2026-08-15 18:16:33,038 - INFO - [RESUME-SKIP] Marked 65e74e052e1954722b0a8484 as downloaded
2026-08-15 18:16:33,038 - INFO - [S3-RECOVERY] Stored S3 URL for 65e74e052e1954722b0a8484
2026-08-15 18:16:33,038 - INFO - [BULLETPROOF] Success on attempt 1
2026-08-15 18:16:33,038 - INFO - [PARALLEL-DOWNLOAD] Successfully downloaded 65e74e052e1954722b0a8484
2026-08-15 18:16:39,035 - INFO - [FETCH] Resume list page 145 retrieved
2026-08-15 18:16:39,036 - INFO - [FETCH-STORE] Page 145: 14 new IDs stored, 0 duplicates skipped
2026-08-15 18:16:43,048 - INFO - [BULLETPROOF] Attempt 1/5
2026-08-15 18:16:47,263 - INFO - [FETCH] Resume list page 146 retrieved
2026-08-15 18:16:47,263 - INFO - [FETCH-STORE] Page 146: 15 new IDs stored, 0 duplicates skipped
2026-08-15 18:16:54,474 - INFO - [DETAIL] S3 URL extracted for 65e7492af3b5a31d0a6c4a93
2026-08-15 18:16:55,510 - INFO - [DOWNLOAD] Success: SAITEJA_SIRIKONDA_Data_Scientist_pJMhRT_8ZBB58.docx (17368 bytes) from S3
2026-08-15 18:16:55,510 - INFO - [RESUME-SKIP] Marked 65e7492af3b5a31d0a6c4a93 as downloaded
2026-08-15 18:16:55,510 - INFO - [S3-RECOVERY] Stored S3 URL for 65e7492af3b5a31d0a6c4a93
2026-08-15 18:16:55,510 - INFO - [BULLETPROOF] Success on attempt 1
2026-08-15 18:16:55,511 - INFO - [PARALLEL-DOWNLOAD] Successfully downloaded 65e7492af3b5a31d0a6c4a93
2026-08-15 18:17:01,500 - INFO - [FETCH] Resume list page 147 retrieved
2026-08-15 18:17:01,501 - INFO - [FETCH-STORE] Page 147: 15 new IDs stored, 0 duplicates skipped
2026-08-15 18:17:05,521 - INFO - [BULLETPROOF] Attempt 1/5
2026-08-15 18:17:09,811 - INFO - [FETCH] Resume list page 148 retrieved
2026-08-15 18:17:09,812 - INFO - [FETCH-STORE] Page 148: 15 new IDs stored, 0 duplicates skipped
2026-08-15 18:17:16,899 - INFO - [DETAIL] S3 URL extracted for 65e61dbd4acbf473c42e2704
2026-08-15 18:17:17,925 - INFO - [DOWNLOAD] Success: Madhuri_Sr_Net_Developer_Resume_kF4osl_ZDOwsq.docx (25050 bytes) from S3
2026-08-15 18:17:17,926 - INFO - [RESUME-SKIP] Marked 65e61dbd4acbf473c42e2704 as downloaded
2026-08-15 18:17:17,926 - INFO - [S3-RECOVERY] Stored S3 URL for 65e61dbd4acbf473c42e2704
2026-08-15 18:17:17,926 - INFO - [BULLETPROOF] Success on attempt 1
2026-08-15 18:17:17,926 - INFO - [PARALLEL-DOWNLOAD] Successfully downloaded 65e61dbd4acbf473c42e2704
2026-08-15 18:17:23,886 - INFO - [FETCH] Resume list page 149 retrieved
2026-08-15 18:17:23,886 - INFO - [FETCH-STORE] Page 149: 15 new IDs stored, 0 duplicates skipped
2026-08-15 18:17:27,936 - INFO - [BULLETPROOF] Attempt 1/5
2026-08-15 18:17:32,078 - INFO - [FETCH] Resume list page 150 retrieved
2026-08-15 18:17:32,079 - INFO - [FETCH-STORE] Page 150: 14 new IDs stored, 0 duplicates skipped
2026-08-15 18:17:39,290 - INFO - [DETAIL] S3 URL extracted for 65e61c7a8977d139163eb5b2
2026-08-15 18:17:40,347 - INFO - [DOWNLOAD] Success: MANOJ_KUMAR_JENA_Test_Architect_msaXLl_eNnLev.docx (19452 bytes) from S3
2026-08-15 18:17:40,348 - INFO - [RESUME-SKIP] Marked 65e61c7a8977d139163eb5b2 as downloaded
2026-08-15 18:17:40,348 - INFO - [S3-RECOVERY] Stored S3 URL for 65e61c7a8977d139163eb5b2
2026-08-15 18:17:40,348 - INFO - [BULLETPROOF] Success on attempt 1
2026-08-15 18:17:40,348 - INFO - [PARALLEL-DOWNLOAD] Successfully downloaded 65e61c7a8977d139163eb5b2
2026-08-15 18:17:46,271 - INFO - [FETCH] Resume list page 151 retrieved
2026-08-15 18:17:46,272 - INFO - [FETCH-STORE] Page 151: 14 new IDs stored, 0 duplicates skipped
2026-08-15 18:17:50,358 - INFO - [BULLETPROOF] Attempt 1/5
2026-08-15 18:17:54,544 - INFO - [FETCH] Resume list page 152 retrieved
2026-08-15 18:17:54,545 - INFO - [FETCH-STORE] Page 152: 15 new IDs stored, 0 duplicates skipped
2026-08-15 18:18:01,695 - INFO - [DETAIL] S3 URL extracted for 65e61b046ad1ab683e4a9824
2026-08-15 18:18:02,729 - INFO - [DOWNLOAD] Success: Navanshu_Data_Engineer_1708719174500_1__6dvuXw_MDA3B3.docx (23708 bytes) from S3
2026-08-15 18:18:02,730 - INFO - [RESUME-SKIP] Marked 65e61b046ad1ab683e4a9824 as downloaded
2026-08-15 18:18:02,730 - INFO - [S3-RECOVERY] Stored S3 URL for 65e61b046ad1ab683e4a9824
2026-08-15 18:18:02,730 - INFO - [BULLETPROOF] Success on attempt 1
2026-08-15 18:18:02,731 - INFO - [PARALLEL-DOWNLOAD] Successfully downloaded 65e61b046ad1ab683e4a9824
2026-08-15 18:18:08,619 - INFO - [FETCH] Resume list page 153 retrieved
2026-08-15 18:18:08,620 - INFO - [FETCH-STORE] Page 153: 15 new IDs stored, 0 duplicates skipped
2026-08-15 18:18:12,741 - INFO - [BULLETPROOF] Attempt 1/5
2026-08-15 18:18:16,924 - INFO - [FETCH] Resume list page 154 retrieved
2026-08-15 18:18:16,925 - INFO - [FETCH-STORE] Page 154: 15 new IDs stored, 0 duplicates skipped
2026-08-15 18:18:24,087 - INFO - [DETAIL] S3 URL extracted for 65e61a3662284809c44db452
2026-08-15 18:18:24,906 - INFO - [DOWNLOAD] Success: Ayushi_Pratihar_Data_Analyst_tSY2bS_BC5zjJ.docx (14786 bytes) from S3
2026-08-15 18:18:24,907 - INFO - [RESUME-SKIP] Marked 65e61a3662284809c44db452 as downloaded
2026-08-15 18:18:24,907 - INFO - [S3-RECOVERY] Stored S3 URL for 65e61a3662284809c44db452
2026-08-15 18:18:24,907 - INFO - [BULLETPROOF] Success on attempt 1
2026-08-15 18:18:24,907 - INFO - [PARALLEL-DOWNLOAD] Successfully downloaded 65e61a3662284809c44db452
2026-08-15 18:18:31,011 - INFO - [FETCH] Resume list page 155 retrieved
2026-08-15 18:18:31,012 - INFO - [FETCH-STORE] Page 155: 14 new IDs stored, 0 duplicates skipped
2026-08-15 18:18:34,917 - INFO - [BULLETPROOF] Attempt 1/5
2026-08-15 18:18:39,246 - INFO - [FETCH] Resume list page 156 retrieved
2026-08-15 18:18:39,246 - INFO - [FETCH-STORE] Page 156: 13 new IDs stored, 0 duplicates skipped
2026-08-15 18:18:46,471 - INFO - [DETAIL] S3 URL extracted for 65e617b50af33a13ab4e0012
2026-08-15 18:18:47,547 - INFO - [DOWNLOAD] Success: Pradeep_Nadella_Updated_XgvwtY_mcuj4v.docx (23285 bytes) from S3
2026-08-15 18:18:47,548 - INFO - [RESUME-SKIP] Marked 65e617b50af33a13ab4e0012 as downloaded
2026-08-15 18:18:47,548 - INFO - [S3-RECOVERY] Stored S3 URL for 65e617b50af33a13ab4e0012
2026-08-15 18:18:47,548 - INFO - [BULLETPROOF] Success on attempt 1
2026-08-15 18:18:47,548 - INFO - [PARALLEL-DOWNLOAD] Successfully downloaded 65e617b50af33a13ab4e0012
2026-08-15 18:18:53,368 - INFO - [FETCH] Resume list page 157 retrieved
2026-08-15 18:18:53,369 - INFO - [FETCH-STORE] Page 157: 15 new IDs stored, 0 duplicates skipped
2026-08-15 18:18:57,558 - INFO - [BULLETPROOF] Attempt 1/5
2026-08-15 18:19:01,641 - INFO - [FETCH] Resume list page 158 retrieved
2026-08-15 18:19:01,641 - INFO - [FETCH-STORE] Page 158: 14 new IDs stored, 0 duplicates skipped
2026-08-15 18:19:08,791 - INFO - [DETAIL] S3 URL extracted for 65e6170db151c030dd67b773
2026-08-15 18:19:09,617 - INFO - [DOWNLOAD] Success: Sainath_Giri_Updated_AzkQZa_GGdBQ6.docx (12671 bytes) from S3
2026-08-15 18:19:09,617 - INFO - [RESUME-SKIP] Marked 65e6170db151c030dd67b773 as downloaded
2026-08-15 18:19:09,618 - INFO - [S3-RECOVERY] Stored S3 URL for 65e6170db151c030dd67b773
2026-08-15 18:19:09,618 - INFO - [BULLETPROOF] Success on attempt 1
2026-08-15 18:19:09,618 - INFO - [PARALLEL-DOWNLOAD] Successfully downloaded 65e6170db151c030dd67b773
2026-08-15 18:19:15,703 - INFO - [FETCH] Resume list page 159 retrieved
2026-08-15 18:19:15,704 - INFO - [FETCH-STORE] Page 159: 15 new IDs stored, 0 duplicates skipped
2026-08-15 18:19:19,628 - INFO - [BULLETPROOF] Attempt 1/5
2026-08-15 18:19:23,919 - INFO - [FETCH] Resume list page 160 retrieved
2026-08-15 18:19:23,920 - INFO - [FETCH-STORE] Page 160: 14 new IDs stored, 0 duplicates skipped
2026-08-15 18:19:31,180 - INFO - [DETAIL] S3 URL extracted for 69b05bb13b46d84c6d04abc9
2026-08-15 18:19:32,265 - INFO - [DOWNLOAD] Success: Amritha_Copy_vPPK1A_Ebq8QD.docx (16352 bytes) from S3
2026-08-15 18:19:32,265 - INFO - [RESUME-SKIP] Marked 69b05bb13b46d84c6d04abc9 as downloaded
2026-08-15 18:19:32,265 - INFO - [S3-RECOVERY] Stored S3 URL for 69b05bb13b46d84c6d04abc9
2026-08-15 18:19:32,266 - INFO - [BULLETPROOF] Success on attempt 1
2026-08-15 18:19:32,266 - INFO - [PARALLEL-DOWNLOAD] Successfully downloaded 69b05bb13b46d84c6d04abc9
2026-08-15 18:19:38,172 - INFO - [FETCH] Resume list page 161 retrieved
2026-08-15 18:19:38,172 - INFO - [FETCH-STORE] Page 161: 15 new IDs stored, 0 duplicates skipped
2026-08-15 18:19:42,276 - INFO - [BULLETPROOF] Attempt 1/5
2026-08-15 18:19:46,233 - INFO - [FETCH] Resume list page 162 retrieved
2026-08-15 18:19:46,233 - INFO - [FETCH-STORE] Page 162: 15 new IDs stored, 0 duplicates skipped
2026-08-15 18:19:53,574 - INFO - [DETAIL] S3 URL extracted for 69a71df5f1a4ee4bbe03a5c2
2026-08-15 18:19:54,628 - INFO - [DOWNLOAD] Success: Vishnu_vardhan_P_Java_Full_Stack_10_Years_V4AbHR_8qf6GU.docx (29139 bytes) from S3
2026-08-15 18:19:54,629 - INFO - [RESUME-SKIP] Marked 69a71df5f1a4ee4bbe03a5c2 as downloaded
2026-08-15 18:19:54,630 - INFO - [S3-RECOVERY] Stored S3 URL for 69a71df5f1a4ee4bbe03a5c2
2026-08-15 18:19:54,630 - INFO - [BULLETPROOF] Success on attempt 1
2026-08-15 18:19:54,630 - INFO - [PARALLEL-DOWNLOAD] Successfully downloaded 69a71df5f1a4ee4bbe03a5c2
2026-08-15 18:20:00,522 - INFO - [FETCH] Resume list page 163 retrieved
2026-08-15 18:20:00,523 - INFO - [FETCH-STORE] Page 163: 13 new IDs stored, 0 duplicates skipped
2026-08-15 18:20:04,650 - INFO - [BULLETPROOF] Attempt 1/5
