2026-08-17 00:51:26,152 - INFO - 
======================================================================
2026-08-17 00:51:26,153 - INFO - [STARTUP] TekJobs Resume Downloader - Requests-based (No Selenium)
2026-08-17 00:51:26,153 - INFO - [STARTUP] HTTP Library: requests
2026-08-17 00:51:26,153 - INFO - [STARTUP] Environment: Hostinger Shared Hosting (Laravel Storage)
2026-08-17 00:51:26,153 - INFO - ======================================================================
2026-08-17 00:51:26,159 - INFO - [INIT] Tracking files initialized
2026-08-17 00:51:26,162 - INFO - [RESUME-SKIP] Loaded 177 previously downloaded IDs
2026-08-17 00:51:26,164 - INFO - [S3-RECOVERY] Loaded 177 S3 URLs
2026-08-17 00:51:26,164 - WARNING - [WARNING] Using hardcoded credentials. Set TEKJOBS_EMAIL and TEKJOBS_PASSWORD environment variables for production
2026-08-17 00:51:26,164 - INFO - [LOGIN] Lazy login mode - authenticate only on 401 error
2026-08-17 00:51:27,166 - INFO - [PARALLEL-DOWNLOAD] Parallel downloader started
2026-08-17 00:51:27,166 - INFO - [PARALLEL-DOWNLOAD] Parallel downloader thread started as daemon
2026-08-17 00:51:27,166 - INFO - [LOGIN] Lazy login mode - downloads starting immediately
2026-08-17 00:51:27,167 - INFO - [BULLETPROOF] Attempt 1/5
2026-08-17 00:51:27,181 - INFO - [FETCH-DEDUP] Loaded 9628 fetched resume IDs for deduplication
2026-08-17 00:51:43,881 - WARNING - [EXTRACT] No S3 URL found (fresh or stored) for 6983ac22806bdffbd70ccb0b
2026-08-17 00:51:43,881 - ERROR - [DOWNLOAD] No S3 URL found for 6983ac22806bdffbd70ccb0b
2026-08-17 00:51:43,893 - INFO - [BULLETPROOF] No S3 URL found for 6983ac22806bdffbd70ccb0b - skipping retries
2026-08-17 00:51:43,894 - WARNING - [PARALLEL-DOWNLOAD] Failed to download 6983ac22806bdffbd70ccb0b after all retries
2026-08-17 00:51:50,920 - INFO - [FETCH] Resume list page 1 retrieved
2026-08-17 00:51:50,928 - INFO - [FETCH-STORE] Page 1: All IDs already fetched, no new data stored
2026-08-17 00:51:53,895 - INFO - [BULLETPROOF] Attempt 1/5
2026-08-17 00:51:57,672 - INFO - [FETCH] Resume list page 2 retrieved
2026-08-17 00:51:57,673 - INFO - [FETCH-STORE] Page 2: All IDs already fetched, no new data stored
2026-08-17 00:52:05,367 - WARNING - [EXTRACT] No S3 URL found (fresh or stored) for 69727d42d656b893310f153b
2026-08-17 00:52:05,367 - ERROR - [DOWNLOAD] No S3 URL found for 69727d42d656b893310f153b
2026-08-17 00:52:05,380 - INFO - [BULLETPROOF] No S3 URL found for 69727d42d656b893310f153b - skipping retries
2026-08-17 00:52:05,380 - WARNING - [PARALLEL-DOWNLOAD] Failed to download 69727d42d656b893310f153b after all retries
2026-08-17 00:52:11,862 - INFO - [FETCH] Resume list page 3 retrieved
2026-08-17 00:52:11,865 - INFO - [FETCH-STORE] Page 3: All IDs already fetched, no new data stored
2026-08-17 00:52:15,381 - INFO - [BULLETPROOF] Attempt 1/5
2026-08-17 00:52:18,595 - INFO - [FETCH] Resume list page 4 retrieved
2026-08-17 00:52:18,596 - INFO - [FETCH-STORE] Page 4: All IDs already fetched, no new data stored
2026-08-17 00:52:26,268 - WARNING - [EXTRACT] No S3 URL found (fresh or stored) for 6983ac22806bdffbd70ccb0b
2026-08-17 00:52:26,268 - ERROR - [DOWNLOAD] No S3 URL found for 6983ac22806bdffbd70ccb0b
2026-08-17 00:52:26,278 - INFO - [BULLETPROOF] No S3 URL found for 6983ac22806bdffbd70ccb0b - skipping retries
2026-08-17 00:52:26,278 - WARNING - [PARALLEL-DOWNLOAD] Failed to download 6983ac22806bdffbd70ccb0b after all retries
2026-08-17 00:52:32,748 - INFO - [FETCH] Resume list page 5 retrieved
2026-08-17 00:52:32,748 - INFO - [FETCH-STORE] Page 5: All IDs already fetched, no new data stored
2026-08-17 00:52:36,279 - INFO - [BULLETPROOF] Attempt 1/5
2026-08-17 00:52:39,522 - INFO - [FETCH] Resume list page 6 retrieved
2026-08-17 00:52:39,523 - INFO - [FETCH-STORE] Page 6: All IDs already fetched, no new data stored
2026-08-17 00:52:47,249 - WARNING - [EXTRACT] No S3 URL found (fresh or stored) for 69665a2422119809c30e879a
2026-08-17 00:52:47,249 - ERROR - [DOWNLOAD] No S3 URL found for 69665a2422119809c30e879a
2026-08-17 00:52:47,258 - INFO - [BULLETPROOF] No S3 URL found for 69665a2422119809c30e879a - skipping retries
2026-08-17 00:52:47,258 - WARNING - [PARALLEL-DOWNLOAD] Failed to download 69665a2422119809c30e879a after all retries
2026-08-17 00:52:53,759 - INFO - [FETCH] Resume list page 7 retrieved
2026-08-17 00:52:53,759 - INFO - [FETCH-STORE] Page 7: All IDs already fetched, no new data stored
2026-08-17 00:52:57,259 - INFO - [BULLETPROOF] Attempt 1/5
2026-08-17 00:53:00,508 - INFO - [FETCH] Resume list page 8 retrieved
2026-08-17 00:53:00,508 - INFO - [FETCH-STORE] Page 8: All IDs already fetched, no new data stored
2026-08-17 00:53:08,323 - WARNING - [EXTRACT] No S3 URL found (fresh or stored) for 69727d42d656b893310f153b
2026-08-17 00:53:08,323 - ERROR - [DOWNLOAD] No S3 URL found for 69727d42d656b893310f153b
2026-08-17 00:53:08,329 - INFO - [BULLETPROOF] No S3 URL found for 69727d42d656b893310f153b - skipping retries
2026-08-17 00:53:08,329 - WARNING - [PARALLEL-DOWNLOAD] Failed to download 69727d42d656b893310f153b after all retries
2026-08-17 00:53:14,885 - INFO - [FETCH] Resume list page 9 retrieved
2026-08-17 00:53:14,885 - INFO - [FETCH-STORE] Page 9: All IDs already fetched, no new data stored
2026-08-17 00:53:18,329 - INFO - [BULLETPROOF] Attempt 1/5
2026-08-17 00:53:21,653 - INFO - [FETCH] Resume list page 10 retrieved
2026-08-17 00:53:21,654 - INFO - [FETCH-STORE] Page 10: All IDs already fetched, no new data stored
