2026-08-17 00:59:14,397 - INFO - 
======================================================================
2026-08-17 00:59:14,398 - INFO - [STARTUP] TekJobs Resume Downloader - Requests-based (No Selenium)
2026-08-17 00:59:14,398 - INFO - [STARTUP] HTTP Library: requests
2026-08-17 00:59:14,398 - INFO - [STARTUP] Environment: Hostinger Shared Hosting (Laravel Storage)
2026-08-17 00:59:14,398 - INFO - ======================================================================
2026-08-17 00:59:14,399 - INFO - [INIT] Tracking files initialized
2026-08-17 00:59:14,400 - INFO - [RESUME-SKIP] Loaded 177 previously downloaded IDs
2026-08-17 00:59:14,401 - INFO - [S3-RECOVERY] Loaded 177 S3 URLs
2026-08-17 00:59:14,401 - WARNING - [WARNING] Using hardcoded credentials. Set TEKJOBS_EMAIL and TEKJOBS_PASSWORD environment variables for production
2026-08-17 00:59:14,402 - INFO - [LOGIN] Lazy login mode - authenticate only on 401 error
2026-08-17 00:59:15,408 - INFO - [PARALLEL-DOWNLOAD] Parallel downloader started
2026-08-17 00:59:15,409 - INFO - [PARALLEL-DOWNLOAD] Parallel downloader thread started as daemon
2026-08-17 00:59:15,409 - INFO - [LOGIN] Lazy login mode - downloads starting immediately
2026-08-17 00:59:15,421 - INFO - [BULLETPROOF] Attempt 1/5
2026-08-17 00:59:15,435 - INFO - [FETCH-DEDUP] Loaded 9628 fetched resume IDs for deduplication
2026-08-17 00:59:31,934 - WARNING - [EXTRACT] No S3 URL found (fresh or stored) for 6983ac22806bdffbd70ccb0b
2026-08-17 00:59:31,935 - ERROR - [DOWNLOAD] No S3 URL found for 6983ac22806bdffbd70ccb0b
2026-08-17 00:59:31,955 - INFO - [BULLETPROOF] No S3 URL found for 6983ac22806bdffbd70ccb0b - skipping retries
2026-08-17 00:59:31,955 - WARNING - [PARALLEL-DOWNLOAD] Failed to download 6983ac22806bdffbd70ccb0b after all retries
2026-08-17 00:59:38,996 - INFO - [FETCH] Resume list page 36 retrieved
2026-08-17 00:59:38,998 - INFO - [FETCH-STORE] Page 36: All IDs already fetched, no new data stored
2026-08-17 00:59:41,957 - INFO - [BULLETPROOF] Attempt 1/5
2026-08-17 00:59:45,884 - INFO - [FETCH] Resume list page 37 retrieved
2026-08-17 00:59:45,886 - INFO - [FETCH-STORE] Page 37: All IDs already fetched, no new data stored
2026-08-17 00:59:53,547 - WARNING - [EXTRACT] No S3 URL found (fresh or stored) for 69727d42d656b893310f153b
2026-08-17 00:59:53,548 - ERROR - [DOWNLOAD] No S3 URL found for 69727d42d656b893310f153b
2026-08-17 00:59:53,571 - INFO - [BULLETPROOF] No S3 URL found for 69727d42d656b893310f153b - skipping retries
2026-08-17 00:59:53,573 - WARNING - [PARALLEL-DOWNLOAD] Failed to download 69727d42d656b893310f153b after all retries
2026-08-17 01:00:00,087 - INFO - [FETCH] Resume list page 38 retrieved
2026-08-17 01:00:00,088 - INFO - [FETCH-STORE] Page 38: All IDs already fetched, no new data stored
2026-08-17 01:00:03,574 - INFO - [BULLETPROOF] Attempt 1/5
2026-08-17 01:00:06,882 - INFO - [FETCH] Resume list page 39 retrieved
2026-08-17 01:00:06,883 - INFO - [FETCH-STORE] Page 39: All IDs already fetched, no new data stored
2026-08-17 01:00:14,626 - WARNING - [EXTRACT] No S3 URL found (fresh or stored) for 6983ac22806bdffbd70ccb0b
2026-08-17 01:00:14,626 - ERROR - [DOWNLOAD] No S3 URL found for 6983ac22806bdffbd70ccb0b
2026-08-17 01:00:14,632 - INFO - [BULLETPROOF] No S3 URL found for 6983ac22806bdffbd70ccb0b - skipping retries
2026-08-17 01:00:14,632 - WARNING - [PARALLEL-DOWNLOAD] Failed to download 6983ac22806bdffbd70ccb0b after all retries
2026-08-17 01:00:21,111 - INFO - [FETCH] Resume list page 40 retrieved
2026-08-17 01:00:21,112 - INFO - [FETCH-STORE] Page 40: All IDs already fetched, no new data stored
2026-08-17 01:00:24,638 - INFO - [BULLETPROOF] Attempt 1/5
2026-08-17 01:00:27,874 - INFO - [FETCH] Resume list page 41 retrieved
2026-08-17 01:00:27,876 - INFO - [FETCH-STORE] Page 41: All IDs already fetched, no new data stored
2026-08-17 01:00:35,600 - WARNING - [EXTRACT] No S3 URL found (fresh or stored) for 69665a2422119809c30e879a
2026-08-17 01:00:35,600 - ERROR - [DOWNLOAD] No S3 URL found for 69665a2422119809c30e879a
2026-08-17 01:00:35,612 - INFO - [BULLETPROOF] No S3 URL found for 69665a2422119809c30e879a - skipping retries
2026-08-17 01:00:35,613 - WARNING - [PARALLEL-DOWNLOAD] Failed to download 69665a2422119809c30e879a after all retries
2026-08-17 01:00:42,168 - INFO - [FETCH] Resume list page 42 retrieved
2026-08-17 01:00:42,170 - INFO - [FETCH-STORE] Page 42: All IDs already fetched, no new data stored
2026-08-17 01:00:45,614 - INFO - [BULLETPROOF] Attempt 1/5
2026-08-17 01:00:48,978 - INFO - [FETCH] Resume list page 43 retrieved
2026-08-17 01:00:48,979 - INFO - [FETCH-STORE] Page 43: All IDs already fetched, no new data stored
2026-08-17 01:00:56,708 - WARNING - [EXTRACT] No S3 URL found (fresh or stored) for 69727d42d656b893310f153b
2026-08-17 01:00:56,708 - ERROR - [DOWNLOAD] No S3 URL found for 69727d42d656b893310f153b
2026-08-17 01:00:56,732 - INFO - [BULLETPROOF] No S3 URL found for 69727d42d656b893310f153b - skipping retries
2026-08-17 01:00:56,732 - WARNING - [PARALLEL-DOWNLOAD] Failed to download 69727d42d656b893310f153b after all retries
2026-08-17 01:01:03,170 - INFO - [FETCH] Resume list page 44 retrieved
2026-08-17 01:01:03,172 - INFO - [FETCH-STORE] Page 44: All IDs already fetched, no new data stored
2026-08-17 01:01:06,734 - INFO - [BULLETPROOF] Attempt 1/5
2026-08-17 01:01:09,946 - INFO - [FETCH] Resume list page 45 retrieved
2026-08-17 01:01:09,947 - INFO - [FETCH-STORE] Page 45: All IDs already fetched, no new data stored
2026-08-17 01:01:17,569 - WARNING - [EXTRACT] No S3 URL found (fresh or stored) for 693b2eef9fe60e44d60b817f
2026-08-17 01:01:17,569 - ERROR - [DOWNLOAD] No S3 URL found for 693b2eef9fe60e44d60b817f
2026-08-17 01:01:17,578 - INFO - [BULLETPROOF] No S3 URL found for 693b2eef9fe60e44d60b817f - skipping retries
2026-08-17 01:01:17,578 - WARNING - [PARALLEL-DOWNLOAD] Failed to download 693b2eef9fe60e44d60b817f after all retries
2026-08-17 01:01:24,089 - INFO - [FETCH] Resume list page 46 retrieved
2026-08-17 01:01:24,090 - INFO - [FETCH-STORE] Page 46: All IDs already fetched, no new data stored
2026-08-17 01:01:27,579 - INFO - [BULLETPROOF] Attempt 1/5
2026-08-17 01:01:30,895 - INFO - [FETCH] Resume list page 47 retrieved
2026-08-17 01:01:30,896 - INFO - [FETCH-STORE] Page 47: All IDs already fetched, no new data stored
2026-08-17 01:01:38,547 - WARNING - [EXTRACT] No S3 URL found (fresh or stored) for 693b06991f5534ad8007e62e
2026-08-17 01:01:38,547 - ERROR - [DOWNLOAD] No S3 URL found for 693b06991f5534ad8007e62e
2026-08-17 01:01:38,558 - INFO - [BULLETPROOF] No S3 URL found for 693b06991f5534ad8007e62e - skipping retries
2026-08-17 01:01:38,558 - WARNING - [PARALLEL-DOWNLOAD] Failed to download 693b06991f5534ad8007e62e after all retries
2026-08-17 01:01:45,083 - INFO - [FETCH] Resume list page 48 retrieved
2026-08-17 01:01:45,088 - INFO - [FETCH-STORE] Page 48: All IDs already fetched, no new data stored
2026-08-17 01:01:48,559 - INFO - [BULLETPROOF] Attempt 1/5
2026-08-17 01:01:53,131 - INFO - [FETCH] Resume list page 49 retrieved
2026-08-17 01:01:53,133 - INFO - [FETCH-STORE] Page 49: All IDs already fetched, no new data stored
2026-08-17 01:01:59,582 - WARNING - [EXTRACT] No S3 URL found (fresh or stored) for 69665a2422119809c30e879a
2026-08-17 01:01:59,583 - ERROR - [DOWNLOAD] No S3 URL found for 69665a2422119809c30e879a
2026-08-17 01:02:06,162 - INFO - [FETCH] Resume list page 50 retrieved
2026-08-17 01:02:06,163 - INFO - [FETCH-STORE] Page 50: All IDs already fetched, no new data stored
2026-08-17 01:02:15,039 - INFO - [FETCH] Resume list page 51 retrieved
2026-08-17 01:02:15,040 - INFO - [FETCH-STORE] Page 51: All IDs already fetched, no new data stored
2026-08-17 01:02:23,436 - INFO - [FETCH] Resume list page 52 retrieved
2026-08-17 01:02:23,438 - INFO - [FETCH-STORE] Page 52: All IDs already fetched, no new data stored
2026-08-17 01:02:29,592 - INFO - [BULLETPROOF] Attempt 2/5
2026-08-17 01:02:30,503 - INFO - [FETCH] Resume list page 53 retrieved
2026-08-17 01:02:30,504 - INFO - [FETCH-STORE] Page 53: All IDs already fetched, no new data stored
2026-08-17 01:02:37,908 - WARNING - [EXTRACT] No S3 URL found (fresh or stored) for 69665a2422119809c30e879a
2026-08-17 01:02:37,909 - ERROR - [DOWNLOAD] No S3 URL found for 69665a2422119809c30e879a
2026-08-17 01:02:44,635 - INFO - [FETCH] Resume list page 54 retrieved
2026-08-17 01:02:44,637 - INFO - [FETCH-STORE] Page 54: All IDs already fetched, no new data stored
2026-08-17 01:02:51,902 - INFO - [FETCH] Resume list page 55 retrieved
2026-08-17 01:02:51,903 - INFO - [FETCH-STORE] Page 55: All IDs already fetched, no new data stored
2026-08-17 01:02:59,073 - INFO - [FETCH] Resume list page 56 retrieved
2026-08-17 01:02:59,075 - INFO - [FETCH-STORE] Page 56: All IDs already fetched, no new data stored
2026-08-17 01:03:06,546 - INFO - [FETCH] Resume list page 57 retrieved
2026-08-17 01:03:06,547 - INFO - [FETCH-STORE] Page 57: All IDs already fetched, no new data stored
2026-08-17 01:03:07,916 - INFO - [BULLETPROOF] Attempt 3/5
2026-08-17 01:03:13,716 - INFO - [FETCH] Resume list page 58 retrieved
2026-08-17 01:03:13,717 - INFO - [FETCH-STORE] Page 58: All IDs already fetched, no new data stored
2026-08-17 01:03:21,092 - WARNING - [EXTRACT] No S3 URL found (fresh or stored) for 69665a2422119809c30e879a
2026-08-17 01:03:21,092 - ERROR - [DOWNLOAD] No S3 URL found for 69665a2422119809c30e879a
2026-08-17 01:03:21,105 - INFO - [BULLETPROOF] No S3 URL found for 69665a2422119809c30e879a - skipping retries
2026-08-17 01:03:21,105 - WARNING - [PARALLEL-DOWNLOAD] Failed to download 69665a2422119809c30e879a after all retries
2026-08-17 01:03:27,950 - INFO - [FETCH] Resume list page 59 retrieved
2026-08-17 01:03:27,952 - INFO - [FETCH-STORE] Page 59: All IDs already fetched, no new data stored
2026-08-17 01:03:31,106 - INFO - [BULLETPROOF] Attempt 1/5
2026-08-17 01:03:35,118 - INFO - [FETCH] Resume list page 60 retrieved
2026-08-17 01:03:35,119 - INFO - [FETCH-STORE] Page 60: All IDs already fetched, no new data stored
2026-08-17 01:03:42,491 - WARNING - [EXTRACT] No S3 URL found (fresh or stored) for 693b2eef9fe60e44d60b817f
2026-08-17 01:03:42,491 - ERROR - [DOWNLOAD] No S3 URL found for 693b2eef9fe60e44d60b817f
2026-08-17 01:03:49,555 - INFO - [FETCH] Resume list page 61 retrieved
2026-08-17 01:03:49,557 - INFO - [FETCH-STORE] Page 61: All IDs already fetched, no new data stored
2026-08-17 01:03:56,724 - INFO - [FETCH] Resume list page 62 retrieved
2026-08-17 01:03:56,725 - INFO - [FETCH-STORE] Page 62: All IDs already fetched, no new data stored
2026-08-17 01:04:03,891 - INFO - [FETCH] Resume list page 63 retrieved
2026-08-17 01:04:03,891 - INFO - [FETCH-STORE] Page 63: All IDs already fetched, no new data stored
2026-08-17 01:04:10,956 - INFO - [FETCH] Resume list page 64 retrieved
2026-08-17 01:04:10,957 - INFO - [FETCH-STORE] Page 64: All IDs already fetched, no new data stored
2026-08-17 01:04:12,496 - INFO - [BULLETPROOF] Attempt 2/5
2026-08-17 01:04:18,023 - INFO - [FETCH] Resume list page 65 retrieved
2026-08-17 01:04:18,025 - INFO - [FETCH-STORE] Page 65: All IDs already fetched, no new data stored
2026-08-17 01:04:24,986 - INFO - [FETCH] Resume list page 66 retrieved
2026-08-17 01:04:24,987 - INFO - [FETCH-STORE] Page 66: All IDs already fetched, no new data stored
2026-08-17 01:04:25,404 - WARNING - [EXTRACT] No S3 URL found (fresh or stored) for 693b2eef9fe60e44d60b817f
2026-08-17 01:04:25,405 - ERROR - [DOWNLOAD] No S3 URL found for 693b2eef9fe60e44d60b817f
2026-08-17 01:04:32,051 - INFO - [FETCH] Resume list page 67 retrieved
2026-08-17 01:04:32,052 - INFO - [FETCH-STORE] Page 67: All IDs already fetched, no new data stored
2026-08-17 01:04:39,120 - INFO - [FETCH] Resume list page 68 retrieved
2026-08-17 01:04:39,121 - INFO - [FETCH-STORE] Page 68: All IDs already fetched, no new data stored
2026-08-17 01:04:46,284 - INFO - [FETCH] Resume list page 69 retrieved
2026-08-17 01:04:46,286 - INFO - [FETCH-STORE] Page 69: All IDs already fetched, no new data stored
2026-08-17 01:04:54,066 - INFO - [FETCH] Resume list page 70 retrieved
2026-08-17 01:04:54,067 - INFO - [FETCH-STORE] Page 70: All IDs already fetched, no new data stored
2026-08-17 01:04:55,418 - INFO - [BULLETPROOF] Attempt 3/5
2026-08-17 01:05:01,237 - INFO - [FETCH] Resume list page 71 retrieved
2026-08-17 01:05:01,237 - INFO - [FETCH-STORE] Page 71: All IDs already fetched, no new data stored
2026-08-17 01:05:08,608 - WARNING - [EXTRACT] No S3 URL found (fresh or stored) for 693b2eef9fe60e44d60b817f
2026-08-17 01:05:08,608 - ERROR - [DOWNLOAD] No S3 URL found for 693b2eef9fe60e44d60b817f
2026-08-17 01:05:15,472 - INFO - [FETCH] Resume list page 72 retrieved
2026-08-17 01:05:15,473 - INFO - [FETCH-STORE] Page 72: All IDs already fetched, no new data stored
2026-08-17 01:05:22,635 - INFO - [FETCH] Resume list page 73 retrieved
2026-08-17 01:05:22,636 - INFO - [FETCH-STORE] Page 73: All IDs already fetched, no new data stored
2026-08-17 01:05:29,905 - INFO - [FETCH] Resume list page 74 retrieved
2026-08-17 01:05:29,905 - INFO - [FETCH-STORE] Page 74: All IDs already fetched, no new data stored
2026-08-17 01:05:36,973 - INFO - [FETCH] Resume list page 75 retrieved
2026-08-17 01:05:36,975 - INFO - [FETCH-STORE] Page 75: All IDs already fetched, no new data stored
2026-08-17 01:05:38,617 - INFO - [BULLETPROOF] Attempt 4/5
2026-08-17 01:05:44,139 - INFO - [FETCH] Resume list page 76 retrieved
2026-08-17 01:05:44,140 - INFO - [FETCH-STORE] Page 76: All IDs already fetched, no new data stored
2026-08-17 01:05:51,445 - WARNING - [EXTRACT] No S3 URL found (fresh or stored) for 693b2eef9fe60e44d60b817f
2026-08-17 01:05:51,446 - ERROR - [DOWNLOAD] No S3 URL found for 693b2eef9fe60e44d60b817f
2026-08-17 01:05:58,272 - INFO - [FETCH] Resume list page 77 retrieved
2026-08-17 01:05:58,273 - INFO - [FETCH-STORE] Page 77: All IDs already fetched, no new data stored
2026-08-17 01:06:05,338 - INFO - [FETCH] Resume list page 78 retrieved
2026-08-17 01:06:05,340 - INFO - [FETCH-STORE] Page 78: All IDs already fetched, no new data stored
2026-08-17 01:06:12,408 - INFO - [FETCH] Resume list page 79 retrieved
2026-08-17 01:06:12,409 - INFO - [FETCH-STORE] Page 79: All IDs already fetched, no new data stored
2026-08-17 01:06:19,469 - INFO - [FETCH] Resume list page 80 retrieved
2026-08-17 01:06:19,470 - INFO - [FETCH-STORE] Page 80: All IDs already fetched, no new data stored
2026-08-17 01:06:21,466 - INFO - [BULLETPROOF] Attempt 5/5
2026-08-17 01:06:26,435 - INFO - [FETCH] Resume list page 81 retrieved
2026-08-17 01:06:26,436 - INFO - [FETCH-STORE] Page 81: All IDs already fetched, no new data stored
2026-08-17 01:06:33,811 - WARNING - [EXTRACT] No S3 URL found (fresh or stored) for 693b2eef9fe60e44d60b817f
2026-08-17 01:06:33,812 - ERROR - [DOWNLOAD] No S3 URL found for 693b2eef9fe60e44d60b817f
2026-08-17 01:06:33,817 - WARNING - [PARALLEL-DOWNLOAD] Failed to download 693b2eef9fe60e44d60b817f after all retries
2026-08-17 01:06:40,669 - INFO - [FETCH] Resume list page 82 retrieved
2026-08-17 01:06:40,670 - INFO - [FETCH-STORE] Page 82: All IDs already fetched, no new data stored
2026-08-17 01:06:43,818 - INFO - [BULLETPROOF] Attempt 1/5
2026-08-17 01:06:47,832 - INFO - [FETCH] Resume list page 83 retrieved
2026-08-17 01:06:47,834 - INFO - [FETCH-STORE] Page 83: All IDs already fetched, no new data stored
2026-08-17 01:06:55,203 - WARNING - [EXTRACT] No S3 URL found (fresh or stored) for 693b06991f5534ad8007e62e
2026-08-17 01:06:55,204 - ERROR - [DOWNLOAD] No S3 URL found for 693b06991f5534ad8007e62e
2026-08-17 01:07:02,061 - INFO - [FETCH] Resume list page 84 retrieved
2026-08-17 01:07:02,062 - INFO - [FETCH-STORE] Page 84: All IDs already fetched, no new data stored
2026-08-17 01:07:09,127 - INFO - [FETCH] Resume list page 85 retrieved
2026-08-17 01:07:09,128 - INFO - [FETCH-STORE] Page 85: All IDs already fetched, no new data stored
2026-08-17 01:07:16,193 - INFO - [FETCH] Resume list page 86 retrieved
2026-08-17 01:07:16,193 - INFO - [FETCH-STORE] Page 86: All IDs already fetched, no new data stored
2026-08-17 01:07:23,361 - INFO - [FETCH] Resume list page 87 retrieved
2026-08-17 01:07:23,361 - INFO - [FETCH-STORE] Page 87: All IDs already fetched, no new data stored
2026-08-17 01:07:25,210 - INFO - [BULLETPROOF] Attempt 2/5
2026-08-17 01:07:30,548 - INFO - [FETCH] Resume list page 88 retrieved
2026-08-17 01:07:30,548 - INFO - [FETCH-STORE] Page 88: All IDs already fetched, no new data stored
2026-08-17 01:07:38,009 - WARNING - [EXTRACT] No S3 URL found (fresh or stored) for 693b06991f5534ad8007e62e
2026-08-17 01:07:38,009 - ERROR - [DOWNLOAD] No S3 URL found for 693b06991f5534ad8007e62e
2026-08-17 01:07:44,766 - INFO - [FETCH] Resume list page 89 retrieved
2026-08-17 01:07:44,767 - INFO - [FETCH-STORE] Page 89: All IDs already fetched, no new data stored
2026-08-17 01:07:51,929 - INFO - [FETCH] Resume list page 90 retrieved
2026-08-17 01:07:51,930 - INFO - [FETCH-STORE] Page 90: All IDs already fetched, no new data stored
2026-08-17 01:07:59,096 - INFO - [FETCH] Resume list page 91 retrieved
2026-08-17 01:07:59,097 - INFO - [FETCH-STORE] Page 91: All IDs already fetched, no new data stored
2026-08-17 01:08:06,177 - INFO - [FETCH] Resume list page 92 retrieved
2026-08-17 01:08:06,179 - INFO - [FETCH-STORE] Page 92: All IDs already fetched, no new data stored
2026-08-17 01:08:08,020 - INFO - [BULLETPROOF] Attempt 3/5
2026-08-17 01:08:13,330 - INFO - [FETCH] Resume list page 93 retrieved
2026-08-17 01:08:13,332 - INFO - [FETCH-STORE] Page 93: All IDs already fetched, no new data stored
2026-08-17 01:08:20,809 - WARNING - [EXTRACT] No S3 URL found (fresh or stored) for 693b06991f5534ad8007e62e
2026-08-17 01:08:20,810 - ERROR - [DOWNLOAD] No S3 URL found for 693b06991f5534ad8007e62e
2026-08-17 01:08:27,461 - INFO - [FETCH] Resume list page 94 retrieved
2026-08-17 01:08:27,463 - INFO - [FETCH-STORE] Page 94: All IDs already fetched, no new data stored
2026-08-17 01:08:34,326 - INFO - [FETCH] Resume list page 95 retrieved
2026-08-17 01:08:34,327 - INFO - [FETCH-STORE] Page 95: All IDs already fetched, no new data stored
2026-08-17 01:08:43,230 - INFO - [FETCH] Resume list page 96 retrieved
2026-08-17 01:08:43,231 - INFO - [FETCH-STORE] Page 96: All IDs already fetched, no new data stored
2026-08-17 01:08:50,297 - INFO - [FETCH] Resume list page 97 retrieved
2026-08-17 01:08:50,298 - INFO - [FETCH-STORE] Page 97: All IDs already fetched, no new data stored
2026-08-17 01:08:50,824 - INFO - [BULLETPROOF] Attempt 4/5
2026-08-17 01:08:57,377 - INFO - [FETCH] Resume list page 98 retrieved
2026-08-17 01:08:57,378 - INFO - [FETCH-STORE] Page 98: All IDs already fetched, no new data stored
2026-08-17 01:09:04,879 - WARNING - [EXTRACT] No S3 URL found (fresh or stored) for 693b06991f5534ad8007e62e
2026-08-17 01:09:04,880 - ERROR - [DOWNLOAD] No S3 URL found for 693b06991f5534ad8007e62e
2026-08-17 01:09:12,004 - INFO - [FETCH] Resume list page 99 retrieved
2026-08-17 01:09:12,005 - INFO - [FETCH-STORE] Page 99: All IDs already fetched, no new data stored
2026-08-17 01:09:21,527 - INFO - [FETCH] Resume list page 100 retrieved
2026-08-17 01:09:21,527 - INFO - [FETCH-STORE] Page 100: All IDs already fetched, no new data stored
2026-08-17 01:09:28,900 - INFO - [FETCH] Resume list page 101 retrieved
2026-08-17 01:09:28,901 - INFO - [FETCH-STORE] Page 101: All IDs already fetched, no new data stored
2026-08-17 01:09:34,896 - INFO - [BULLETPROOF] Attempt 5/5
2026-08-17 01:09:36,069 - INFO - [FETCH] Resume list page 102 retrieved
2026-08-17 01:09:36,070 - INFO - [FETCH-STORE] Page 102: All IDs already fetched, no new data stored
2026-08-17 01:09:43,376 - WARNING - [EXTRACT] No S3 URL found (fresh or stored) for 693b06991f5534ad8007e62e
2026-08-17 01:09:43,376 - ERROR - [DOWNLOAD] No S3 URL found for 693b06991f5534ad8007e62e
2026-08-17 01:09:43,384 - WARNING - [PARALLEL-DOWNLOAD] Failed to download 693b06991f5534ad8007e62e after all retries
2026-08-17 01:09:50,221 - INFO - [FETCH] Resume list page 103 retrieved
2026-08-17 01:09:50,222 - INFO - [FETCH-STORE] Page 103: All IDs already fetched, no new data stored
2026-08-17 01:09:53,385 - INFO - [BULLETPROOF] Attempt 1/5
2026-08-17 01:09:57,369 - INFO - [FETCH] Resume list page 104 retrieved
2026-08-17 01:09:57,371 - INFO - [FETCH-STORE] Page 104: All IDs already fetched, no new data stored
2026-08-17 01:10:04,775 - INFO - [EXTRACT] Fresh S3 URL for 69385d0dad6a3644270c0179 (timestamp: 20260817T011006Z)
2026-08-17 01:10:05,866 - ERROR - [DOWNLOAD] S3 status 400 for 69385d0dad6a3644270c0179
2026-08-17 01:10:11,720 - INFO - [FETCH] Resume list page 105 retrieved
2026-08-17 01:10:11,721 - INFO - [FETCH-STORE] Page 105: All IDs already fetched, no new data stored
2026-08-17 01:10:18,874 - INFO - [FETCH] Resume list page 106 retrieved
2026-08-17 01:10:18,875 - INFO - [FETCH-STORE] Page 106: All IDs already fetched, no new data stored
2026-08-17 01:10:25,939 - INFO - [FETCH] Resume list page 107 retrieved
2026-08-17 01:10:25,939 - INFO - [FETCH-STORE] Page 107: All IDs already fetched, no new data stored
2026-08-17 01:10:33,005 - INFO - [FETCH] Resume list page 108 retrieved
2026-08-17 01:10:33,006 - INFO - [FETCH-STORE] Page 108: All IDs already fetched, no new data stored
2026-08-17 01:10:35,879 - INFO - [BULLETPROOF] Attempt 2/5
2026-08-17 01:10:40,071 - INFO - [FETCH] Resume list page 109 retrieved
2026-08-17 01:10:40,072 - INFO - [FETCH-STORE] Page 109: All IDs already fetched, no new data stored
2026-08-17 01:10:47,459 - INFO - [EXTRACT] Fresh S3 URL for 69385d0dad6a3644270c0179 (timestamp: 20260817T011049Z)
2026-08-17 01:10:48,568 - ERROR - [DOWNLOAD] S3 status 400 for 69385d0dad6a3644270c0179
2026-08-17 01:10:54,212 - INFO - [FETCH] Resume list page 110 retrieved
2026-08-17 01:10:54,213 - INFO - [FETCH-STORE] Page 110: All IDs already fetched, no new data stored
2026-08-17 01:11:01,267 - INFO - [FETCH] Resume list page 111 retrieved
2026-08-17 01:11:01,268 - INFO - [FETCH-STORE] Page 111: All IDs already fetched, no new data stored
2026-08-17 01:11:08,230 - INFO - [FETCH] Resume list page 112 retrieved
2026-08-17 01:11:08,232 - INFO - [FETCH-STORE] Page 112: All IDs already fetched, no new data stored
2026-08-17 01:11:15,399 - INFO - [FETCH] Resume list page 113 retrieved
2026-08-17 01:11:15,400 - INFO - [FETCH-STORE] Page 113: All IDs already fetched, no new data stored
2026-08-17 01:11:18,582 - INFO - [BULLETPROOF] Attempt 3/5
2026-08-17 01:11:22,465 - INFO - [FETCH] Resume list page 114 retrieved
2026-08-17 01:11:22,466 - INFO - [FETCH-STORE] Page 114: All IDs already fetched, no new data stored
2026-08-17 01:11:29,937 - INFO - [EXTRACT] Fresh S3 URL for 69385d0dad6a3644270c0179 (timestamp: 20260817T011131Z)
2026-08-17 01:11:31,063 - ERROR - [DOWNLOAD] S3 status 400 for 69385d0dad6a3644270c0179
2026-08-17 01:11:36,697 - INFO - [FETCH] Resume list page 115 retrieved
2026-08-17 01:11:36,698 - INFO - [FETCH-STORE] Page 115: All IDs already fetched, no new data stored
2026-08-17 01:11:43,764 - INFO - [FETCH] Resume list page 116 retrieved
2026-08-17 01:11:43,764 - INFO - [FETCH-STORE] Page 116: All IDs already fetched, no new data stored
2026-08-17 01:11:50,829 - INFO - [FETCH] Resume list page 117 retrieved
2026-08-17 01:11:50,829 - INFO - [FETCH-STORE] Page 117: All IDs already fetched, no new data stored
2026-08-17 01:11:57,892 - INFO - [FETCH] Resume list page 118 retrieved
2026-08-17 01:11:57,893 - INFO - [FETCH-STORE] Page 118: All IDs already fetched, no new data stored
2026-08-17 01:12:01,073 - INFO - [BULLETPROOF] Attempt 4/5
2026-08-17 01:12:04,957 - INFO - [FETCH] Resume list page 119 retrieved
2026-08-17 01:12:04,958 - INFO - [FETCH-STORE] Page 119: All IDs already fetched, no new data stored
2026-08-17 01:12:12,453 - INFO - [EXTRACT] Fresh S3 URL for 69385d0dad6a3644270c0179 (timestamp: 20260817T011214Z)
2026-08-17 01:12:13,764 - ERROR - [DOWNLOAD] S3 status 400 for 69385d0dad6a3644270c0179
2026-08-17 01:12:19,294 - INFO - [FETCH] Resume list page 120 retrieved
2026-08-17 01:12:19,296 - INFO - [FETCH-STORE] Page 120: All IDs already fetched, no new data stored
2026-08-17 01:12:26,358 - INFO - [FETCH] Resume list page 121 retrieved
2026-08-17 01:12:26,359 - INFO - [FETCH-STORE] Page 121: All IDs already fetched, no new data stored
2026-08-17 01:12:33,424 - INFO - [FETCH] Resume list page 122 retrieved
2026-08-17 01:12:33,425 - INFO - [FETCH-STORE] Page 122: All IDs already fetched, no new data stored
2026-08-17 01:12:40,496 - INFO - [FETCH] Resume list page 123 retrieved
2026-08-17 01:12:40,497 - INFO - [FETCH-STORE] Page 123: All IDs already fetched, no new data stored
2026-08-17 01:12:43,780 - INFO - [BULLETPROOF] Attempt 5/5
2026-08-17 01:12:49,398 - INFO - [FETCH] Resume list page 124 retrieved
2026-08-17 01:12:49,400 - INFO - [FETCH-STORE] Page 124: All IDs already fetched, no new data stored
2026-08-17 01:12:55,033 - INFO - [EXTRACT] Fresh S3 URL for 69385d0dad6a3644270c0179 (timestamp: 20260817T011256Z)
2026-08-17 01:12:56,258 - ERROR - [DOWNLOAD] S3 status 400 for 69385d0dad6a3644270c0179
2026-08-17 01:12:56,268 - WARNING - [PARALLEL-DOWNLOAD] Failed to download 69385d0dad6a3644270c0179 after all retries
2026-08-17 01:13:01,790 - INFO - [FETCH] Resume list page 125 retrieved
2026-08-17 01:13:01,790 - INFO - [FETCH-STORE] Page 125: All IDs already fetched, no new data stored
2026-08-17 01:13:06,269 - INFO - [BULLETPROOF] Attempt 1/5
2026-08-17 01:13:09,060 - INFO - [FETCH] Resume list page 126 retrieved
2026-08-17 01:13:09,061 - INFO - [FETCH-STORE] Page 126: All IDs already fetched, no new data stored
2026-08-17 01:13:16,439 - INFO - [EXTRACT] Fresh S3 URL for 6938472cb6cd091916039333 (timestamp: 20260817T011318Z)
2026-08-17 01:13:17,558 - ERROR - [DOWNLOAD] S3 status 400 for 6938472cb6cd091916039333
2026-08-17 01:13:23,600 - INFO - [FETCH] Resume list page 127 retrieved
2026-08-17 01:13:23,601 - INFO - [FETCH-STORE] Page 127: All IDs already fetched, no new data stored
2026-08-17 01:13:30,669 - INFO - [FETCH] Resume list page 128 retrieved
2026-08-17 01:13:30,670 - INFO - [FETCH-STORE] Page 128: All IDs already fetched, no new data stored
2026-08-17 01:13:37,732 - INFO - [FETCH] Resume list page 129 retrieved
2026-08-17 01:13:37,732 - INFO - [FETCH-STORE] Page 129: All IDs already fetched, no new data stored
2026-08-17 01:13:44,798 - INFO - [FETCH] Resume list page 130 retrieved
2026-08-17 01:13:44,799 - INFO - [FETCH-STORE] Page 130: All IDs already fetched, no new data stored
2026-08-17 01:13:47,569 - INFO - [BULLETPROOF] Attempt 2/5
2026-08-17 01:13:51,863 - INFO - [FETCH] Resume list page 131 retrieved
2026-08-17 01:13:51,865 - INFO - [FETCH-STORE] Page 131: All IDs already fetched, no new data stored
2026-08-17 01:13:59,275 - INFO - [EXTRACT] Fresh S3 URL for 6938472cb6cd091916039333 (timestamp: 20260817T011401Z)
2026-08-17 01:14:00,398 - ERROR - [DOWNLOAD] S3 status 400 for 6938472cb6cd091916039333
2026-08-17 01:14:06,096 - INFO - [FETCH] Resume list page 132 retrieved
2026-08-17 01:14:06,098 - INFO - [FETCH-STORE] Page 132: All IDs already fetched, no new data stored
2026-08-17 01:14:13,264 - INFO - [FETCH] Resume list page 133 retrieved
2026-08-17 01:14:13,264 - INFO - [FETCH-STORE] Page 133: All IDs already fetched, no new data stored
2026-08-17 01:14:20,329 - INFO - [FETCH] Resume list page 134 retrieved
2026-08-17 01:14:20,329 - INFO - [FETCH-STORE] Page 134: All IDs already fetched, no new data stored
2026-08-17 01:14:27,498 - INFO - [FETCH] Resume list page 135 retrieved
2026-08-17 01:14:27,499 - INFO - [FETCH-STORE] Page 135: All IDs already fetched, no new data stored
2026-08-17 01:14:30,413 - INFO - [BULLETPROOF] Attempt 3/5
2026-08-17 01:14:34,667 - INFO - [FETCH] Resume list page 136 retrieved
2026-08-17 01:14:34,668 - INFO - [FETCH-STORE] Page 136: All IDs already fetched, no new data stored
2026-08-17 01:14:38,456 - INFO - [EXTRACT] Fresh S3 URL for 6938472cb6cd091916039333 (timestamp: 20260817T011440Z)
2026-08-17 01:14:39,683 - ERROR - [DOWNLOAD] S3 status 400 for 6938472cb6cd091916039333
2026-08-17 01:14:41,936 - INFO - [FETCH] Resume list page 137 retrieved
2026-08-17 01:14:41,938 - INFO - [FETCH-STORE] Page 137: All IDs already fetched, no new data stored
2026-08-17 01:14:49,104 - INFO - [FETCH] Resume list page 138 retrieved
2026-08-17 01:14:49,105 - INFO - [FETCH-STORE] Page 138: All IDs already fetched, no new data stored
2026-08-17 01:14:56,169 - INFO - [FETCH] Resume list page 139 retrieved
2026-08-17 01:14:56,169 - INFO - [FETCH-STORE] Page 139: All IDs already fetched, no new data stored
2026-08-17 01:15:03,237 - INFO - [FETCH] Resume list page 140 retrieved
2026-08-17 01:15:03,238 - INFO - [FETCH-STORE] Page 140: All IDs already fetched, no new data stored
2026-08-17 01:15:09,692 - INFO - [BULLETPROOF] Attempt 4/5
2026-08-17 01:15:10,404 - INFO - [FETCH] Resume list page 141 retrieved
2026-08-17 01:15:10,405 - INFO - [FETCH-STORE] Page 141: All IDs already fetched, no new data stored
2026-08-17 01:15:17,789 - INFO - [EXTRACT] Fresh S3 URL for 6938472cb6cd091916039333 (timestamp: 20260817T011519Z)
2026-08-17 01:15:18,902 - ERROR - [DOWNLOAD] S3 status 400 for 6938472cb6cd091916039333
2026-08-17 01:15:24,740 - INFO - [FETCH] Resume list page 142 retrieved
2026-08-17 01:15:24,740 - INFO - [FETCH-STORE] Page 142: All IDs already fetched, no new data stored
2026-08-17 01:15:31,906 - INFO - [FETCH] Resume list page 143 retrieved
2026-08-17 01:15:31,907 - INFO - [FETCH-STORE] Page 143: All IDs already fetched, no new data stored
2026-08-17 01:15:38,972 - INFO - [FETCH] Resume list page 144 retrieved
2026-08-17 01:15:38,973 - INFO - [FETCH-STORE] Page 144: All IDs already fetched, no new data stored
2026-08-17 01:15:46,242 - INFO - [FETCH] Resume list page 145 retrieved
2026-08-17 01:15:46,243 - INFO - [FETCH-STORE] Page 145: All IDs already fetched, no new data stored
2026-08-17 01:15:48,954 - INFO - [BULLETPROOF] Attempt 5/5
2026-08-17 01:15:53,314 - INFO - [FETCH] Resume list page 146 retrieved
2026-08-17 01:15:53,315 - INFO - [FETCH-STORE] Page 146: All IDs already fetched, no new data stored
2026-08-17 01:16:00,832 - INFO - [EXTRACT] Fresh S3 URL for 6938472cb6cd091916039333 (timestamp: 20260817T011602Z)
2026-08-17 01:16:02,012 - ERROR - [DOWNLOAD] S3 status 400 for 6938472cb6cd091916039333
2026-08-17 01:16:02,030 - WARNING - [PARALLEL-DOWNLOAD] Failed to download 6938472cb6cd091916039333 after all retries
2026-08-17 01:16:07,652 - INFO - [FETCH] Resume list page 147 retrieved
2026-08-17 01:16:07,653 - INFO - [FETCH-STORE] Page 147: All IDs already fetched, no new data stored
2026-08-17 01:16:12,030 - INFO - [BULLETPROOF] Attempt 1/5
2026-08-17 01:16:15,120 - INFO - [FETCH] Resume list page 148 retrieved
2026-08-17 01:16:15,123 - INFO - [FETCH-STORE] Page 148: All IDs already fetched, no new data stored
2026-08-17 01:16:22,288 - INFO - [EXTRACT] Fresh S3 URL for 69384349b5a5051fd0048dc6 (timestamp: 20260817T011624Z)
2026-08-17 01:16:23,354 - ERROR - [DOWNLOAD] S3 status 400 for 69384349b5a5051fd0048dc6
2026-08-17 01:16:29,048 - INFO - [FETCH] Resume list page 149 retrieved
2026-08-17 01:16:29,049 - INFO - [FETCH-STORE] Page 149: All IDs already fetched, no new data stored
2026-08-17 01:16:36,214 - INFO - [FETCH] Resume list page 150 retrieved
2026-08-17 01:16:36,214 - INFO - [FETCH-STORE] Page 150: All IDs already fetched, no new data stored
2026-08-17 01:16:43,296 - INFO - [FETCH] Resume list page 151 retrieved
2026-08-17 01:16:43,297 - INFO - [FETCH-STORE] Page 151: All IDs already fetched, no new data stored
2026-08-17 01:16:50,751 - INFO - [FETCH] Resume list page 152 retrieved
2026-08-17 01:16:50,752 - INFO - [FETCH-STORE] Page 152: All IDs already fetched, no new data stored
2026-08-17 01:16:53,372 - INFO - [BULLETPROOF] Attempt 2/5
2026-08-17 01:16:58,021 - INFO - [FETCH] Resume list page 153 retrieved
2026-08-17 01:16:58,022 - INFO - [FETCH-STORE] Page 153: All IDs already fetched, no new data stored
2026-08-17 01:17:05,331 - INFO - [EXTRACT] Fresh S3 URL for 69384349b5a5051fd0048dc6 (timestamp: 20260817T011707Z)
2026-08-17 01:17:06,418 - ERROR - [DOWNLOAD] S3 status 400 for 69384349b5a5051fd0048dc6
2026-08-17 01:17:12,256 - INFO - [FETCH] Resume list page 154 retrieved
2026-08-17 01:17:12,258 - INFO - [FETCH-STORE] Page 154: All IDs already fetched, no new data stored
2026-08-17 01:17:19,424 - INFO - [FETCH] Resume list page 155 retrieved
2026-08-17 01:17:19,425 - INFO - [FETCH-STORE] Page 155: All IDs already fetched, no new data stored
2026-08-17 01:17:26,590 - INFO - [FETCH] Resume list page 156 retrieved
2026-08-17 01:17:26,591 - INFO - [FETCH-STORE] Page 156: All IDs already fetched, no new data stored
2026-08-17 01:17:33,656 - INFO - [FETCH] Resume list page 157 retrieved
2026-08-17 01:17:33,657 - INFO - [FETCH-STORE] Page 157: All IDs already fetched, no new data stored
2026-08-17 01:17:36,435 - INFO - [BULLETPROOF] Attempt 3/5
2026-08-17 01:17:40,721 - INFO - [FETCH] Resume list page 158 retrieved
2026-08-17 01:17:40,723 - INFO - [FETCH-STORE] Page 158: All IDs already fetched, no new data stored
2026-08-17 01:17:48,096 - INFO - [EXTRACT] Fresh S3 URL for 69384349b5a5051fd0048dc6 (timestamp: 20260817T011749Z)
2026-08-17 01:17:49,322 - ERROR - [DOWNLOAD] S3 status 400 for 69384349b5a5051fd0048dc6
2026-08-17 01:17:54,954 - INFO - [FETCH] Resume list page 159 retrieved
2026-08-17 01:17:54,955 - INFO - [FETCH-STORE] Page 159: All IDs already fetched, no new data stored
2026-08-17 01:18:01,931 - INFO - [FETCH] Resume list page 160 retrieved
2026-08-17 01:18:01,932 - INFO - [FETCH-STORE] Page 160: All IDs already fetched, no new data stored
2026-08-17 01:18:08,993 - INFO - [FETCH] Resume list page 161 retrieved
2026-08-17 01:18:08,994 - INFO - [FETCH-STORE] Page 161: All IDs already fetched, no new data stored
2026-08-17 01:18:16,050 - INFO - [FETCH] Resume list page 162 retrieved
2026-08-17 01:18:16,051 - INFO - [FETCH-STORE] Page 162: All IDs already fetched, no new data stored
2026-08-17 01:18:19,329 - INFO - [BULLETPROOF] Attempt 4/5
2026-08-17 01:18:23,115 - INFO - [FETCH] Resume list page 163 retrieved
2026-08-17 01:18:23,116 - INFO - [FETCH-STORE] Page 163: All IDs already fetched, no new data stored
2026-08-17 01:18:30,516 - INFO - [EXTRACT] Fresh S3 URL for 69384349b5a5051fd0048dc6 (timestamp: 20260817T011832Z)
2026-08-17 01:18:31,614 - ERROR - [DOWNLOAD] S3 status 400 for 69384349b5a5051fd0048dc6
2026-08-17 01:18:37,260 - INFO - [FETCH] Resume list page 164 retrieved
2026-08-17 01:18:37,261 - INFO - [FETCH-STORE] Page 164: All IDs already fetched, no new data stored
