2026-08-18 14:14:30,023 - INFO - 
======================================================================
2026-08-18 14:14:30,023 - INFO - [STARTUP] TekJobs Resume Downloader - Requests-based (No Selenium)
2026-08-18 14:14:30,024 - INFO - [STARTUP] HTTP Library: requests
2026-08-18 14:14:30,024 - INFO - [STARTUP] Environment: Hostinger Shared Hosting (Laravel Storage)
2026-08-18 14:14:30,024 - INFO - ======================================================================
2026-08-18 14:14:30,025 - INFO - [INIT] Tracking files initialized
2026-08-18 14:14:30,029 - INFO - [RESUME-SKIP] Loaded 8492 previously downloaded IDs
2026-08-18 14:14:30,094 - INFO - [S3-RECOVERY] Loaded 8492 S3 URLs
2026-08-18 14:14:30,094 - WARNING - [WARNING] Using hardcoded credentials. Set TEKJOBS_EMAIL and TEKJOBS_PASSWORD environment variables for production
2026-08-18 14:14:30,094 - INFO - [LOGIN] Lazy login mode - authenticate only on 401 error
2026-08-18 14:14:31,097 - INFO - [PARALLEL-DOWNLOAD] Parallel downloader started
2026-08-18 14:14:31,097 - INFO - [PARALLEL-DOWNLOAD] Parallel downloader thread started as daemon
2026-08-18 14:14:31,097 - INFO - [LOGIN] Lazy login mode - downloads starting immediately
2026-08-18 14:14:31,099 - INFO - [BULLETPROOF] Attempt 1/5
2026-08-18 14:14:31,106 - INFO - [FETCH-DEDUP] Loaded 9628 fetched resume IDs for deduplication
2026-08-18 14:14:47,246 - WARNING - [EXTRACT] No S3 URL found (fresh or stored) for 6983ac22806bdffbd70ccb0b
2026-08-18 14:14:47,246 - ERROR - [DOWNLOAD] No S3 URL found for 6983ac22806bdffbd70ccb0b
2026-08-18 14:14:47,278 - INFO - [BULLETPROOF] No S3 URL found for 6983ac22806bdffbd70ccb0b - skipping retries
2026-08-18 14:14:47,279 - WARNING - [PARALLEL-DOWNLOAD] Failed to download 6983ac22806bdffbd70ccb0b after all retries
2026-08-18 14:14:54,250 - INFO - [FETCH] Resume list page 666 retrieved
2026-08-18 14:14:54,252 - INFO - [FETCH-STORE] Page 666: All IDs already fetched, no new data stored
2026-08-18 14:14:57,279 - INFO - [BULLETPROOF] Attempt 1/5
2026-08-18 14:15:00,883 - INFO - [FETCH] Resume list page 667 retrieved
2026-08-18 14:15:00,885 - INFO - [PAGINATION] Total pages: 2, Total resumes: 15
2026-08-18 14:15:00,888 - INFO - [STORAGE] Using Laravel storage folder
2026-08-18 14:15:00,888 - INFO - [RESUME-SKIP] Skipped 67a11b01ec37d55c002bfa73 (already downloaded)
2026-08-18 14:15:00,888 - INFO - [RESUME-SKIP] Skipped 67a119fd51b41c0b0656a1e5 (already downloaded)
2026-08-18 14:15:00,889 - INFO - [RESUME-SKIP] Skipped 67a119d5cb386e211d6acb53 (already downloaded)
2026-08-18 14:15:00,889 - INFO - [RESUME-SKIP] Skipped 67a11967852e06212a510c59 (already downloaded)
2026-08-18 14:15:00,889 - INFO - [RESUME-SKIP] Skipped 67a1194d187a36653109e683 (already downloaded)
2026-08-18 14:15:00,889 - INFO - [RESUME-SKIP] Skipped 67a11885f06782696377bf73 (already downloaded)
2026-08-18 14:15:00,890 - INFO - [RESUME-SKIP] Skipped 67a117eb31ed79578e65eaa3 (already downloaded)
2026-08-18 14:15:00,890 - INFO - [RESUME-SKIP] Skipped 67a117a49e165a67a36f7b64 (already downloaded)
2026-08-18 14:15:00,890 - INFO - [RESUME-SKIP] Skipped 67a117698eb0773e0a440b45 (already downloaded)
2026-08-18 14:15:00,890 - INFO - [RESUME-SKIP] Skipped 67a1172e46adf866b51c6314 (already downloaded)
2026-08-18 14:15:00,890 - INFO - [RESUME-SKIP] Skipped 67a116a8c9bdd553e7079432 (already downloaded)
2026-08-18 14:15:00,891 - INFO - [RESUME-SKIP] Skipped 67a116051f3be06d055e7574 (already downloaded)
2026-08-18 14:15:00,891 - INFO - [RESUME-SKIP] Skipped 67a114e1c96daf3549109966 (already downloaded)
2026-08-18 14:15:00,891 - INFO - [RESUME-SKIP] Skipped 67a1144a28f39c14a13fdf53 (already downloaded)
2026-08-18 14:15:00,891 - INFO - [RESUME-SKIP] Skipped 67a113f0fe73ac07a35def94 (already downloaded)
2026-08-18 14:15:01,131 - INFO - [S3-RECOVERY] All files present, no recovery needed
2026-08-18 14:15:01,131 - INFO - [COMPLETE] Downloads - Skipped: 15, Successful: 0, Failed: 0, Total: 0
2026-08-18 14:15:01,131 - INFO - [S3-RECOVERY] Recovery - Recovered: 0, Failed: 0
2026-08-18 14:15:01,131 - INFO - [TRACKING] Resume links saved to: C:\xampp\htdocs\jobstek\storage\logs\resume_downloader\resume_links_20260818_194430.txt
2026-08-18 14:15:01,132 - INFO - [TRACKING] Errors tracked in: C:\xampp\htdocs\jobstek\storage\logs\resume_downloader\error_tracking_20260818_194430.txt
2026-08-18 14:15:01,132 - INFO - [TRACKING] Downloaded tracker saved to: C:\xampp\htdocs\jobstek\storage\resumes\downloaded_resumes.txt
2026-08-18 14:15:01,132 - INFO - [TRACKING] S3 URLs tracker saved to: C:\xampp\htdocs\jobstek\storage\resumes\resume_s3_urls.txt
2026-08-18 14:15:01,135 - INFO - [CRON-HEALTH] Cron heartbeat created (IST)
